Archive member included to satisfy reference by file (symbol)

C:/ST/STM32CubeCLT_1.16.0/GNU-tools-for-STM32/bin/../lib/gcc/arm-none-eabi/12.3.1/thumb/v7e-m/nofp\libgcc.a(_arm_mulsf3.o)
                              CMakeFiles/testcode.elf.dir/Core/Src/PID.cpp.obj (__aeabi_fmul)
C:/ST/STM32CubeCLT_1.16.0/GNU-tools-for-STM32/bin/../lib/gcc/arm-none-eabi/12.3.1/thumb/v7e-m/nofp\libgcc.a(_arm_addsubsf3.o)
                              CMakeFiles/testcode.elf.dir/Core/Src/PID.cpp.obj (__aeabi_fsub)
C:/ST/STM32CubeCLT_1.16.0/GNU-tools-for-STM32/bin/../lib/gcc/arm-none-eabi/12.3.1/thumb/v7e-m/nofp\libgcc.a(_arm_muldivsf3.o)
                              CMakeFiles/testcode.elf.dir/Core/Src/motor.cpp.obj (__aeabi_fdiv)
C:/ST/STM32CubeCLT_1.16.0/GNU-tools-for-STM32/bin/../lib/gcc/arm-none-eabi/12.3.1/thumb/v7e-m/nofp\libgcc.a(_arm_cmpsf2.o)
                              CMakeFiles/testcode.elf.dir/Core/Src/PID.cpp.obj (__aeabi_fcmplt)
C:/ST/STM32CubeCLT_1.16.0/GNU-tools-for-STM32/bin/../lib/gcc/arm-none-eabi/12.3.1/thumb/v7e-m/nofp\libgcc.a(_arm_fixunssfsi.o)
                              CMakeFiles/testcode.elf.dir/Core/Src/motor.cpp.obj (__aeabi_f2uiz)
C:/ST/STM32CubeCLT_1.16.0/GNU-tools-for-STM32/bin/../lib/gcc/arm-none-eabi/12.3.1/thumb/v7e-m/nofp\libgcc.a(_aeabi_uldivmod.o)
                              CMakeFiles/testcode.elf.dir/Drivers/STM32F4xx_HAL_Driver/Src/stm32f4xx_hal_rcc.c.obj (__aeabi_uldivmod)
C:/ST/STM32CubeCLT_1.16.0/GNU-tools-for-STM32/bin/../lib/gcc/arm-none-eabi/12.3.1/thumb/v7e-m/nofp\libgcc.a(_udivmoddi4.o)
                              C:/ST/STM32CubeCLT_1.16.0/GNU-tools-for-STM32/bin/../lib/gcc/arm-none-eabi/12.3.1/thumb/v7e-m/nofp\libgcc.a(_aeabi_uldivmod.o) (__udivmoddi4)
C:/ST/STM32CubeCLT_1.16.0/GNU-tools-for-STM32/bin/../lib/gcc/arm-none-eabi/12.3.1/thumb/v7e-m/nofp\libgcc.a(unwind-arm.o)
                              CMakeFiles/testcode.elf.dir/Core/Src/callback.cpp.obj (__aeabi_unwind_cpp_pr0)
C:/ST/STM32CubeCLT_1.16.0/GNU-tools-for-STM32/bin/../lib/gcc/arm-none-eabi/12.3.1/thumb/v7e-m/nofp\libgcc.a(libunwind.o)
                              C:/ST/STM32CubeCLT_1.16.0/GNU-tools-for-STM32/bin/../lib/gcc/arm-none-eabi/12.3.1/thumb/v7e-m/nofp\libgcc.a(unwind-arm.o) (restore_core_regs)
C:/ST/STM32CubeCLT_1.16.0/GNU-tools-for-STM32/bin/../lib/gcc/arm-none-eabi/12.3.1/thumb/v7e-m/nofp\libgcc.a(pr-support.o)
                              C:/ST/STM32CubeCLT_1.16.0/GNU-tools-for-STM32/bin/../lib/gcc/arm-none-eabi/12.3.1/thumb/v7e-m/nofp\libgcc.a(unwind-arm.o) (__gnu_unwind_execute)
C:/ST/STM32CubeCLT_1.16.0/GNU-tools-for-STM32/bin/../lib/gcc/arm-none-eabi/12.3.1/thumb/v7e-m/nofp\libgcc.a(_dvmd_tls.o)
                              C:/ST/STM32CubeCLT_1.16.0/GNU-tools-for-STM32/bin/../lib/gcc/arm-none-eabi/12.3.1/thumb/v7e-m/nofp\libgcc.a(_aeabi_uldivmod.o) (__aeabi_ldiv0)
C:/ST/STM32CubeCLT_1.16.0/GNU-tools-for-STM32/bin/../lib/gcc/arm-none-eabi/12.3.1/../../../../arm-none-eabi/lib/thumb/v7e-m/nofp\libg.a(libc_a-abort.o)
                              C:/ST/STM32CubeCLT_1.16.0/GNU-tools-for-STM32/bin/../lib/gcc/arm-none-eabi/12.3.1/thumb/v7e-m/nofp\libgcc.a(unwind-arm.o) (abort)
C:/ST/STM32CubeCLT_1.16.0/GNU-tools-for-STM32/bin/../lib/gcc/arm-none-eabi/12.3.1/../../../../arm-none-eabi/lib/thumb/v7e-m/nofp\libg.a(libc_a-exit.o)
                              C:/ST/STM32CubeCLT_1.16.0/GNU-tools-for-STM32/bin/../lib/gcc/arm-none-eabi/12.3.1/../../../../arm-none-eabi/lib/thumb/v7e-m/nofp/crt0.o (exit)
C:/ST/STM32CubeCLT_1.16.0/GNU-tools-for-STM32/bin/../lib/gcc/arm-none-eabi/12.3.1/../../../../arm-none-eabi/lib/thumb/v7e-m/nofp\libg.a(libc_a-findfp.o)
                              C:/ST/STM32CubeCLT_1.16.0/GNU-tools-for-STM32/bin/../lib/gcc/arm-none-eabi/12.3.1/../../../../arm-none-eabi/lib/thumb/v7e-m/nofp\libg.a(libc_a-exit.o) (__stdio_exit_handler)
C:/ST/STM32CubeCLT_1.16.0/GNU-tools-for-STM32/bin/../lib/gcc/arm-none-eabi/12.3.1/../../../../arm-none-eabi/lib/thumb/v7e-m/nofp\libg.a(libc_a-fwalk.o)
                              C:/ST/STM32CubeCLT_1.16.0/GNU-tools-for-STM32/bin/../lib/gcc/arm-none-eabi/12.3.1/../../../../arm-none-eabi/lib/thumb/v7e-m/nofp\libg.a(libc_a-findfp.o) (_fwalk_sglue)
C:/ST/STM32CubeCLT_1.16.0/GNU-tools-for-STM32/bin/../lib/gcc/arm-none-eabi/12.3.1/../../../../arm-none-eabi/lib/thumb/v7e-m/nofp\libg.a(libc_a-stdio.o)
                              C:/ST/STM32CubeCLT_1.16.0/GNU-tools-for-STM32/bin/../lib/gcc/arm-none-eabi/12.3.1/../../../../arm-none-eabi/lib/thumb/v7e-m/nofp\libg.a(libc_a-findfp.o) (__sread)
C:/ST/STM32CubeCLT_1.16.0/GNU-tools-for-STM32/bin/../lib/gcc/arm-none-eabi/12.3.1/../../../../arm-none-eabi/lib/thumb/v7e-m/nofp\libg.a(libc_a-memset.o)
                              C:/ST/STM32CubeCLT_1.16.0/GNU-tools-for-STM32/bin/../lib/gcc/arm-none-eabi/12.3.1/../../../../arm-none-eabi/lib/thumb/v7e-m/nofp/crt0.o (memset)
[...]
Memory Configuration

Name             Origin             Length             Attributes
CCMRAM           0x10000000         0x00010000         xrw
RAM              0x20000000         0x00020000         xrw
FLASH            0x08000000         0x00100000         xr
*default*        0x00000000         0xffffffff

Linker script and memory map

LOAD C:/ST/STM32CubeCLT_1.16.0/GNU-tools-for-STM32/bin/../lib/gcc/arm-none-eabi/12.3.1/thumb/v7e-m/nofp/crti.o
LOAD C:/ST/STM32CubeCLT_1.16.0/GNU-tools-for-STM32/bin/../lib/gcc/arm-none-eabi/12.3.1/thumb/v7e-m/nofp/crtbegin.o
LOAD C:/ST/STM32CubeCLT_1.16.0/GNU-tools-for-STM32/bin/../lib/gcc/arm-none-eabi/12.3.1/../../../../arm-none-eabi/lib/thumb/v7e-m/nofp/crt0.o
LOAD CMakeFiles/testcode.elf.dir/Core/Src/PID.cpp.obj
LOAD CMakeFiles/testcode.elf.dir/Core/Src/callback.cpp.obj
LOAD CMakeFiles/testcode.elf.dir/Core/Src/can.c.obj
LOAD CMakeFiles/testcode.elf.dir/Core/Src/can_comm.cpp.obj
LOAD CMakeFiles/testcode.elf.dir/Core/Src/control.cpp.obj
LOAD CMakeFiles/testcode.elf.dir/Core/Src/dma.c.obj
LOAD CMakeFiles/testcode.elf.dir/Core/Src/gpio.c.obj
LOAD CMakeFiles/testcode.elf.dir/Core/Src/iwdg.c.obj
LOAD CMakeFiles/testcode.elf.dir/Core/Src/main.c.obj
LOAD CMakeFiles/testcode.elf.dir/Core/Src/math.cpp.obj
LOAD CMakeFiles/testcode.elf.dir/Core/Src/motor.cpp.obj
LOAD CMakeFiles/testcode.elf.dir/Core/Src/remote.cpp.obj
LOAD CMakeFiles/testcode.elf.dir/Core/Src/stm32f4xx_hal_msp.c.obj
LOAD CMakeFiles/testcode.elf.dir/Core/Src/stm32f4xx_it.c.obj
LOAD CMakeFiles/testcode.elf.dir/Core/Src/syscalls.c.obj
LOAD CMakeFiles/testcode.elf.dir/Core/Src/sysmem.c.obj
LOAD CMakeFiles/testcode.elf.dir/Core/Src/system_stm32f4xx.c.obj
LOAD CMakeFiles/testcode.elf.dir/Core/Src/tim.c.obj
LOAD CMakeFiles/testcode.elf.dir/Core/Src/usart.c.obj
LOAD CMakeFiles/testcode.elf.dir/Core/Startup/startup_stm32f407ighx.s.obj
LOAD CMakeFiles/testcode.elf.dir/Drivers/STM32F4xx_HAL_Driver/Src/stm32f4xx_hal.c.obj
LOAD CMakeFiles/testcode.elf.dir/Drivers/STM32F4xx_HAL_Driver/Src/stm32f4xx_hal_can.c.obj
LOAD CMakeFiles/testcode.elf.dir/Drivers/STM32F4xx_HAL_Driver/Src/stm32f4xx_hal_cortex.c.obj
LOAD CMakeFiles/testcode.elf.dir/Drivers/STM32F4xx_HAL_Driver/Src/stm32f4xx_hal_dma.c.obj
LOAD CMakeFiles/testcode.elf.dir/Drivers/STM32F4xx_HAL_Driver/Src/stm32f4xx_hal_dma_ex.c.obj
LOAD CMakeFiles/testcode.elf.dir/Drivers/STM32F4xx_HAL_Driver/Src/stm32f4xx_hal_exti.c.obj
LOAD CMakeFiles/testcode.elf.dir/Drivers/STM32F4xx_HAL_Driver/Src/stm32f4xx_hal_flash.c.obj
LOAD CMakeFiles/testcode.elf.dir/Drivers/STM32F4xx_HAL_Driver/Src/stm32f4xx_hal_flash_ex.c.obj
LOAD CMakeFiles/testcode.elf.dir/Drivers/STM32F4xx_HAL_Driver/Src/stm32f4xx_hal_flash_ramfunc.c.obj
LOAD CMakeFiles/testcode.elf.dir/Drivers/STM32F4xx_HAL_Driver/Src/stm32f4xx_hal_gpio.c.obj
LOAD CMakeFiles/testcode.elf.dir/Drivers/STM32F4xx_HAL_Driver/Src/stm32f4xx_hal_iwdg.c.obj
LOAD CMakeFiles/testcode.elf.dir/Drivers/STM32F4xx_HAL_Driver/Src/stm32f4xx_hal_pwr.c.obj
LOAD CMakeFiles/testcode.elf.dir/Drivers/STM32F4xx_HAL_Driver/Src/stm32f4xx_hal_pwr_ex.c.obj
LOAD CMakeFiles/testcode.elf.dir/Drivers/STM32F4xx_HAL_Driver/Src/stm32f4xx_hal_rcc.c.obj
LOAD CMakeFiles/testcode.elf.dir/Drivers/STM32F4xx_HAL_Driver/Src/stm32f4xx_hal_rcc_ex.c.obj
LOAD CMakeFiles/testcode.elf.dir/Drivers/STM32F4xx_HAL_Driver/Src/stm32f4xx_hal_tim.c.obj
LOAD CMakeFiles/testcode.elf.dir/Drivers/STM32F4xx_HAL_Driver/Src/stm32f4xx_hal_tim_ex.c.obj
LOAD CMakeFiles/testcode.elf.dir/Drivers/STM32F4xx_HAL_Driver/Src/stm32f4xx_hal_uart.c.obj
LOAD C:/ST/STM32CubeCLT_1.16.0/GNU-tools-for-STM32/bin/../lib/gcc/arm-none-eabi/12.3.1/../../../../arm-none-eabi/lib/thumb/v7e-m/nofp\libstdc++.a
LOAD C:/ST/STM32CubeCLT_1.16.0/GNU-tools-for-STM32/bin/../lib/gcc/arm-none-eabi/12.3.1/../../../../arm-none-eabi/lib/thumb/v7e-m/nofp\libm.a
START GROUP
LOAD C:/ST/STM32CubeCLT_1.16.0/GNU-tools-for-STM32/bin/../lib/gcc/arm-none-eabi/12.3.1/thumb/v7e-m/nofp\libgcc.a
LOAD C:/ST/STM32CubeCLT_1.16.0/GNU-tools-for-STM32/bin/../lib/gcc/arm-none-eabi/12.3.1/../../../../arm-none-eabi/lib/thumb/v7e-m/nofp\libg.a
LOAD C:/ST/STM32CubeCLT_1.16.0/GNU-tools-for-STM32/bin/../lib/gcc/arm-none-eabi/12.3.1/../../../../arm-none-eabi/lib/thumb/v7e-m/nofp\libc.a
END GROUP
LOAD C:/ST/STM32CubeCLT_1.16.0/GNU-tools-for-STM32/bin/../lib/gcc/arm-none-eabi/12.3.1/thumb/v7e-m/nofp/crtend.o
LOAD C:/ST/STM32CubeCLT_1.16.0/GNU-tools-for-STM32/bin/../lib/gcc/arm-none-eabi/12.3.1/thumb/v7e-m/nofp/crtn.o
                0x20020000                        _estack = (ORIGIN (RAM) + LENGTH (RAM))
                0x00000200                        _Min_Heap_Size = 0x200
                0x00000400                        _Min_Stack_Size = 0x400

.isr_vector     0x08000000      0x188
                0x08000000                        . = ALIGN (0x4)
 *(.isr_vector)
 .isr_vector    0x08000000      0x188 CMakeFiles/testcode.elf.dir/Core/Startup/startup_stm32f407ighx.s.obj
                0x08000000                g_pfnVectors
                0x08000188                        . = ALIGN (0x4)

.text           0x08000188     0x4894
                0x08000188                        . = ALIGN (0x4)
 *(.text)
 .text          0x08000188       0x40 C:/ST/STM32CubeCLT_1.16.0/GNU-tools-for-STM32/bin/../lib/gcc/arm-none-eabi/12.3.1/thumb/v7e-m/nofp/crtbegin.o
 .text          0x080001c8      0x21c C:/ST/STM32CubeCLT_1.16.0/GNU-tools-for-STM32/bin/../lib/gcc/arm-none-eabi/12.3.1/thumb/v7e-m/nofp\libgcc.a(_arm_addsubsf3.o)
                0x080001c8                __aeabi_frsub
                0x080001d0                __subsf3
                0x080001d0                __aeabi_fsub
                0x080001d4                __aeabi_fadd
                0x080001d4                __addsf3
                0x08000334                __aeabi_ui2f
                0x08000334                __floatunsisf
                0x0800033c                __aeabi_i2f
                0x0800033c                __floatsisf
                0x08000358                __aeabi_ul2f
                0x08000358                __floatundisf
                0x08000368                __aeabi_l2f
                0x08000368                __floatdisf
 .text          0x080003e4      0x2a0 C:/ST/STM32CubeCLT_1.16.0/GNU-tools-for-STM32/bin/../lib/gcc/arm-none-eabi/12.3.1/thumb/v7e-m/nofp\libgcc.a(_arm_muldivsf3.o)
                0x080003e4                __mulsf3
                0x080003e4                __aeabi_fmul
                0x0800054c                __aeabi_fdiv
                0x0800054c                __divsf3
 .text          0x08000684       0xec C:/ST/STM32CubeCLT_1.16.0/GNU-tools-for-STM32/bin/../lib/gcc/arm-none-eabi/12.3.1/thumb/v7e-m/nofp\libgcc.a(_arm_cmpsf2.o)
                0x08000684                __gesf2
                0x08000684                __gtsf2
                0x0800068c                __lesf2
                0x0800068c                __ltsf2
                0x08000694                __nesf2
                0x08000694                __eqsf2
                0x08000694                __cmpsf2
                0x080006f4                __aeabi_cfrcmple
                0x080006fc                __aeabi_cfcmpeq
                0x080006fc                __aeabi_cfcmple
                0x0800070c                __aeabi_fcmpeq
                0x08000720                __aeabi_fcmplt
                0x08000734                __aeabi_fcmple
                0x08000748                __aeabi_fcmpge
                0x0800075c                __aeabi_fcmpgt
 .text          0x08000770       0x40 C:/ST/STM32CubeCLT_1.16.0/GNU-tools-for-STM32/bin/../lib/gcc/arm-none-eabi/12.3.1/thumb/v7e-m/nofp\libgcc.a(_arm_fixunssfsi.o)
                0x08000770                __fixunssfsi
                0x08000770                __aeabi_f2uiz
 .text          0x080007b0       0x30 C:/ST/STM32CubeCLT_1.16.0/GNU-tools-for-STM32/bin/../lib/gcc/arm-none-eabi/12.3.1/thumb/v7e-m/nofp\libgcc.a(_aeabi_uldivmod.o)
                0x080007b0                __aeabi_uldivmod
 .text          0x080007e0      0x2bc C:/ST/STM32CubeCLT_1.16.0/GNU-tools-for-STM32/bin/../lib/gcc/arm-none-eabi/12.3.1/thumb/v7e-m/nofp\libgcc.a(_udivmoddi4.o)
                0x080007e0                __udivmoddi4
 .text          0x08000a9c      0x9f4 C:/ST/STM32CubeCLT_1.16.0/GNU-tools-for-STM32/bin/../lib/gcc/arm-none-eabi/12.3.1/thumb/v7e-m/nofp\libgcc.a(unwind-arm.o)
                0x08000d4c                _Unwind_GetCFA
                0x08000d50                __gnu_Unwind_RaiseException
                0x08000db8                __gnu_Unwind_ForcedUnwind
                0x08000dc8                __gnu_Unwind_Resume
                0x08000e0c                __gnu_Unwind_Resume_or_Rethrow
                0x08000e1c                _Unwind_Complete
                0x08000e20                _Unwind_DeleteException
                0x08000e2c                _Unwind_VRS_Get
                0x08000e78                _Unwind_VRS_Set
                0x08000ec0                __gnu_Unwind_Backtrace
                0x080011dc                __aeabi_unwind_cpp_pr0
                0x080011e0                __aeabi_unwind_cpp_pr1
                0x080011e4                __aeabi_unwind_cpp_pr2
                0x080011e8                _Unwind_VRS_Pop
 .text          0x08001490      0x1ac C:/ST/STM32CubeCLT_1.16.0/GNU-tools-for-STM32/bin/../lib/gcc/arm-none-eabi/12.3.1/thumb/v7e-m/nofp\libgcc.a(libunwind.o)
                0x08001490                __restore_core_regs
                0x08001490                restore_core_regs
                0x080014a8                __gnu_Unwind_Restore_VFP
                0x080014b0                __gnu_Unwind_Save_VFP
                0x080014b8                __gnu_Unwind_Restore_VFP_D
                0x080014c0                __gnu_Unwind_Save_VFP_D
                0x080014c8                __gnu_Unwind_Restore_VFP_D_16_to_31
                0x080014d0                __gnu_Unwind_Save_VFP_D_16_to_31
                0x080014d8                __gnu_Unwind_Restore_WMMXD
                0x0800151c                __gnu_Unwind_Save_WMMXD
                0x08001560                __gnu_Unwind_Restore_WMMXC
                0x08001574                __gnu_Unwind_Save_WMMXC
                0x08001588                ___Unwind_RaiseException
                0x08001588                _Unwind_RaiseException
                0x080015ac                _Unwind_Resume
                0x080015ac                ___Unwind_Resume
                0x080015d0                _Unwind_Resume_or_Rethrow
                0x080015d0                ___Unwind_Resume_or_Rethrow
                0x080015f4                _Unwind_ForcedUnwind
                0x080015f4                ___Unwind_ForcedUnwind
                0x08001618                ___Unwind_Backtrace
                0x08001618                _Unwind_Backtrace
 .text          0x0800163c      0x378 C:/ST/STM32CubeCLT_1.16.0/GNU-tools-for-STM32/bin/../lib/gcc/arm-none-eabi/12.3.1/thumb/v7e-m/nofp\libgcc.a(pr-support.o)
                0x08001694                __gnu_unwind_execute
                0x08001968                __gnu_unwind_frame
                0x08001994                _Unwind_GetRegionStart
                0x080019a0                _Unwind_GetLanguageSpecificData
 .text          0x080019b4        0x4 C:/ST/STM32CubeCLT_1.16.0/GNU-tools-for-STM32/bin/../lib/gcc/arm-none-eabi/12.3.1/thumb/v7e-m/nofp\libgcc.a(_dvmd_tls.o)
                0x080019b4                __aeabi_idiv0
                0x080019b4                __aeabi_ldiv0
 *(.text*)
 .text._ZN3PIDC2Efffff
                0x080019b8       0x10 CMakeFiles/testcode.elf.dir/Core/Src/PID.cpp.obj
                0x080019b8                PID::PID(float, float, float, float, float)
                0x080019b8                PID::PID(float, float, float, float, float)
 .text._Z5limitIfET_S0_RKS0_S2_
                0x080019c8       0x34 CMakeFiles/testcode.elf.dir/Core/Src/PID.cpp.obj
                0x080019c8                float limit<float>(float, float const&, float const&)
 .text._ZN3PID4calcEff
                0x080019fc       0x9a CMakeFiles/testcode.elf.dir/Core/Src/PID.cpp.obj
                0x080019fc                PID::calc(float, float)
 *fill*         0x08001a96        0x2 
 .text.HAL_TIM_PeriodElapsedCallback
                0x08001a98       0x28 CMakeFiles/testcode.elf.dir/Core/Src/callback.cpp.obj
                0x08001a98                HAL_TIM_PeriodElapsedCallback
 .text.HAL_CAN_RxFifo0MsgPendingCallback
                0x08001ac0       0x34 CMakeFiles/testcode.elf.dir/Core/Src/callback.cpp.obj
                0x08001ac0                HAL_CAN_RxFifo0MsgPendingCallback
 .text.HAL_UART_RxCpltCallback
                0x08001af4       0x2c CMakeFiles/testcode.elf.dir/Core/Src/callback.cpp.obj
                0x08001af4                HAL_UART_RxCpltCallback
 .text.MX_CAN1_Init
                0x08001b20       0x40 CMakeFiles/testcode.elf.dir/Core/Src/can.c.obj
                0x08001b20                MX_CAN1_Init
 .text.MX_CAN2_Init
                0x08001b60       0x40 CMakeFiles/testcode.elf.dir/Core/Src/can.c.obj
                0x08001b60                MX_CAN2_Init
 .text.HAL_CAN_MspInit
                0x08001ba0      0x120 CMakeFiles/testcode.elf.dir/Core/Src/can.c.obj
                0x08001ba0                HAL_CAN_MspInit
 .text.canInit  0x08001cc0       0x40 CMakeFiles/testcode.elf.dir/Core/Src/can_comm.cpp.obj
                0x08001cc0                canInit
 .text.mainloop
                0x08001d00       0x24 CMakeFiles/testcode.elf.dir/Core/Src/control.cpp.obj
                0x08001d00                mainloop
 .text.MX_DMA_Init
                0x08001d24       0x34 CMakeFiles/testcode.elf.dir/Core/Src/dma.c.obj
                0x08001d24                MX_DMA_Init
 .text.MX_GPIO_Init
                0x08001d58       0x94 CMakeFiles/testcode.elf.dir/Core/Src/gpio.c.obj
                0x08001d58                MX_GPIO_Init
 .text.MX_IWDG_Init
                0x08001dec       0x28 CMakeFiles/testcode.elf.dir/Core/Src/iwdg.c.obj
                0x08001dec                MX_IWDG_Init
 .text.Error_Handler
                0x08001e14        0x4 CMakeFiles/testcode.elf.dir/Core/Src/main.c.obj
                0x08001e14                Error_Handler
 .text.SystemClock_Config
                0x08001e18       0xac CMakeFiles/testcode.elf.dir/Core/Src/main.c.obj
                0x08001e18                SystemClock_Config
 .text.main     0x08001ec4       0x38 CMakeFiles/testcode.elf.dir/Core/Src/main.c.obj
                0x08001ec4                main
 .text._Z9loopLimitfRKfS0_
                0x08001efc       0x66 CMakeFiles/testcode.elf.dir/Core/Src/math.cpp.obj
                0x08001efc                loopLimit(float, float const&, float const&)
 *fill*         0x08001f62        0x2 
 .text._Z15degNormalize180RKf
                0x08001f64       0x24 CMakeFiles/testcode.elf.dir/Core/Src/math.cpp.obj
                0x08001f64                degNormalize180(float const&)
 .text._Z7rpm2dpsRKf
                0x08001f88       0x10 CMakeFiles/testcode.elf.dir/Core/Src/math.cpp.obj
                0x08001f88                rpm2dps(float const&)
 .text._ZN5MotorC2ERKNS_4typeERKfRK3PID
                0x08001f98       0x3a CMakeFiles/testcode.elf.dir/Core/Src/motor.cpp.obj
                0x08001f98                Motor::Motor(Motor::type const&, float const&, PID const&)
                0x08001f98                Motor::Motor(Motor::type const&, float const&, PID const&)
 .text._ZN5Motor8setAngleEf
                0x08001fd2        0x4 CMakeFiles/testcode.elf.dir/Core/Src/motor.cpp.obj
                0x08001fd2                Motor::setAngle(float)
 *fill*         0x08001fd6        0x2 
 .text._ZN5Motor7sendMsgEv
                0x08001fd8       0x4c CMakeFiles/testcode.elf.dir/Core/Src/motor.cpp.obj
                0x08001fd8                Motor::sendMsg()
 .text._ZN15MotorManagement8configIdEv
                0x08002024       0x1a CMakeFiles/testcode.elf.dir/Core/Src/motor.cpp.obj
                0x08002024                MotorManagement::configId()
 .text._ZN15MotorManagementC2EPP5Motor
                0x0800203e       0x24 CMakeFiles/testcode.elf.dir/Core/Src/motor.cpp.obj
                0x0800203e                MotorManagement::MotorManagement(Motor**)
                0x0800203e                MotorManagement::MotorManagement(Motor**)
 *fill*         0x08002062        0x2 
 .text._Z41__static_initialization_and_destruction_0ii
                0x08002064      0x100 CMakeFiles/testcode.elf.dir/Core/Src/motor.cpp.obj
 .text._Z13linearmappingItfET0_T_RKS1_S3_RKS0_S5_
                0x08002164       0x50 CMakeFiles/testcode.elf.dir/Core/Src/motor.cpp.obj
                0x08002164                float linearmapping<unsigned short, float>(unsigned short, unsigned short const&, unsigned short const&, float const&, float const&)
 .text._ZN15MotorManagement17canMotorsCallbackEP17CAN_HandleTypeDef19CAN_RxHeaderTypeDefPh
                0x080021b4      0x114 CMakeFiles/testcode.elf.dir/Core/Src/motor.cpp.obj
                0x080021b4                MotorManagement::canMotorsCallback(CAN_HandleTypeDef*, CAN_RxHeaderTypeDef, unsigned char*)
 .text._Z11canRxHandleP17CAN_HandleTypeDef19CAN_RxHeaderTypeDefPh
                0x080022c8       0x44 CMakeFiles/testcode.elf.dir/Core/Src/motor.cpp.obj
                0x080022c8                canRxHandle(CAN_HandleTypeDef*, CAN_RxHeaderTypeDef, unsigned char*)
 .text._Z13linearmappingIftET0_T_RKS1_S3_RKS0_S5_
                0x0800230c       0x44 CMakeFiles/testcode.elf.dir/Core/Src/motor.cpp.obj
                0x0800230c                unsigned short linearmapping<float, unsigned short>(float, float const&, float const&, unsigned short const&, unsigned short const&)
 .text._ZN5Motor10setcurrentEf
                0x08002350       0x4c CMakeFiles/testcode.elf.dir/Core/Src/motor.cpp.obj
                0x08002350                Motor::setcurrent(float)
 .text._ZN5Motor6handleEv
                0x0800239c       0x24 CMakeFiles/testcode.elf.dir/Core/Src/motor.cpp.obj
                0x0800239c                Motor::handle()
 .text._ZN15MotorManagement7controlEv
                0x080023c0       0x20 CMakeFiles/testcode.elf.dir/Core/Src/motor.cpp.obj
                0x080023c0                MotorManagement::control()
 .text._GLOBAL__sub_I_Amplitude_p
                0x080023e0        0xe CMakeFiles/testcode.elf.dir/Core/Src/motor.cpp.obj
 .text._ZN2RCC2Ev
                0x080023ee        0x8 CMakeFiles/testcode.elf.dir/Core/Src/remote.cpp.obj
                0x080023ee                RC::RC()
                0x080023ee                RC::RC()
 *fill*         0x080023f6        0x2 
 .text._Z41__static_initialization_and_destruction_0ii
                0x080023f8       0x20 CMakeFiles/testcode.elf.dir/Core/Src/remote.cpp.obj
 .text._ZN2RC17RCChannel_mappingEt
                0x08002418       0x3c CMakeFiles/testcode.elf.dir/Core/Src/remote.cpp.obj
                0x08002418                RC::RCChannel_mapping(unsigned short)
 .text._ZN2RC6handleEPh
                0x08002454       0xfc CMakeFiles/testcode.elf.dir/Core/Src/remote.cpp.obj
                0x08002454                RC::handle(unsigned char*)
 .text._Z12uartRxHandlePh
                0x08002550       0x10 CMakeFiles/testcode.elf.dir/Core/Src/remote.cpp.obj
                0x08002550                uartRxHandle(unsigned char*)
 .text._GLOBAL__sub_I_rc
                0x08002560        0xe CMakeFiles/testcode.elf.dir/Core/Src/remote.cpp.obj
 *fill*         0x0800256e        0x2 
 .text.HAL_MspInit
                0x08002570       0x38 CMakeFiles/testcode.elf.dir/Core/Src/stm32f4xx_hal_msp.c.obj
                0x08002570                HAL_MspInit
 .text.NMI_Handler
                0x080025a8        0x2 CMakeFiles/testcode.elf.dir/Core/Src/stm32f4xx_it.c.obj
                0x080025a8                NMI_Handler
 .text.HardFault_Handler
                0x080025aa        0x2 CMakeFiles/testcode.elf.dir/Core/Src/stm32f4xx_it.c.obj
                0x080025aa                HardFault_Handler
 .text.MemManage_Handler
                0x080025ac        0x2 CMakeFiles/testcode.elf.dir/Core/Src/stm32f4xx_it.c.obj
                0x080025ac                MemManage_Handler
 .text.BusFault_Handler
                0x080025ae        0x2 CMakeFiles/testcode.elf.dir/Core/Src/stm32f4xx_it.c.obj
                0x080025ae                BusFault_Handler
 .text.UsageFault_Handler
                0x080025b0        0x2 CMakeFiles/testcode.elf.dir/Core/Src/stm32f4xx_it.c.obj
                0x080025b0                UsageFault_Handler
 .text.SVC_Handler
                0x080025b2        0x2 CMakeFiles/testcode.elf.dir/Core/Src/stm32f4xx_it.c.obj
                0x080025b2                SVC_Handler
 .text.DebugMon_Handler
                0x080025b4        0x2 CMakeFiles/testcode.elf.dir/Core/Src/stm32f4xx_it.c.obj
                0x080025b4                DebugMon_Handler
 .text.PendSV_Handler
                0x080025b6        0x2 CMakeFiles/testcode.elf.dir/Core/Src/stm32f4xx_it.c.obj
                0x080025b6                PendSV_Handler
 .text.SysTick_Handler
                0x080025b8        0x8 CMakeFiles/testcode.elf.dir/Core/Src/stm32f4xx_it.c.obj
                0x080025b8                SysTick_Handler
 .text.CAN1_RX0_IRQHandler
                0x080025c0       0x10 CMakeFiles/testcode.elf.dir/Core/Src/stm32f4xx_it.c.obj
                0x080025c0                CAN1_RX0_IRQHandler
 .text.USART1_IRQHandler
                0x080025d0       0x10 CMakeFiles/testcode.elf.dir/Core/Src/stm32f4xx_it.c.obj
                0x080025d0                USART1_IRQHandler
 .text.TIM6_DAC_IRQHandler
                0x080025e0       0x10 CMakeFiles/testcode.elf.dir/Core/Src/stm32f4xx_it.c.obj
                0x080025e0                TIM6_DAC_IRQHandler
 .text.DMA2_Stream2_IRQHandler
                0x080025f0       0x10 CMakeFiles/testcode.elf.dir/Core/Src/stm32f4xx_it.c.obj
                0x080025f0                DMA2_Stream2_IRQHandler
 .text.CAN2_RX0_IRQHandler
                0x08002600       0x10 CMakeFiles/testcode.elf.dir/Core/Src/stm32f4xx_it.c.obj
                0x08002600                CAN2_RX0_IRQHandler
 .text._getpid  0x08002610        0x4 CMakeFiles/testcode.elf.dir/Core/Src/syscalls.c.obj
                0x08002610                _getpid
 .text._kill    0x08002614       0x10 CMakeFiles/testcode.elf.dir/Core/Src/syscalls.c.obj
                0x08002614                _kill
 .text._exit    0x08002624        0xc CMakeFiles/testcode.elf.dir/Core/Src/syscalls.c.obj
                0x08002624                _exit
 .text.SystemInit
                0x08002630        0x2 CMakeFiles/testcode.elf.dir/Core/Src/system_stm32f4xx.c.obj
                0x08002630                SystemInit
 *fill*         0x08002632        0x2 
 .text.MX_TIM6_Init
                0x08002634       0x50 CMakeFiles/testcode.elf.dir/Core/Src/tim.c.obj
                0x08002634                MX_TIM6_Init
 .text.HAL_TIM_Base_MspInit
                0x08002684       0x40 CMakeFiles/testcode.elf.dir/Core/Src/tim.c.obj
                0x08002684                HAL_TIM_Base_MspInit
 .text.MX_USART1_UART_Init
                0x080026c4       0x40 CMakeFiles/testcode.elf.dir/Core/Src/usart.c.obj
                0x080026c4                MX_USART1_UART_Init
 .text.HAL_UART_MspInit
                0x08002704       0xfc CMakeFiles/testcode.elf.dir/Core/Src/usart.c.obj
                0x08002704                HAL_UART_MspInit
 .text.Reset_Handler
                0x08002800       0x50 CMakeFiles/testcode.elf.dir/Core/Startup/startup_stm32f407ighx.s.obj
                0x08002800                Reset_Handler
 .text.Default_Handler
                0x08002850        0x2 CMakeFiles/testcode.elf.dir/Core/Startup/startup_stm32f407ighx.s.obj
                0x08002850                RTC_Alarm_IRQHandler
                0x08002850                HASH_RNG_IRQHandler
                0x08002850                EXTI2_IRQHandler
                0x08002850                TIM8_CC_IRQHandler
                0x08002850                TIM1_CC_IRQHandler
                0x08002850                DMA2_Stream5_IRQHandler
                0x08002850                DMA1_Stream5_IRQHandler
                0x08002850                PVD_IRQHandler
                0x08002850                SDIO_IRQHandler
                0x08002850                TAMP_STAMP_IRQHandler
                0x08002850                CAN2_RX1_IRQHandler
                0x08002850                EXTI3_IRQHandler
                0x08002850                TIM8_TRG_COM_TIM14_IRQHandler
                0x08002850                TIM1_UP_TIM10_IRQHandler
                0x08002850                TIM8_UP_TIM13_IRQHandler
                0x08002850                I2C3_ER_IRQHandler
                0x08002850                EXTI0_IRQHandler
                0x08002850                I2C2_EV_IRQHandler
                0x08002850                DMA1_Stream2_IRQHandler
                0x08002850                FPU_IRQHandler
                0x08002850                OTG_HS_WKUP_IRQHandler
                0x08002850                CAN2_SCE_IRQHandler
                0x08002850                SPI1_IRQHandler
                0x08002850                TIM1_BRK_TIM9_IRQHandler
                0x08002850                DCMI_IRQHandler
                0x08002850                DMA2_Stream3_IRQHandler
                0x08002850                USART6_IRQHandler
                0x08002850                USART3_IRQHandler
                0x08002850                CAN1_RX1_IRQHandler
                0x08002850                UART5_IRQHandler
                0x08002850                DMA2_Stream0_IRQHandler
                0x08002850                TIM4_IRQHandler
                0x08002850                I2C1_EV_IRQHandler
                0x08002850                DMA1_Stream6_IRQHandler
                0x08002850                DMA1_Stream1_IRQHandler
                0x08002850                UART4_IRQHandler
                0x08002850                TIM3_IRQHandler
                0x08002850                RCC_IRQHandler
                0x08002850                TIM8_BRK_TIM12_IRQHandler
                0x08002850                Default_Handler
                0x08002850                EXTI15_10_IRQHandler
                0x08002850                ADC_IRQHandler
                0x08002850                DMA1_Stream7_IRQHandler
                0x08002850                TIM7_IRQHandler
                0x08002850                CAN2_TX_IRQHandler
                0x08002850                TIM5_IRQHandler
                0x08002850                DMA2_Stream7_IRQHandler
                0x08002850                I2C3_EV_IRQHandler
                0x08002850                EXTI9_5_IRQHandler
                0x08002850                RTC_WKUP_IRQHandler
                0x08002850                ETH_WKUP_IRQHandler
                0x08002850                SPI2_IRQHandler
                0x08002850                OTG_HS_EP1_IN_IRQHandler
                0x08002850                DMA1_Stream0_IRQHandler
                0x08002850                CAN1_TX_IRQHandler
                0x08002850                EXTI4_IRQHandler
                0x08002850                FSMC_IRQHandler
                0x08002850                ETH_IRQHandler
                0x08002850                OTG_HS_EP1_OUT_IRQHandler
                0x08002850                WWDG_IRQHandler
                0x08002850                TIM2_IRQHandler
                0x08002850                OTG_FS_WKUP_IRQHandler
                0x08002850                TIM1_TRG_COM_TIM11_IRQHandler
                0x08002850                OTG_HS_IRQHandler
                0x08002850                EXTI1_IRQHandler
                0x08002850                USART2_IRQHandler
                0x08002850                I2C2_ER_IRQHandler
                0x08002850                DMA2_Stream1_IRQHandler
                0x08002850                CAN1_SCE_IRQHandler
                0x08002850                FLASH_IRQHandler
                0x08002850                DMA2_Stream4_IRQHandler
                0x08002850                OTG_FS_IRQHandler
                0x08002850                SPI3_IRQHandler
                0x08002850                DMA1_Stream4_IRQHandler
                0x08002850                I2C1_ER_IRQHandler
                0x08002850                DMA2_Stream6_IRQHandler
                0x08002850                DMA1_Stream3_IRQHandler
 *fill*         0x08002852        0x2 
 .text.HAL_InitTick
                0x08002854       0x4c CMakeFiles/testcode.elf.dir/Drivers/STM32F4xx_HAL_Driver/Src/stm32f4xx_hal.c.obj
                0x08002854                HAL_InitTick
 .text.HAL_Init
                0x080028a0       0x34 CMakeFiles/testcode.elf.dir/Drivers/STM32F4xx_HAL_Driver/Src/stm32f4xx_hal.c.obj
                0x080028a0                HAL_Init
 .text.HAL_IncTick
                0x080028d4       0x18 CMakeFiles/testcode.elf.dir/Drivers/STM32F4xx_HAL_Driver/Src/stm32f4xx_hal.c.obj
                0x080028d4                HAL_IncTick
 .text.HAL_GetTick
                0x080028ec        0xc CMakeFiles/testcode.elf.dir/Drivers/STM32F4xx_HAL_Driver/Src/stm32f4xx_hal.c.obj
                0x080028ec                HAL_GetTick
 .text.HAL_CAN_Init
                0x080028f8      0x14c CMakeFiles/testcode.elf.dir/Drivers/STM32F4xx_HAL_Driver/Src/stm32f4xx_hal_can.c.obj
                0x080028f8                HAL_CAN_Init
 .text.HAL_CAN_ConfigFilter
                0x08002a44      0x13c CMakeFiles/testcode.elf.dir/Drivers/STM32F4xx_HAL_Driver/Src/stm32f4xx_hal_can.c.obj
                0x08002a44                HAL_CAN_ConfigFilter
 .text.HAL_CAN_Start
                0x08002b80       0x5c CMakeFiles/testcode.elf.dir/Drivers/STM32F4xx_HAL_Driver/Src/stm32f4xx_hal_can.c.obj
                0x08002b80                HAL_CAN_Start
 .text.HAL_CAN_AddTxMessage
                0x08002bdc       0xea CMakeFiles/testcode.elf.dir/Drivers/STM32F4xx_HAL_Driver/Src/stm32f4xx_hal_can.c.obj
                0x08002bdc                HAL_CAN_AddTxMessage
 .text.HAL_CAN_GetRxMessage
                0x08002cc6      0x16a CMakeFiles/testcode.elf.dir/Drivers/STM32F4xx_HAL_Driver/Src/stm32f4xx_hal_can.c.obj
                0x08002cc6                HAL_CAN_GetRxMessage
 .text.HAL_CAN_ActivateNotification
                0x08002e30       0x24 CMakeFiles/testcode.elf.dir/Drivers/STM32F4xx_HAL_Driver/Src/stm32f4xx_hal_can.c.obj
                0x08002e30                HAL_CAN_ActivateNotification
 .text.HAL_CAN_TxMailbox0CompleteCallback
                0x08002e54        0x2 CMakeFiles/testcode.elf.dir/Drivers/STM32F4xx_HAL_Driver/Src/stm32f4xx_hal_can.c.obj
                0x08002e54                HAL_CAN_TxMailbox0CompleteCallback
 .text.HAL_CAN_TxMailbox1CompleteCallback
                0x08002e56        0x2 CMakeFiles/testcode.elf.dir/Drivers/STM32F4xx_HAL_Driver/Src/stm32f4xx_hal_can.c.obj
                0x08002e56                HAL_CAN_TxMailbox1CompleteCallback
 .text.HAL_CAN_TxMailbox2CompleteCallback
                0x08002e58        0x2 CMakeFiles/testcode.elf.dir/Drivers/STM32F4xx_HAL_Driver/Src/stm32f4xx_hal_can.c.obj
                0x08002e58                HAL_CAN_TxMailbox2CompleteCallback
 .text.HAL_CAN_TxMailbox0AbortCallback
                0x08002e5a        0x2 CMakeFiles/testcode.elf.dir/Drivers/STM32F4xx_HAL_Driver/Src/stm32f4xx_hal_can.c.obj
                0x08002e5a                HAL_CAN_TxMailbox0AbortCallback
 .text.HAL_CAN_TxMailbox1AbortCallback
                0x08002e5c        0x2 CMakeFiles/testcode.elf.dir/Drivers/STM32F4xx_HAL_Driver/Src/stm32f4xx_hal_can.c.obj
                0x08002e5c                HAL_CAN_TxMailbox1AbortCallback
 .text.HAL_CAN_TxMailbox2AbortCallback
                0x08002e5e        0x2 CMakeFiles/testcode.elf.dir/Drivers/STM32F4xx_HAL_Driver/Src/stm32f4xx_hal_can.c.obj
                0x08002e5e                HAL_CAN_TxMailbox2AbortCallback
 .text.HAL_CAN_RxFifo0FullCallback
                0x08002e60        0x2 CMakeFiles/testcode.elf.dir/Drivers/STM32F4xx_HAL_Driver/Src/stm32f4xx_hal_can.c.obj
                0x08002e60                HAL_CAN_RxFifo0FullCallback
 .text.HAL_CAN_RxFifo1MsgPendingCallback
                0x08002e62        0x2 CMakeFiles/testcode.elf.dir/Drivers/STM32F4xx_HAL_Driver/Src/stm32f4xx_hal_can.c.obj
                0x08002e62                HAL_CAN_RxFifo1MsgPendingCallback
 .text.HAL_CAN_RxFifo1FullCallback
                0x08002e64        0x2 CMakeFiles/testcode.elf.dir/Drivers/STM32F4xx_HAL_Driver/Src/stm32f4xx_hal_can.c.obj
                0x08002e64                HAL_CAN_RxFifo1FullCallback
 .text.HAL_CAN_SleepCallback
                0x08002e66        0x2 CMakeFiles/testcode.elf.dir/Drivers/STM32F4xx_HAL_Driver/Src/stm32f4xx_hal_can.c.obj
                0x08002e66                HAL_CAN_SleepCallback
 .text.HAL_CAN_WakeUpFromRxMsgCallback
                0x08002e68        0x2 CMakeFiles/testcode.elf.dir/Drivers/STM32F4xx_HAL_Driver/Src/stm32f4xx_hal_can.c.obj
                0x08002e68                HAL_CAN_WakeUpFromRxMsgCallback
 .text.HAL_CAN_ErrorCallback
                0x08002e6a        0x2 CMakeFiles/testcode.elf.dir/Drivers/STM32F4xx_HAL_Driver/Src/stm32f4xx_hal_can.c.obj
                0x08002e6a                HAL_CAN_ErrorCallback
 .text.HAL_CAN_IRQHandler
                0x08002e6c      0x24a CMakeFiles/testcode.elf.dir/Drivers/STM32F4xx_HAL_Driver/Src/stm32f4xx_hal_can.c.obj
                0x08002e6c                HAL_CAN_IRQHandler
 *fill*         0x080030b6        0x2 
 .text.__NVIC_EnableIRQ
                0x080030b8       0x1c CMakeFiles/testcode.elf.dir/Drivers/STM32F4xx_HAL_Driver/Src/stm32f4xx_hal_cortex.c.obj
 .text.__NVIC_SetPriority
                0x080030d4       0x28 CMakeFiles/testcode.elf.dir/Drivers/STM32F4xx_HAL_Driver/Src/stm32f4xx_hal_cortex.c.obj
 .text.NVIC_EncodePriority
                0x080030fc       0x3e CMakeFiles/testcode.elf.dir/Drivers/STM32F4xx_HAL_Driver/Src/stm32f4xx_hal_cortex.c.obj
 *fill*         0x0800313a        0x2 
 .text.HAL_NVIC_SetPriorityGrouping
                0x0800313c       0x24 CMakeFiles/testcode.elf.dir/Drivers/STM32F4xx_HAL_Driver/Src/stm32f4xx_hal_cortex.c.obj
                0x0800313c                HAL_NVIC_SetPriorityGrouping
 .text.HAL_NVIC_SetPriority
                0x08003160       0x20 CMakeFiles/testcode.elf.dir/Drivers/STM32F4xx_HAL_Driver/Src/stm32f4xx_hal_cortex.c.obj
                0x08003160                HAL_NVIC_SetPriority
 .text.HAL_NVIC_EnableIRQ
                0x08003180        0x8 CMakeFiles/testcode.elf.dir/Drivers/STM32F4xx_HAL_Driver/Src/stm32f4xx_hal_cortex.c.obj
                0x08003180                HAL_NVIC_EnableIRQ
 .text.HAL_SYSTICK_Config
                0x08003188       0x28 CMakeFiles/testcode.elf.dir/Drivers/STM32F4xx_HAL_Driver/Src/stm32f4xx_hal_cortex.c.obj
                0x08003188                HAL_SYSTICK_Config
 .text.DMA_CalcBaseAndBitshift
                0x080031b0       0x40 CMakeFiles/testcode.elf.dir/Drivers/STM32F4xx_HAL_Driver/Src/stm32f4xx_hal_dma.c.obj
 .text.DMA_CheckFifoParam
                0x080031f0       0x8e CMakeFiles/testcode.elf.dir/Drivers/STM32F4xx_HAL_Driver/Src/stm32f4xx_hal_dma.c.obj
 *fill*         0x0800327e        0x2 
 .text.HAL_DMA_Init
                0x08003280       0xcc CMakeFiles/testcode.elf.dir/Drivers/STM32F4xx_HAL_Driver/Src/stm32f4xx_hal_dma.c.obj
                0x08003280                HAL_DMA_Init
 .text.HAL_DMA_Abort
                0x0800334c       0x94 CMakeFiles/testcode.elf.dir/Drivers/STM32F4xx_HAL_Driver/Src/stm32f4xx_hal_dma.c.obj
                0x0800334c                HAL_DMA_Abort
 .text.HAL_DMA_Abort_IT
                0x080033e0       0x26 CMakeFiles/testcode.elf.dir/Drivers/STM32F4xx_HAL_Driver/Src/stm32f4xx_hal_dma.c.obj
                0x080033e0                HAL_DMA_Abort_IT
 *fill*         0x08003406        0x2 
 .text.HAL_DMA_IRQHandler
                0x08003408      0x1dc CMakeFiles/testcode.elf.dir/Drivers/STM32F4xx_HAL_Driver/Src/stm32f4xx_hal_dma.c.obj
                0x08003408                HAL_DMA_IRQHandler
 .text.HAL_GPIO_Init
                0x080035e4      0x1f4 CMakeFiles/testcode.elf.dir/Drivers/STM32F4xx_HAL_Driver/Src/stm32f4xx_hal_gpio.c.obj
                0x080035e4                HAL_GPIO_Init
 .text.HAL_GPIO_WritePin
                0x080037d8        0xc CMakeFiles/testcode.elf.dir/Drivers/STM32F4xx_HAL_Driver/Src/stm32f4xx_hal_gpio.c.obj
                0x080037d8                HAL_GPIO_WritePin
 .text.HAL_GPIO_TogglePin
                0x080037e4       0x12 CMakeFiles/testcode.elf.dir/Drivers/STM32F4xx_HAL_Driver/Src/stm32f4xx_hal_gpio.c.obj
                0x080037e4                HAL_GPIO_TogglePin
 .text.HAL_IWDG_Init
                0x080037f6       0x58 CMakeFiles/testcode.elf.dir/Drivers/STM32F4xx_HAL_Driver/Src/stm32f4xx_hal_iwdg.c.obj
                0x080037f6                HAL_IWDG_Init
 .text.HAL_IWDG_Refresh
                0x0800384e        0xc CMakeFiles/testcode.elf.dir/Drivers/STM32F4xx_HAL_Driver/Src/stm32f4xx_hal_iwdg.c.obj
                0x0800384e                HAL_IWDG_Refresh
 *fill*         0x0800385a        0x2 
 .text.HAL_RCC_OscConfig
                0x0800385c      0x3f8 CMakeFiles/testcode.elf.dir/Drivers/STM32F4xx_HAL_Driver/Src/stm32f4xx_hal_rcc.c.obj
                0x0800385c                HAL_RCC_OscConfig
 .text.HAL_RCC_GetSysClockFreq
                0x08003c54       0xa8 CMakeFiles/testcode.elf.dir/Drivers/STM32F4xx_HAL_Driver/Src/stm32f4xx_hal_rcc.c.obj
                0x08003c54                HAL_RCC_GetSysClockFreq
 .text.HAL_RCC_ClockConfig
                0x08003cfc      0x160 CMakeFiles/testcode.elf.dir/Drivers/STM32F4xx_HAL_Driver/Src/stm32f4xx_hal_rcc.c.obj
                0x08003cfc                HAL_RCC_ClockConfig
 .text.HAL_RCC_GetHCLKFreq
                0x08003e5c        0xc CMakeFiles/testcode.elf.dir/Drivers/STM32F4xx_HAL_Driver/Src/stm32f4xx_hal_rcc.c.obj
                0x08003e5c                HAL_RCC_GetHCLKFreq
 .text.HAL_RCC_GetPCLK1Freq
                0x08003e68       0x20 CMakeFiles/testcode.elf.dir/Drivers/STM32F4xx_HAL_Driver/Src/stm32f4xx_hal_rcc.c.obj
                0x08003e68                HAL_RCC_GetPCLK1Freq
 .text.HAL_RCC_GetPCLK2Freq
                0x08003e88       0x20 CMakeFiles/testcode.elf.dir/Drivers/STM32F4xx_HAL_Driver/Src/stm32f4xx_hal_rcc.c.obj
                0x08003e88                HAL_RCC_GetPCLK2Freq
 .text.HAL_TIM_Base_Start_IT
                0x08003ea8       0x88 CMakeFiles/testcode.elf.dir/Drivers/STM32F4xx_HAL_Driver/Src/stm32f4xx_hal_tim.c.obj
                0x08003ea8                HAL_TIM_Base_Start_IT
 .text.HAL_TIM_OC_DelayElapsedCallback
                0x08003f30        0x2 CMakeFiles/testcode.elf.dir/Drivers/STM32F4xx_HAL_Driver/Src/stm32f4xx_hal_tim.c.obj
                0x08003f30                HAL_TIM_OC_DelayElapsedCallback
 .text.HAL_TIM_IC_CaptureCallback
                0x08003f32        0x2 CMakeFiles/testcode.elf.dir/Drivers/STM32F4xx_HAL_Driver/Src/stm32f4xx_hal_tim.c.obj
                0x08003f32                HAL_TIM_IC_CaptureCallback
 .text.HAL_TIM_PWM_PulseFinishedCallback
                0x08003f34        0x2 CMakeFiles/testcode.elf.dir/Drivers/STM32F4xx_HAL_Driver/Src/stm32f4xx_hal_tim.c.obj
                0x08003f34                HAL_TIM_PWM_PulseFinishedCallback
 .text.HAL_TIM_TriggerCallback
                0x08003f36        0x2 CMakeFiles/testcode.elf.dir/Drivers/STM32F4xx_HAL_Driver/Src/stm32f4xx_hal_tim.c.obj
                0x08003f36                HAL_TIM_TriggerCallback
 .text.HAL_TIM_IRQHandler
                0x08003f38      0x15e CMakeFiles/testcode.elf.dir/Drivers/STM32F4xx_HAL_Driver/Src/stm32f4xx_hal_tim.c.obj
                0x08003f38                HAL_TIM_IRQHandler
 *fill*         0x08004096        0x2 
 .text.TIM_Base_SetConfig
                0x08004098       0xd8 CMakeFiles/testcode.elf.dir/Drivers/STM32F4xx_HAL_Driver/Src/stm32f4xx_hal_tim.c.obj
                0x08004098                TIM_Base_SetConfig
 .text.HAL_TIM_Base_Init
                0x08004170       0x58 CMakeFiles/testcode.elf.dir/Drivers/STM32F4xx_HAL_Driver/Src/stm32f4xx_hal_tim.c.obj
                0x08004170                HAL_TIM_Base_Init
 .text.HAL_TIMEx_MasterConfigSynchronization
                0x080041c8       0x8c CMakeFiles/testcode.elf.dir/Drivers/STM32F4xx_HAL_Driver/Src/stm32f4xx_hal_tim_ex.c.obj
                0x080041c8                HAL_TIMEx_MasterConfigSynchronization
 .text.HAL_TIMEx_CommutCallback
                0x08004254        0x2 CMakeFiles/testcode.elf.dir/Drivers/STM32F4xx_HAL_Driver/Src/stm32f4xx_hal_tim_ex.c.obj
                0x08004254                HAL_TIMEx_CommutCallback
 .text.HAL_TIMEx_BreakCallback
                0x08004256        0x2 CMakeFiles/testcode.elf.dir/Drivers/STM32F4xx_HAL_Driver/Src/stm32f4xx_hal_tim_ex.c.obj
                0x08004256                HAL_TIMEx_BreakCallback
 .text.UART_EndRxTransfer
                0x08004258       0x5c CMakeFiles/testcode.elf.dir/Drivers/STM32F4xx_HAL_Driver/Src/stm32f4xx_hal_uart.c.obj
 .text.UART_Transmit_IT
                0x080042b4       0x60 CMakeFiles/testcode.elf.dir/Drivers/STM32F4xx_HAL_Driver/Src/stm32f4xx_hal_uart.c.obj
 .text.UART_SetConfig
                0x08004314      0x110 CMakeFiles/testcode.elf.dir/Drivers/STM32F4xx_HAL_Driver/Src/stm32f4xx_hal_uart.c.obj
 .text.HAL_UART_Init
                0x08004424       0x60 CMakeFiles/testcode.elf.dir/Drivers/STM32F4xx_HAL_Driver/Src/stm32f4xx_hal_uart.c.obj
                0x08004424                HAL_UART_Init
 .text.HAL_UART_TxCpltCallback
                0x08004484        0x2 CMakeFiles/testcode.elf.dir/Drivers/STM32F4xx_HAL_Driver/Src/stm32f4xx_hal_uart.c.obj
                0x08004484                HAL_UART_TxCpltCallback
 .text.UART_EndTransmit_IT
                0x08004486       0x1a CMakeFiles/testcode.elf.dir/Drivers/STM32F4xx_HAL_Driver/Src/stm32f4xx_hal_uart.c.obj
 .text.HAL_UART_ErrorCallback
                0x080044a0        0x2 CMakeFiles/testcode.elf.dir/Drivers/STM32F4xx_HAL_Driver/Src/stm32f4xx_hal_uart.c.obj
                0x080044a0                HAL_UART_ErrorCallback
 .text.UART_DMAAbortOnError
                0x080044a2       0x10 CMakeFiles/testcode.elf.dir/Drivers/STM32F4xx_HAL_Driver/Src/stm32f4xx_hal_uart.c.obj
 .text.HAL_UARTEx_RxEventCallback
                0x080044b2        0x2 CMakeFiles/testcode.elf.dir/Drivers/STM32F4xx_HAL_Driver/Src/stm32f4xx_hal_uart.c.obj
                0x080044b2                HAL_UARTEx_RxEventCallback
 .text.UART_Receive_IT
                0x080044b4       0xe6 CMakeFiles/testcode.elf.dir/Drivers/STM32F4xx_HAL_Driver/Src/stm32f4xx_hal_uart.c.obj
 *fill*         0x0800459a        0x2 
 .text.HAL_UART_IRQHandler
                0x0800459c      0x284 CMakeFiles/testcode.elf.dir/Drivers/STM32F4xx_HAL_Driver/Src/stm32f4xx_hal_uart.c.obj
                0x0800459c                HAL_UART_IRQHandler
 .text.abort    0x08004820        0xe C:/ST/STM32CubeCLT_1.16.0/GNU-tools-for-STM32/bin/../lib/gcc/arm-none-eabi/12.3.1/../../../../arm-none-eabi/lib/thumb/v7e-m/nofp\libg.a(libc_a-abort.o)
                0x08004820                abort
 .text.memset   0x0800482e       0x10 C:/ST/STM32CubeCLT_1.16.0/GNU-tools-for-STM32/bin/../lib/gcc/arm-none-eabi/12.3.1/../../../../arm-none-eabi/lib/thumb/v7e-m/nofp\libg.a(libc_a-memset.o)
                0x0800482e                memset
 .text._raise_r
                0x0800483e       0x52 C:/ST/STM32CubeCLT_1.16.0/GNU-tools-for-STM32/bin/../lib/gcc/arm-none-eabi/12.3.1/../../../../arm-none-eabi/lib/thumb/v7e-m/nofp\libg.a(libc_a-signal.o)
                0x0800483e                _raise_r
 .text.raise    0x08004890       0x10 C:/ST/STM32CubeCLT_1.16.0/GNU-tools-for-STM32/bin/../lib/gcc/arm-none-eabi/12.3.1/../../../../arm-none-eabi/lib/thumb/v7e-m/nofp\libg.a(libc_a-signal.o)
                0x08004890                raise
 .text._kill_r  0x080048a0       0x24 C:/ST/STM32CubeCLT_1.16.0/GNU-tools-for-STM32/bin/../lib/gcc/arm-none-eabi/12.3.1/../../../../arm-none-eabi/lib/thumb/v7e-m/nofp\libg.a(libc_a-signalr.o)
                0x080048a0                _kill_r
 .text._getpid_r
                0x080048c4        0x4 C:/ST/STM32CubeCLT_1.16.0/GNU-tools-for-STM32/bin/../lib/gcc/arm-none-eabi/12.3.1/../../../../arm-none-eabi/lib/thumb/v7e-m/nofp\libg.a(libc_a-signalr.o)
                0x080048c4                _getpid_r
 .text.__errno  0x080048c8        0xc C:/ST/STM32CubeCLT_1.16.0/GNU-tools-for-STM32/bin/../lib/gcc/arm-none-eabi/12.3.1/../../../../arm-none-eabi/lib/thumb/v7e-m/nofp\libg.a(libc_a-errno.o)
                0x080048c8                __errno
 .text.__libc_init_array
                0x080048d4       0x48 C:/ST/STM32CubeCLT_1.16.0/GNU-tools-for-STM32/bin/../lib/gcc/arm-none-eabi/12.3.1/../../../../arm-none-eabi/lib/thumb/v7e-m/nofp\libg.a(libc_a-init.o)
                0x080048d4                __libc_init_array
 .text.__retarget_lock_acquire_recursive
                0x0800491c        0x2 C:/ST/STM32CubeCLT_1.16.0/GNU-tools-for-STM32/bin/../lib/gcc/arm-none-eabi/12.3.1/../../../../arm-none-eabi/lib/thumb/v7e-m/nofp\libg.a(libc_a-lock.o)
                0x0800491c                __retarget_lock_acquire_recursive
 .text.__retarget_lock_release_recursive
                0x0800491e        0x2 C:/ST/STM32CubeCLT_1.16.0/GNU-tools-for-STM32/bin/../lib/gcc/arm-none-eabi/12.3.1/../../../../arm-none-eabi/lib/thumb/v7e-m/nofp\libg.a(libc_a-lock.o)
                0x0800491e                __retarget_lock_release_recursive
 .text.memcpy   0x08004920       0x1c C:/ST/STM32CubeCLT_1.16.0/GNU-tools-for-STM32/bin/../lib/gcc/arm-none-eabi/12.3.1/../../../../arm-none-eabi/lib/thumb/v7e-m/nofp\libg.a(libc_a-memcpy-stub.o)
                0x08004920                memcpy
 .text.startup.register_fini
                0x0800493c       0x14 C:/ST/STM32CubeCLT_1.16.0/GNU-tools-for-STM32/bin/../lib/gcc/arm-none-eabi/12.3.1/../../../../arm-none-eabi/lib/thumb/v7e-m/nofp\libg.a(libc_a-__call_atexit.o)
 .text.atexit   0x08004950        0xc C:/ST/STM32CubeCLT_1.16.0/GNU-tools-for-STM32/bin/../lib/gcc/arm-none-eabi/12.3.1/../../../../arm-none-eabi/lib/thumb/v7e-m/nofp\libg.a(libc_a-atexit.o)
                0x08004950                atexit
 .text.__libc_fini_array
                0x0800495c       0x28 C:/ST/STM32CubeCLT_1.16.0/GNU-tools-for-STM32/bin/../lib/gcc/arm-none-eabi/12.3.1/../../../../arm-none-eabi/lib/thumb/v7e-m/nofp\libg.a(libc_a-fini.o)
                0x0800495c                __libc_fini_array
 .text.__register_exitproc
                0x08004984       0x80 C:/ST/STM32CubeCLT_1.16.0/GNU-tools-for-STM32/bin/../lib/gcc/arm-none-eabi/12.3.1/../../../../arm-none-eabi/lib/thumb/v7e-m/nofp\libg.a(libc_a-__atexit.o)
                0x08004984                __register_exitproc
 *(.glue_7)
 .glue_7        0x08004a04        0x0 linker stubs
 *(.glue_7t)
 .glue_7t       0x08004a04        0x0 linker stubs
 *(.eh_frame)
 .eh_frame      0x08004a04        0x0 C:/ST/STM32CubeCLT_1.16.0/GNU-tools-for-STM32/bin/../lib/gcc/arm-none-eabi/12.3.1/thumb/v7e-m/nofp/crtbegin.o
 *(.init)
 .init          0x08004a04        0x4 C:/ST/STM32CubeCLT_1.16.0/GNU-tools-for-STM32/bin/../lib/gcc/arm-none-eabi/12.3.1/thumb/v7e-m/nofp/crti.o
                0x08004a04                _init
 .init          0x08004a08        0x8 C:/ST/STM32CubeCLT_1.16.0/GNU-tools-for-STM32/bin/../lib/gcc/arm-none-eabi/12.3.1/thumb/v7e-m/nofp/crtn.o
 *(.fini)
 .fini          0x08004a10        0x4 C:/ST/STM32CubeCLT_1.16.0/GNU-tools-for-STM32/bin/../lib/gcc/arm-none-eabi/12.3.1/thumb/v7e-m/nofp/crti.o
                0x08004a10                _fini
 .fini          0x08004a14        0x8 C:/ST/STM32CubeCLT_1.16.0/GNU-tools-for-STM32/bin/../lib/gcc/arm-none-eabi/12.3.1/thumb/v7e-m/nofp/crtn.o
                0x08004a1c                        . = ALIGN (0x4)
                0x08004a1c                        _etext = .

.vfp11_veneer   0x08004a1c        0x0
 .vfp11_veneer  0x08004a1c        0x0 linker stubs

.v4_bx          0x08004a1c        0x0
 .v4_bx         0x08004a1c        0x0 linker stubs

.iplt           0x08004a1c        0x0
 .iplt          0x08004a1c        0x0 C:/ST/STM32CubeCLT_1.16.0/GNU-tools-for-STM32/bin/../lib/gcc/arm-none-eabi/12.3.1/thumb/v7e-m/nofp/crtbegin.o

.rodata         0x08004a1c       0x48
                0x08004a1c                        . = ALIGN (0x4)
 *(.rodata)
 .rodata        0x08004a1c       0x28 CMakeFiles/testcode.elf.dir/Core/Src/can_comm.cpp.obj
 *(.rodata*)
 .rodata.APBPrescTable
                0x08004a44        0x8 CMakeFiles/testcode.elf.dir/Core/Src/system_stm32f4xx.c.obj
                0x08004a44                APBPrescTable
 .rodata.AHBPrescTable
                0x08004a4c       0x10 CMakeFiles/testcode.elf.dir/Core/Src/system_stm32f4xx.c.obj
                0x08004a4c                AHBPrescTable
 .rodata.flagBitshiftOffset.0
                0x08004a5c        0x8 CMakeFiles/testcode.elf.dir/Drivers/STM32F4xx_HAL_Driver/Src/stm32f4xx_hal_dma.c.obj
                0x08004a64                        . = ALIGN (0x4)

.ARM.extab      0x08004a64       0x3c
                0x08004a64                        . = ALIGN (0x4)
 *(.ARM.extab* .gnu.linkonce.armextab.*)
 .ARM.extab.text._Z5limitIfET_S0_RKS0_S2_
                0x08004a64        0x0 CMakeFiles/testcode.elf.dir/Core/Src/PID.cpp.obj
 .ARM.extab.text.HAL_TIM_PeriodElapsedCallback
                0x08004a64        0xc CMakeFiles/testcode.elf.dir/Core/Src/callback.cpp.obj
 .ARM.extab.text.HAL_UART_RxCpltCallback
                0x08004a70        0xc CMakeFiles/testcode.elf.dir/Core/Src/callback.cpp.obj
 .ARM.extab.text.mainloop
                0x08004a7c        0xc CMakeFiles/testcode.elf.dir/Core/Src/control.cpp.obj
 .ARM.extab.text._Z13linearmappingItfET0_T_RKS1_S3_RKS0_S5_
                0x08004a88        0x0 CMakeFiles/testcode.elf.dir/Core/Src/motor.cpp.obj
 .ARM.extab.text._Z13linearmappingIftET0_T_RKS1_S3_RKS0_S5_
                0x08004a88        0x0 CMakeFiles/testcode.elf.dir/Core/Src/motor.cpp.obj
 .ARM.extab.text._ZN2RC17RCChannel_mappingEt
                0x08004a88        0x0 CMakeFiles/testcode.elf.dir/Core/Src/remote.cpp.obj
 .ARM.extab     0x08004a88       0x18 C:/ST/STM32CubeCLT_1.16.0/GNU-tools-for-STM32/bin/../lib/gcc/arm-none-eabi/12.3.1/thumb/v7e-m/nofp\libgcc.a(pr-support.o)
                0x08004aa0                        . = ALIGN (0x4)

.ARM            0x08004aa0      0x128
                0x08004aa0                        . = ALIGN (0x4)
                0x08004aa0                        __exidx_start = .
 *(.ARM.exidx*)
 .ARM.exidx     0x08004aa0        0x8 C:/ST/STM32CubeCLT_1.16.0/GNU-tools-for-STM32/bin/../lib/gcc/arm-none-eabi/12.3.1/thumb/v7e-m/nofp\libgcc.a(_udivmoddi4.o)
 .ARM.exidx     0x08004aa8       0x78 C:/ST/STM32CubeCLT_1.16.0/GNU-tools-for-STM32/bin/../lib/gcc/arm-none-eabi/12.3.1/thumb/v7e-m/nofp\libgcc.a(unwind-arm.o)
                                 0xd8 (size before relaxing)
 .ARM.exidx     0x08004b20       0x38 C:/ST/STM32CubeCLT_1.16.0/GNU-tools-for-STM32/bin/../lib/gcc/arm-none-eabi/12.3.1/thumb/v7e-m/nofp\libgcc.a(pr-support.o)
 .ARM.exidx.text._ZN3PIDC2Efffff
                0x08004b58        0x0 CMakeFiles/testcode.elf.dir/Core/Src/PID.cpp.obj
                                  0x8 (size before relaxing)
 .ARM.exidx.text._Z5limitIfET_S0_RKS0_S2_
                0x08004b58        0x0 CMakeFiles/testcode.elf.dir/Core/Src/PID.cpp.obj
                                  0x8 (size before relaxing)
 .ARM.exidx.text._ZN3PID4calcEff
                0x08004b58        0x0 CMakeFiles/testcode.elf.dir/Core/Src/PID.cpp.obj
                                  0x8 (size before relaxing)
 .ARM.exidx.text.HAL_TIM_PeriodElapsedCallback
                0x08004b58        0x8 CMakeFiles/testcode.elf.dir/Core/Src/callback.cpp.obj
 .ARM.exidx.text.HAL_CAN_RxFifo0MsgPendingCallback
                0x08004b60        0x8 CMakeFiles/testcode.elf.dir/Core/Src/callback.cpp.obj
 .ARM.exidx.text.HAL_UART_RxCpltCallback
                0x08004b68       0x10 CMakeFiles/testcode.elf.dir/Core/Src/callback.cpp.obj
                                  0x8 (size before relaxing)
 .ARM.exidx.text.canInit
                0x08004b78        0x8 CMakeFiles/testcode.elf.dir/Core/Src/can_comm.cpp.obj
 .ARM.exidx.text.mainloop
                0x08004b80       0x10 CMakeFiles/testcode.elf.dir/Core/Src/control.cpp.obj
                                  0x8 (size before relaxing)
 .ARM.exidx.text._Z9loopLimitfRKfS0_
                0x08004b90        0x0 CMakeFiles/testcode.elf.dir/Core/Src/math.cpp.obj
                                  0x8 (size before relaxing)
 .ARM.exidx.text._Z15degNormalize180RKf
                0x08004b90        0x0 CMakeFiles/testcode.elf.dir/Core/Src/math.cpp.obj
                                  0x8 (size before relaxing)
 .ARM.exidx.text._Z7rpm2dpsRKf
                0x08004b90        0x0 CMakeFiles/testcode.elf.dir/Core/Src/math.cpp.obj
                                  0x8 (size before relaxing)
 .ARM.exidx.text._ZN5MotorC2ERKNS_4typeERKfRK3PID
                0x08004b90        0x0 CMakeFiles/testcode.elf.dir/Core/Src/motor.cpp.obj
                                  0x8 (size before relaxing)
 .ARM.exidx.text._ZN5Motor8setAngleEf
                0x08004b90        0x0 CMakeFiles/testcode.elf.dir/Core/Src/motor.cpp.obj
                                  0x8 (size before relaxing)
 .ARM.exidx.text._ZN5Motor7sendMsgEv
                0x08004b90        0x8 CMakeFiles/testcode.elf.dir/Core/Src/motor.cpp.obj
 .ARM.exidx.text._ZN15MotorManagement8configIdEv
                0x08004b98        0x8 CMakeFiles/testcode.elf.dir/Core/Src/motor.cpp.obj
 .ARM.exidx.text._ZN15MotorManagementC2EPP5Motor
                0x08004ba0        0x0 CMakeFiles/testcode.elf.dir/Core/Src/motor.cpp.obj
                                  0x8 (size before relaxing)
 .ARM.exidx.text._Z41__static_initialization_and_destruction_0ii
                0x08004ba0        0x0 CMakeFiles/testcode.elf.dir/Core/Src/motor.cpp.obj
                                  0x8 (size before relaxing)
 .ARM.exidx.text._Z13linearmappingItfET0_T_RKS1_S3_RKS0_S5_
                0x08004ba0        0x0 CMakeFiles/testcode.elf.dir/Core/Src/motor.cpp.obj
                                  0x8 (size before relaxing)
 .ARM.exidx.text._ZN15MotorManagement17canMotorsCallbackEP17CAN_HandleTypeDef19CAN_RxHeaderTypeDefPh
                0x08004ba0        0x8 CMakeFiles/testcode.elf.dir/Core/Src/motor.cpp.obj
 .ARM.exidx.text._Z11canRxHandleP17CAN_HandleTypeDef19CAN_RxHeaderTypeDefPh
                0x08004ba8        0x8 CMakeFiles/testcode.elf.dir/Core/Src/motor.cpp.obj
 .ARM.exidx.text._Z13linearmappingIftET0_T_RKS1_S3_RKS0_S5_
                0x08004bb0        0x8 CMakeFiles/testcode.elf.dir/Core/Src/motor.cpp.obj
 .ARM.exidx.text._ZN5Motor10setcurrentEf
                0x08004bb8        0x0 CMakeFiles/testcode.elf.dir/Core/Src/motor.cpp.obj
                                  0x8 (size before relaxing)
 .ARM.exidx.text._ZN5Motor6handleEv
                0x08004bb8        0x8 CMakeFiles/testcode.elf.dir/Core/Src/motor.cpp.obj
 .ARM.exidx.text._ZN15MotorManagement7controlEv
                0x08004bc0        0x0 CMakeFiles/testcode.elf.dir/Core/Src/motor.cpp.obj
                                  0x8 (size before relaxing)
 .ARM.exidx.text._GLOBAL__sub_I_Amplitude_p
                0x08004bc0        0x8 CMakeFiles/testcode.elf.dir/Core/Src/motor.cpp.obj
 .ARM.exidx.text._ZN2RCC2Ev
                0x08004bc8        0x0 CMakeFiles/testcode.elf.dir/Core/Src/remote.cpp.obj
                                  0x8 (size before relaxing)
 .ARM.exidx.text._Z41__static_initialization_and_destruction_0ii
                0x08004bc8        0x0 CMakeFiles/testcode.elf.dir/Core/Src/remote.cpp.obj
                                  0x8 (size before relaxing)
 .ARM.exidx.text._ZN2RC17RCChannel_mappingEt
                0x08004bc8        0x0 CMakeFiles/testcode.elf.dir/Core/Src/remote.cpp.obj
                                  0x8 (size before relaxing)
 .ARM.exidx.text._ZN2RC6handleEPh
                0x08004bc8        0x0 CMakeFiles/testcode.elf.dir/Core/Src/remote.cpp.obj
                                  0x8 (size before relaxing)
 .ARM.exidx.text._Z12uartRxHandlePh
                0x08004bc8        0x0 CMakeFiles/testcode.elf.dir/Core/Src/remote.cpp.obj
                                  0x8 (size before relaxing)
 .ARM.exidx.text._GLOBAL__sub_I_rc
                0x08004bc8        0x0 CMakeFiles/testcode.elf.dir/Core/Src/remote.cpp.obj
                                  0x8 (size before relaxing)
                0x08004bc8                        __exidx_end = .
                0x08004bc8                        . = ALIGN (0x4)

.preinit_array  0x08004bc8        0x0
                0x08004bc8                        . = ALIGN (0x4)
                0x08004bc8                        PROVIDE (__preinit_array_start = .)
 *(.preinit_array*)
                0x08004bc8                        PROVIDE (__preinit_array_end = .)
                0x08004bc8                        . = ALIGN (0x4)

.init_array     0x08004bc8       0x10
                0x08004bc8                        . = ALIGN (0x4)
                0x08004bc8                        PROVIDE (__init_array_start = .)
 *(SORT_BY_NAME(.init_array.*))
 .init_array.00000
                0x08004bc8        0x4 C:/ST/STM32CubeCLT_1.16.0/GNU-tools-for-STM32/bin/../lib/gcc/arm-none-eabi/12.3.1/../../../../arm-none-eabi/lib/thumb/v7e-m/nofp\libg.a(libc_a-__call_atexit.o)
 *(.init_array*)
 .init_array    0x08004bcc        0x4 C:/ST/STM32CubeCLT_1.16.0/GNU-tools-for-STM32/bin/../lib/gcc/arm-none-eabi/12.3.1/thumb/v7e-m/nofp/crtbegin.o
 .init_array    0x08004bd0        0x4 CMakeFiles/testcode.elf.dir/Core/Src/motor.cpp.obj
 .init_array    0x08004bd4        0x4 CMakeFiles/testcode.elf.dir/Core/Src/remote.cpp.obj
                0x08004bd8                        PROVIDE (__init_array_end = .)
                0x08004bd8                        . = ALIGN (0x4)

.fini_array     0x08004bd8        0x4
                0x08004bd8                        . = ALIGN (0x4)
                0x08004bd8                        PROVIDE (__fini_array_start = .)
 *(SORT_BY_NAME(.fini_array.*))
 *(.fini_array*)
 .fini_array    0x08004bd8        0x4 C:/ST/STM32CubeCLT_1.16.0/GNU-tools-for-STM32/bin/../lib/gcc/arm-none-eabi/12.3.1/thumb/v7e-m/nofp/crtbegin.o
                0x08004bdc                        PROVIDE (__fini_array_end = .)
                0x08004bdc                        . = ALIGN (0x4)
                0x08004bdc                        _sidata = LOADADDR (.data)

.rel.dyn        0x08004bdc        0x0
 .rel.iplt      0x08004bdc        0x0 C:/ST/STM32CubeCLT_1.16.0/GNU-tools-for-STM32/bin/../lib/gcc/arm-none-eabi/12.3.1/thumb/v7e-m/nofp/crtbegin.o

.data           0x20000000      0x144 load address 0x08004bdc
                0x20000000                        . = ALIGN (0x4)
                0x20000000                        _sdata = .
 *(.data)
 *(.data*)
 .data.motors_in_use
                0x20000000       0x10 CMakeFiles/testcode.elf.dir/Core/Src/motor.cpp.obj
                0x20000000                motors_in_use
 .data.SystemCoreClock
                0x20000010        0x4 CMakeFiles/testcode.elf.dir/Core/Src/system_stm32f4xx.c.obj
                0x20000010                SystemCoreClock
 .data.uwTickFreq
                0x20000014        0x1 CMakeFiles/testcode.elf.dir/Drivers/STM32F4xx_HAL_Driver/Src/stm32f4xx_hal.c.obj
                0x20000014                uwTickFreq
 *fill*         0x20000015        0x3 
 .data.uwTickPrio
                0x20000018        0x4 CMakeFiles/testcode.elf.dir/Drivers/STM32F4xx_HAL_Driver/Src/stm32f4xx_hal.c.obj
                0x20000018                uwTickPrio
 .data._impure_ptr
                0x2000001c        0x4 C:/ST/STM32CubeCLT_1.16.0/GNU-tools-for-STM32/bin/../lib/gcc/arm-none-eabi/12.3.1/../../../../arm-none-eabi/lib/thumb/v7e-m/nofp\libg.a(libc_a-impure.o)
                0x2000001c                _impure_ptr
 .data._impure_data
                0x20000020      0x120 C:/ST/STM32CubeCLT_1.16.0/GNU-tools-for-STM32/bin/../lib/gcc/arm-none-eabi/12.3.1/../../../../arm-none-eabi/lib/thumb/v7e-m/nofp\libg.a(libc_a-impure.o)
                0x20000020                _impure_data
 .data.__atexit_recursive_mutex
                0x20000140        0x4 C:/ST/STM32CubeCLT_1.16.0/GNU-tools-for-STM32/bin/../lib/gcc/arm-none-eabi/12.3.1/../../../../arm-none-eabi/lib/thumb/v7e-m/nofp\libg.a(libc_a-__call_atexit.o)
                0x20000140                __atexit_recursive_mutex
 *(.RamFunc)
 *(.RamFunc*)
                0x20000144                        . = ALIGN (0x4)
                0x20000144                        _edata = .
                0x08004d20                        _siccmram = LOADADDR (.ccmram)

.igot.plt       0x20000144        0x0 load address 0x08004d20
 .igot.plt      0x20000144        0x0 C:/ST/STM32CubeCLT_1.16.0/GNU-tools-for-STM32/bin/../lib/gcc/arm-none-eabi/12.3.1/thumb/v7e-m/nofp/crtbegin.o

.ccmram         0x10000000        0x0 load address 0x08004d20
                0x10000000                        . = ALIGN (0x4)
                0x10000000                        _sccmram = .
 *(.ccmram)
 *(.ccmram*)
                0x10000000                        . = ALIGN (0x4)
                0x10000000                        _eccmram = .
                0x10000000                        . = ALIGN (0x4)

.bss            0x20000144      0x6ac
                0x20000144                        _sbss = .
                0x20000144                        __bss_start__ = _sbss
 *(.bss)
 .bss           0x20000144       0x1c C:/ST/STM32CubeCLT_1.16.0/GNU-tools-for-STM32/bin/../lib/gcc/arm-none-eabi/12.3.1/thumb/v7e-m/nofp/crtbegin.o
 *(.bss*)
 .bss.rx_data   0x20000160        0x8 CMakeFiles/testcode.elf.dir/Core/Src/callback.cpp.obj
                0x20000160                rx_data
 .bss.HAL_RCC_CAN1_CLK_ENABLED
                0x20000168        0x4 CMakeFiles/testcode.elf.dir/Core/Src/can.c.obj
 .bss.hcan2     0x2000016c       0x28 CMakeFiles/testcode.elf.dir/Core/Src/can.c.obj
                0x2000016c                hcan2
 .bss.hcan1     0x20000194       0x28 CMakeFiles/testcode.elf.dir/Core/Src/can.c.obj
                0x20000194                hcan1
 .bss.a         0x200001bc        0x4 CMakeFiles/testcode.elf.dir/Core/Src/control.cpp.obj
                0x200001bc                a
 .bss.rx_buffer
                0x200001c0       0x12 CMakeFiles/testcode.elf.dir/Core/Src/control.cpp.obj
                0x200001c0                rx_buffer
 *fill*         0x200001d2        0x2 
 .bss.hiwdg     0x200001d4        0xc CMakeFiles/testcode.elf.dir/Core/Src/iwdg.c.obj
                0x200001d4                hiwdg
 .bss.motors    0x200001e0       0x10 CMakeFiles/testcode.elf.dir/Core/Src/motor.cpp.obj
                0x200001e0                motors
 .bss.GMFR      0x200001f0       0x7c CMakeFiles/testcode.elf.dir/Core/Src/motor.cpp.obj
                0x200001f0                GMFR
 .bss.GMFL      0x2000026c       0x7c CMakeFiles/testcode.elf.dir/Core/Src/motor.cpp.obj
                0x2000026c                GMFL
 .bss.GMP       0x200002e8       0x7c CMakeFiles/testcode.elf.dir/Core/Src/motor.cpp.obj
                0x200002e8                GMP
 .bss.GMY       0x20000364       0x7c CMakeFiles/testcode.elf.dir/Core/Src/motor.cpp.obj
                0x20000364                GMY
 .bss.TxData    0x200003e0        0x8 CMakeFiles/testcode.elf.dir/Core/Src/motor.cpp.obj
                0x200003e0                TxData
 .bss.c         0x200003e8        0x4 CMakeFiles/testcode.elf.dir/Core/Src/motor.cpp.obj
                0x200003e8                c
 .bss.b         0x200003ec        0x4 CMakeFiles/testcode.elf.dir/Core/Src/motor.cpp.obj
                0x200003ec                b
 .bss.rc        0x200003f0       0x38 CMakeFiles/testcode.elf.dir/Core/Src/remote.cpp.obj
                0x200003f0                rc
 .bss.htim6     0x20000428       0x48 CMakeFiles/testcode.elf.dir/Core/Src/tim.c.obj
                0x20000428                htim6
 .bss.hdma_usart1_rx
                0x20000470       0x60 CMakeFiles/testcode.elf.dir/Core/Src/usart.c.obj
                0x20000470                hdma_usart1_rx
 .bss.huart1    0x200004d0       0x48 CMakeFiles/testcode.elf.dir/Core/Src/usart.c.obj
                0x200004d0                huart1
 .bss.uwTick    0x20000518        0x4 CMakeFiles/testcode.elf.dir/Drivers/STM32F4xx_HAL_Driver/Src/stm32f4xx_hal.c.obj
                0x20000518                uwTick
 .bss.__sf      0x2000051c      0x138 C:/ST/STM32CubeCLT_1.16.0/GNU-tools-for-STM32/bin/../lib/gcc/arm-none-eabi/12.3.1/../../../../arm-none-eabi/lib/thumb/v7e-m/nofp\libg.a(libc_a-findfp.o)
                0x2000051c                __sf
 .bss.errno     0x20000654        0x4 C:/ST/STM32CubeCLT_1.16.0/GNU-tools-for-STM32/bin/../lib/gcc/arm-none-eabi/12.3.1/../../../../arm-none-eabi/lib/thumb/v7e-m/nofp\libg.a(libc_a-reent.o)
                0x20000654                errno
 .bss.__lock___atexit_recursive_mutex
                0x20000658        0x1 C:/ST/STM32CubeCLT_1.16.0/GNU-tools-for-STM32/bin/../lib/gcc/arm-none-eabi/12.3.1/../../../../arm-none-eabi/lib/thumb/v7e-m/nofp\libg.a(libc_a-lock.o)
                0x20000658                __lock___atexit_recursive_mutex
 *fill*         0x20000659        0x3 
 .bss.__atexit  0x2000065c        0x4 C:/ST/STM32CubeCLT_1.16.0/GNU-tools-for-STM32/bin/../lib/gcc/arm-none-eabi/12.3.1/../../../../arm-none-eabi/lib/thumb/v7e-m/nofp\libg.a(libc_a-__call_atexit.o)
                0x2000065c                __atexit
 .bss.__atexit0
                0x20000660      0x190 C:/ST/STM32CubeCLT_1.16.0/GNU-tools-for-STM32/bin/../lib/gcc/arm-none-eabi/12.3.1/../../../../arm-none-eabi/lib/thumb/v7e-m/nofp\libg.a(libc_a-__atexit.o)
                0x20000660                __atexit0
 *(COMMON)
                0x200007f0                        . = ALIGN (0x4)
                0x200007f0                        _ebss = .
                0x200007f0                        __bss_end__ = _ebss

._user_heap_stack
                0x200007f0      0x600
                0x200007f0                        . = ALIGN (0x8)
                [!provide]                        PROVIDE (end = .)
                0x200007f0                        PROVIDE (_end = .)
                0x200009f0                        . = (. + _Min_Heap_Size)
 *fill*         0x200007f0      0x200 
                0x20000df0                        . = (. + _Min_Stack_Size)
 *fill*         0x200009f0      0x400 
                0x20000df0                        . = ALIGN (0x8)

/DISCARD/
 libc.a(*)
 libm.a(*)
 libgcc.a(*)

.ARM.attributes
                0x00000000       0x2a
 *(.ARM.attributes)
 .ARM.attributes
                0x00000000       0x1e C:/ST/STM32CubeCLT_1.16.0/GNU-tools-for-STM32/bin/../lib/gcc/arm-none-eabi/12.3.1/thumb/v7e-m/nofp/crti.o
 .ARM.attributes
                0x0000001e       0x2e C:/ST/STM32CubeCLT_1.16.0/GNU-tools-for-STM32/bin/../lib/gcc/arm-none-eabi/12.3.1/thumb/v7e-m/nofp/crtbegin.o
 .ARM.attributes
                0x0000004c       0x2e CMakeFiles/testcode.elf.dir/Core/Src/PID.cpp.obj
 .ARM.attributes
                0x0000007a       0x2e CMakeFiles/testcode.elf.dir/Core/Src/callback.cpp.obj
 .ARM.attributes
                0x000000a8       0x2e CMakeFiles/testcode.elf.dir/Core/Src/can.c.obj
 .ARM.attributes
                0x000000d6       0x2e CMakeFiles/testcode.elf.dir/Core/Src/can_comm.cpp.obj
 .ARM.attributes
                0x00000104       0x2e CMakeFiles/testcode.elf.dir/Core/Src/control.cpp.obj
 .ARM.attributes
                0x00000132       0x2e CMakeFiles/testcode.elf.dir/Core/Src/dma.c.obj
 .ARM.attributes
                0x00000160       0x2e CMakeFiles/testcode.elf.dir/Core/Src/gpio.c.obj
 .ARM.attributes
                0x0000018e       0x2e CMakeFiles/testcode.elf.dir/Core/Src/iwdg.c.obj
 .ARM.attributes
                0x000001bc       0x2e CMakeFiles/testcode.elf.dir/Core/Src/main.c.obj
 .ARM.attributes
                0x000001ea       0x2e CMakeFiles/testcode.elf.dir/Core/Src/math.cpp.obj
 .ARM.attributes
                0x00000218       0x2e CMakeFiles/testcode.elf.dir/Core/Src/motor.cpp.obj
 .ARM.attributes
                0x00000246       0x2e CMakeFiles/testcode.elf.dir/Core/Src/remote.cpp.obj
 .ARM.attributes
                0x00000274       0x2e CMakeFiles/testcode.elf.dir/Core/Src/stm32f4xx_hal_msp.c.obj
 .ARM.attributes
                0x000002a2       0x2e CMakeFiles/testcode.elf.dir/Core/Src/stm32f4xx_it.c.obj
 .ARM.attributes
                0x000002d0       0x2e CMakeFiles/testcode.elf.dir/Core/Src/syscalls.c.obj
 .ARM.attributes
                0x000002fe       0x2e CMakeFiles/testcode.elf.dir/Core/Src/system_stm32f4xx.c.obj
 .ARM.attributes
                0x0000032c       0x2e CMakeFiles/testcode.elf.dir/Core/Src/tim.c.obj
 .ARM.attributes
                0x0000035a       0x2e CMakeFiles/testcode.elf.dir/Core/Src/usart.c.obj
 .ARM.attributes
                0x00000388       0x21 CMakeFiles/testcode.elf.dir/Core/Startup/startup_stm32f407ighx.s.obj
 .ARM.attributes
                0x000003a9       0x2e CMakeFiles/testcode.elf.dir/Drivers/STM32F4xx_HAL_Driver/Src/stm32f4xx_hal.c.obj
 .ARM.attributes
                0x000003d7       0x2e CMakeFiles/testcode.elf.dir/Drivers/STM32F4xx_HAL_Driver/Src/stm32f4xx_hal_can.c.obj
 .ARM.attributes
                0x00000405       0x2e CMakeFiles/testcode.elf.dir/Drivers/STM32F4xx_HAL_Driver/Src/stm32f4xx_hal_cortex.c.obj
 .ARM.attributes
                0x00000433       0x2e CMakeFiles/testcode.elf.dir/Drivers/STM32F4xx_HAL_Driver/Src/stm32f4xx_hal_dma.c.obj
 .ARM.attributes
                0x00000461       0x2e CMakeFiles/testcode.elf.dir/Drivers/STM32F4xx_HAL_Driver/Src/stm32f4xx_hal_gpio.c.obj
 .ARM.attributes
                0x0000048f       0x2e CMakeFiles/testcode.elf.dir/Drivers/STM32F4xx_HAL_Driver/Src/stm32f4xx_hal_iwdg.c.obj
 .ARM.attributes
                0x000004bd       0x2e CMakeFiles/testcode.elf.dir/Drivers/STM32F4xx_HAL_Driver/Src/stm32f4xx_hal_rcc.c.obj
 .ARM.attributes
                0x000004eb       0x2e CMakeFiles/testcode.elf.dir/Drivers/STM32F4xx_HAL_Driver/Src/stm32f4xx_hal_tim.c.obj
 .ARM.attributes
                0x00000519       0x2e CMakeFiles/testcode.elf.dir/Drivers/STM32F4xx_HAL_Driver/Src/stm32f4xx_hal_tim_ex.c.obj
 .ARM.attributes
                0x00000547       0x2e CMakeFiles/testcode.elf.dir/Drivers/STM32F4xx_HAL_Driver/Src/stm32f4xx_hal_uart.c.obj
 .ARM.attributes
                0x00000575       0x1e C:/ST/STM32CubeCLT_1.16.0/GNU-tools-for-STM32/bin/../lib/gcc/arm-none-eabi/12.3.1/thumb/v7e-m/nofp\libgcc.a(_arm_addsubsf3.o)
 .ARM.attributes
                0x00000593       0x1e C:/ST/STM32CubeCLT_1.16.0/GNU-tools-for-STM32/bin/../lib/gcc/arm-none-eabi/12.3.1/thumb/v7e-m/nofp\libgcc.a(_arm_muldivsf3.o)
 .ARM.attributes
                0x000005b1       0x1e C:/ST/STM32CubeCLT_1.16.0/GNU-tools-for-STM32/bin/../lib/gcc/arm-none-eabi/12.3.1/thumb/v7e-m/nofp\libgcc.a(_arm_cmpsf2.o)
 .ARM.attributes
                0x000005cf       0x1e C:/ST/STM32CubeCLT_1.16.0/GNU-tools-for-STM32/bin/../lib/gcc/arm-none-eabi/12.3.1/thumb/v7e-m/nofp\libgcc.a(_arm_fixunssfsi.o)
 .ARM.attributes
                0x000005ed       0x1e C:/ST/STM32CubeCLT_1.16.0/GNU-tools-for-STM32/bin/../lib/gcc/arm-none-eabi/12.3.1/thumb/v7e-m/nofp\libgcc.a(_aeabi_uldivmod.o)
 .ARM.attributes
                0x0000060b       0x2e C:/ST/STM32CubeCLT_1.16.0/GNU-tools-for-STM32/bin/../lib/gcc/arm-none-eabi/12.3.1/thumb/v7e-m/nofp\libgcc.a(_udivmoddi4.o)
 .ARM.attributes
                0x00000639       0x2e C:/ST/STM32CubeCLT_1.16.0/GNU-tools-for-STM32/bin/../lib/gcc/arm-none-eabi/12.3.1/thumb/v7e-m/nofp\libgcc.a(unwind-arm.o)
 .ARM.attributes
                0x00000667       0x1e C:/ST/STM32CubeCLT_1.16.0/GNU-tools-for-STM32/bin/../lib/gcc/arm-none-eabi/12.3.1/thumb/v7e-m/nofp\libgcc.a(libunwind.o)
 .ARM.attributes
                0x00000685       0x2e C:/ST/STM32CubeCLT_1.16.0/GNU-tools-for-STM32/bin/../lib/gcc/arm-none-eabi/12.3.1/thumb/v7e-m/nofp\libgcc.a(pr-support.o)
 .ARM.attributes
                0x000006b3       0x1e C:/ST/STM32CubeCLT_1.16.0/GNU-tools-for-STM32/bin/../lib/gcc/arm-none-eabi/12.3.1/thumb/v7e-m/nofp\libgcc.a(_dvmd_tls.o)
 .ARM.attributes
                0x000006d1       0x2e C:/ST/STM32CubeCLT_1.16.0/GNU-tools-for-STM32/bin/../lib/gcc/arm-none-eabi/12.3.1/../../../../arm-none-eabi/lib/thumb/v7e-m/nofp\libg.a(libc_a-abort.o)
 .ARM.attributes
                0x000006ff       0x2e C:/ST/STM32CubeCLT_1.16.0/GNU-tools-for-STM32/bin/../lib/gcc/arm-none-eabi/12.3.1/../../../../arm-none-eabi/lib/thumb/v7e-m/nofp\libg.a(libc_a-findfp.o)
 .ARM.attributes
                0x0000072d       0x2e C:/ST/STM32CubeCLT_1.16.0/GNU-tools-for-STM32/bin/../lib/gcc/arm-none-eabi/12.3.1/../../../../arm-none-eabi/lib/thumb/v7e-m/nofp\libg.a(libc_a-memset.o)
 .ARM.attributes
                0x0000075b       0x2e C:/ST/STM32CubeCLT_1.16.0/GNU-tools-for-STM32/bin/../lib/gcc/arm-none-eabi/12.3.1/../../../../arm-none-eabi/lib/thumb/v7e-m/nofp\libg.a(libc_a-signal.o)
 .ARM.attributes
                0x00000789       0x2e C:/ST/STM32CubeCLT_1.16.0/GNU-tools-for-STM32/bin/../lib/gcc/arm-none-eabi/12.3.1/../../../../arm-none-eabi/lib/thumb/v7e-m/nofp\libg.a(libc_a-reent.o)
 .ARM.attributes
                0x000007b7       0x2e C:/ST/STM32CubeCLT_1.16.0/GNU-tools-for-STM32/bin/../lib/gcc/arm-none-eabi/12.3.1/../../../../arm-none-eabi/lib/thumb/v7e-m/nofp\libg.a(libc_a-impure.o)
 .ARM.attributes
                0x000007e5       0x2e C:/ST/STM32CubeCLT_1.16.0/GNU-tools-for-STM32/bin/../lib/gcc/arm-none-eabi/12.3.1/../../../../arm-none-eabi/lib/thumb/v7e-m/nofp\libg.a(libc_a-signalr.o)
 .ARM.attributes
                0x00000813       0x2e C:/ST/STM32CubeCLT_1.16.0/GNU-tools-for-STM32/bin/../lib/gcc/arm-none-eabi/12.3.1/../../../../arm-none-eabi/lib/thumb/v7e-m/nofp\libg.a(libc_a-errno.o)
 .ARM.attributes
                0x00000841       0x2e C:/ST/STM32CubeCLT_1.16.0/GNU-tools-for-STM32/bin/../lib/gcc/arm-none-eabi/12.3.1/../../../../arm-none-eabi/lib/thumb/v7e-m/nofp\libg.a(libc_a-init.o)
 .ARM.attributes
                0x0000086f       0x2e C:/ST/STM32CubeCLT_1.16.0/GNU-tools-for-STM32/bin/../lib/gcc/arm-none-eabi/12.3.1/../../../../arm-none-eabi/lib/thumb/v7e-m/nofp\libg.a(libc_a-lock.o)
 .ARM.attributes
                0x0000089d       0x2e C:/ST/STM32CubeCLT_1.16.0/GNU-tools-for-STM32/bin/../lib/gcc/arm-none-eabi/12.3.1/../../../../arm-none-eabi/lib/thumb/v7e-m/nofp\libg.a(libc_a-memcpy-stub.o)
 .ARM.attributes
                0x000008cb       0x2e C:/ST/STM32CubeCLT_1.16.0/GNU-tools-for-STM32/bin/../lib/gcc/arm-none-eabi/12.3.1/../../../../arm-none-eabi/lib/thumb/v7e-m/nofp\libg.a(libc_a-__call_atexit.o)
 .ARM.attributes
                0x000008f9       0x2e C:/ST/STM32CubeCLT_1.16.0/GNU-tools-for-STM32/bin/../lib/gcc/arm-none-eabi/12.3.1/../../../../arm-none-eabi/lib/thumb/v7e-m/nofp\libg.a(libc_a-atexit.o)
 .ARM.attributes
                0x00000927       0x2e C:/ST/STM32CubeCLT_1.16.0/GNU-tools-for-STM32/bin/../lib/gcc/arm-none-eabi/12.3.1/../../../../arm-none-eabi/lib/thumb/v7e-m/nofp\libg.a(libc_a-fini.o)
 .ARM.attributes
                0x00000955       0x2e C:/ST/STM32CubeCLT_1.16.0/GNU-tools-for-STM32/bin/../lib/gcc/arm-none-eabi/12.3.1/../../../../arm-none-eabi/lib/thumb/v7e-m/nofp\libg.a(libc_a-__atexit.o)
 .ARM.attributes
                0x00000983       0x1e C:/ST/STM32CubeCLT_1.16.0/GNU-tools-for-STM32/bin/../lib/gcc/arm-none-eabi/12.3.1/thumb/v7e-m/nofp/crtn.o
OUTPUT(testcode.elf elf32-littlearm)
LOAD linker stubs
LOAD C:/ST/STM32CubeCLT_1.16.0/GNU-tools-for-STM32/bin/../lib/gcc/arm-none-eabi/12.3.1/../../../../arm-none-eabi/lib/thumb/v7e-m/nofp\libc.a
LOAD C:/ST/STM32CubeCLT_1.16.0/GNU-tools-for-STM32/bin/../lib/gcc/arm-none-eabi/12.3.1/../../../../arm-none-eabi/lib/thumb/v7e-m/nofp\libm.a
LOAD C:/ST/STM32CubeCLT_1.16.0/GNU-tools-for-STM32/bin/../lib/gcc/arm-none-eabi/12.3.1/thumb/v7e-m/nofp\libgcc.a

.debug_info     0x00000000    0x1c28a
 .debug_info    0x00000000      0x38c CMakeFiles/testcode.elf.dir/Core/Src/PID.cpp.obj
 .debug_info    0x0000038c     0x1096 CMakeFiles/testcode.elf.dir/Core/Src/callback.cpp.obj
 .debug_info    0x00001422      0xc8a CMakeFiles/testcode.elf.dir/Core/Src/can.c.obj
 .debug_info    0x000020ac      0x706 CMakeFiles/testcode.elf.dir/Core/Src/can_comm.cpp.obj
 .debug_info    0x000027b2      0xb2d CMakeFiles/testcode.elf.dir/Core/Src/control.cpp.obj
 .debug_info    0x000032df      0x4db CMakeFiles/testcode.elf.dir/Core/Src/dma.c.obj
 .debug_info    0x000037ba      0x440 CMakeFiles/testcode.elf.dir/Core/Src/gpio.c.obj
 .debug_info    0x00003bfa      0x1d6 CMakeFiles/testcode.elf.dir/Core/Src/iwdg.c.obj
 .debug_info    0x00003dd0      0xba7 CMakeFiles/testcode.elf.dir/Core/Src/main.c.obj
 .debug_info    0x00004977      0x193 CMakeFiles/testcode.elf.dir/Core/Src/math.cpp.obj
 .debug_info    0x00004b0a     0x1743 CMakeFiles/testcode.elf.dir/Core/Src/motor.cpp.obj
 .debug_info    0x0000624d      0x64e CMakeFiles/testcode.elf.dir/Core/Src/remote.cpp.obj
 .debug_info    0x0000689b      0x265 CMakeFiles/testcode.elf.dir/Core/Src/stm32f4xx_hal_msp.c.obj
 .debug_info    0x00006b00      0xe18 CMakeFiles/testcode.elf.dir/Core/Src/stm32f4xx_it.c.obj
 .debug_info    0x00007918      0x783 CMakeFiles/testcode.elf.dir/Core/Src/syscalls.c.obj
 .debug_info    0x0000809b      0x334 CMakeFiles/testcode.elf.dir/Core/Src/system_stm32f4xx.c.obj
 .debug_info    0x000083cf      0xc15 CMakeFiles/testcode.elf.dir/Core/Src/tim.c.obj
 .debug_info    0x00008fe4      0xcf3 CMakeFiles/testcode.elf.dir/Core/Src/usart.c.obj
 .debug_info    0x00009cd7       0x30 CMakeFiles/testcode.elf.dir/Core/Startup/startup_stm32f407ighx.s.obj
 .debug_info    0x00009d07      0x9e2 CMakeFiles/testcode.elf.dir/Drivers/STM32F4xx_HAL_Driver/Src/stm32f4xx_hal.c.obj
 .debug_info    0x0000a6e9     0x11f7 CMakeFiles/testcode.elf.dir/Drivers/STM32F4xx_HAL_Driver/Src/stm32f4xx_hal_can.c.obj
 .debug_info    0x0000b8e0      0xfbb CMakeFiles/testcode.elf.dir/Drivers/STM32F4xx_HAL_Driver/Src/stm32f4xx_hal_cortex.c.obj
 .debug_info    0x0000c89b      0xad9 CMakeFiles/testcode.elf.dir/Drivers/STM32F4xx_HAL_Driver/Src/stm32f4xx_hal_dma.c.obj
 .debug_info    0x0000d374      0x704 CMakeFiles/testcode.elf.dir/Drivers/STM32F4xx_HAL_Driver/Src/stm32f4xx_hal_gpio.c.obj
 .debug_info    0x0000da78      0x1f5 CMakeFiles/testcode.elf.dir/Drivers/STM32F4xx_HAL_Driver/Src/stm32f4xx_hal_iwdg.c.obj
 .debug_info    0x0000dc6d      0xa6d CMakeFiles/testcode.elf.dir/Drivers/STM32F4xx_HAL_Driver/Src/stm32f4xx_hal_rcc.c.obj
 .debug_info    0x0000e6da     0x3be0 CMakeFiles/testcode.elf.dir/Drivers/STM32F4xx_HAL_Driver/Src/stm32f4xx_hal_tim.c.obj
 .debug_info    0x000122ba     0x1ac8 CMakeFiles/testcode.elf.dir/Drivers/STM32F4xx_HAL_Driver/Src/stm32f4xx_hal_tim_ex.c.obj
 .debug_info    0x00013d82     0x3fcf CMakeFiles/testcode.elf.dir/Drivers/STM32F4xx_HAL_Driver/Src/stm32f4xx_hal_uart.c.obj
 .debug_info    0x00017d51       0xd8 C:/ST/STM32CubeCLT_1.16.0/GNU-tools-for-STM32/bin/../lib/gcc/arm-none-eabi/12.3.1/../../../../arm-none-eabi/lib/thumb/v7e-m/nofp\libg.a(libc_a-abort.o)
 .debug_info    0x00017e29      0xfc5 C:/ST/STM32CubeCLT_1.16.0/GNU-tools-for-STM32/bin/../lib/gcc/arm-none-eabi/12.3.1/../../../../arm-none-eabi/lib/thumb/v7e-m/nofp\libg.a(libc_a-findfp.o)
 .debug_info    0x00018dee       0xe0 C:/ST/STM32CubeCLT_1.16.0/GNU-tools-for-STM32/bin/../lib/gcc/arm-none-eabi/12.3.1/../../../../arm-none-eabi/lib/thumb/v7e-m/nofp\libg.a(libc_a-memset.o)
 .debug_info    0x00018ece      0xa0d C:/ST/STM32CubeCLT_1.16.0/GNU-tools-for-STM32/bin/../lib/gcc/arm-none-eabi/12.3.1/../../../../arm-none-eabi/lib/thumb/v7e-m/nofp\libg.a(libc_a-signal.o)
 .debug_info    0x000198db      0x7e7 C:/ST/STM32CubeCLT_1.16.0/GNU-tools-for-STM32/bin/../lib/gcc/arm-none-eabi/12.3.1/../../../../arm-none-eabi/lib/thumb/v7e-m/nofp\libg.a(libc_a-reent.o)
 .debug_info    0x0001a0c2      0x733 C:/ST/STM32CubeCLT_1.16.0/GNU-tools-for-STM32/bin/../lib/gcc/arm-none-eabi/12.3.1/../../../../arm-none-eabi/lib/thumb/v7e-m/nofp\libg.a(libc_a-impure.o)
 .debug_info    0x0001a7f5      0x7fb C:/ST/STM32CubeCLT_1.16.0/GNU-tools-for-STM32/bin/../lib/gcc/arm-none-eabi/12.3.1/../../../../arm-none-eabi/lib/thumb/v7e-m/nofp\libg.a(libc_a-signalr.o)
 .debug_info    0x0001aff0      0x719 C:/ST/STM32CubeCLT_1.16.0/GNU-tools-for-STM32/bin/../lib/gcc/arm-none-eabi/12.3.1/../../../../arm-none-eabi/lib/thumb/v7e-m/nofp\libg.a(libc_a-errno.o)
 .debug_info    0x0001b709      0x10b C:/ST/STM32CubeCLT_1.16.0/GNU-tools-for-STM32/bin/../lib/gcc/arm-none-eabi/12.3.1/../../../../arm-none-eabi/lib/thumb/v7e-m/nofp\libg.a(libc_a-init.o)
 .debug_info    0x0001b814      0x20a C:/ST/STM32CubeCLT_1.16.0/GNU-tools-for-STM32/bin/../lib/gcc/arm-none-eabi/12.3.1/../../../../arm-none-eabi/lib/thumb/v7e-m/nofp\libg.a(libc_a-lock.o)
 .debug_info    0x0001ba1e      0x121 C:/ST/STM32CubeCLT_1.16.0/GNU-tools-for-STM32/bin/../lib/gcc/arm-none-eabi/12.3.1/../../../../arm-none-eabi/lib/thumb/v7e-m/nofp\libg.a(libc_a-memcpy-stub.o)
 .debug_info    0x0001bb3f      0x2dd C:/ST/STM32CubeCLT_1.16.0/GNU-tools-for-STM32/bin/../lib/gcc/arm-none-eabi/12.3.1/../../../../arm-none-eabi/lib/thumb/v7e-m/nofp\libg.a(libc_a-__call_atexit.o)
 .debug_info    0x0001be1c      0x118 C:/ST/STM32CubeCLT_1.16.0/GNU-tools-for-STM32/bin/../lib/gcc/arm-none-eabi/12.3.1/../../../../arm-none-eabi/lib/thumb/v7e-m/nofp\libg.a(libc_a-atexit.o)
 .debug_info    0x0001bf34       0xf7 C:/ST/STM32CubeCLT_1.16.0/GNU-tools-for-STM32/bin/../lib/gcc/arm-none-eabi/12.3.1/../../../../arm-none-eabi/lib/thumb/v7e-m/nofp\libg.a(libc_a-fini.o)
 .debug_info    0x0001c02b      0x25f C:/ST/STM32CubeCLT_1.16.0/GNU-tools-for-STM32/bin/../lib/gcc/arm-none-eabi/12.3.1/../../../../arm-none-eabi/lib/thumb/v7e-m/nofp\libg.a(libc_a-__atexit.o)

.debug_abbrev   0x00000000     0x5533
 .debug_abbrev  0x00000000      0x1e7 CMakeFiles/testcode.elf.dir/Core/Src/PID.cpp.obj
 .debug_abbrev  0x000001e7      0x273 CMakeFiles/testcode.elf.dir/Core/Src/callback.cpp.obj
 .debug_abbrev  0x0000045a      0x241 CMakeFiles/testcode.elf.dir/Core/Src/can.c.obj
 .debug_abbrev  0x0000069b      0x1b9 CMakeFiles/testcode.elf.dir/Core/Src/can_comm.cpp.obj
 .debug_abbrev  0x00000854      0x30f CMakeFiles/testcode.elf.dir/Core/Src/control.cpp.obj
 .debug_abbrev  0x00000b63      0x12b CMakeFiles/testcode.elf.dir/Core/Src/dma.c.obj
 .debug_abbrev  0x00000c8e      0x164 CMakeFiles/testcode.elf.dir/Core/Src/gpio.c.obj
 .debug_abbrev  0x00000df2      0x143 CMakeFiles/testcode.elf.dir/Core/Src/iwdg.c.obj
 .debug_abbrev  0x00000f35      0x248 CMakeFiles/testcode.elf.dir/Core/Src/main.c.obj
 .debug_abbrev  0x0000117d       0xa0 CMakeFiles/testcode.elf.dir/Core/Src/math.cpp.obj
 .debug_abbrev  0x0000121d      0x554 CMakeFiles/testcode.elf.dir/Core/Src/motor.cpp.obj
 .debug_abbrev  0x00001771      0x2f8 CMakeFiles/testcode.elf.dir/Core/Src/remote.cpp.obj
 .debug_abbrev  0x00001a69       0xd6 CMakeFiles/testcode.elf.dir/Core/Src/stm32f4xx_hal_msp.c.obj
 .debug_abbrev  0x00001b3f      0x203 CMakeFiles/testcode.elf.dir/Core/Src/stm32f4xx_it.c.obj
 .debug_abbrev  0x00001d42      0x1c1 CMakeFiles/testcode.elf.dir/Core/Src/syscalls.c.obj
 .debug_abbrev  0x00001f03      0x120 CMakeFiles/testcode.elf.dir/Core/Src/system_stm32f4xx.c.obj
 .debug_abbrev  0x00002023      0x220 CMakeFiles/testcode.elf.dir/Core/Src/tim.c.obj
 .debug_abbrev  0x00002243      0x24a CMakeFiles/testcode.elf.dir/Core/Src/usart.c.obj
 .debug_abbrev  0x0000248d       0x24 CMakeFiles/testcode.elf.dir/Core/Startup/startup_stm32f407ighx.s.obj
 .debug_abbrev  0x000024b1      0x240 CMakeFiles/testcode.elf.dir/Drivers/STM32F4xx_HAL_Driver/Src/stm32f4xx_hal.c.obj
 .debug_abbrev  0x000026f1      0x27b CMakeFiles/testcode.elf.dir/Drivers/STM32F4xx_HAL_Driver/Src/stm32f4xx_hal_can.c.obj
 .debug_abbrev  0x0000296c      0x391 CMakeFiles/testcode.elf.dir/Drivers/STM32F4xx_HAL_Driver/Src/stm32f4xx_hal_cortex.c.obj
 .debug_abbrev  0x00002cfd      0x2c0 CMakeFiles/testcode.elf.dir/Drivers/STM32F4xx_HAL_Driver/Src/stm32f4xx_hal_dma.c.obj
 .debug_abbrev  0x00002fbd      0x202 CMakeFiles/testcode.elf.dir/Drivers/STM32F4xx_HAL_Driver/Src/stm32f4xx_hal_gpio.c.obj
 .debug_abbrev  0x000031bf      0x139 CMakeFiles/testcode.elf.dir/Drivers/STM32F4xx_HAL_Driver/Src/stm32f4xx_hal_iwdg.c.obj
 .debug_abbrev  0x000032f8      0x2c7 CMakeFiles/testcode.elf.dir/Drivers/STM32F4xx_HAL_Driver/Src/stm32f4xx_hal_rcc.c.obj
 .debug_abbrev  0x000035bf      0x271 CMakeFiles/testcode.elf.dir/Drivers/STM32F4xx_HAL_Driver/Src/stm32f4xx_hal_tim.c.obj
 .debug_abbrev  0x00003830      0x26f CMakeFiles/testcode.elf.dir/Drivers/STM32F4xx_HAL_Driver/Src/stm32f4xx_hal_tim_ex.c.obj
 .debug_abbrev  0x00003a9f      0x32f CMakeFiles/testcode.elf.dir/Drivers/STM32F4xx_HAL_Driver/Src/stm32f4xx_hal_uart.c.obj
 .debug_abbrev  0x00003dce       0x99 C:/ST/STM32CubeCLT_1.16.0/GNU-tools-for-STM32/bin/../lib/gcc/arm-none-eabi/12.3.1/../../../../arm-none-eabi/lib/thumb/v7e-m/nofp\libg.a(libc_a-abort.o)
 .debug_abbrev  0x00003e67      0x462 C:/ST/STM32CubeCLT_1.16.0/GNU-tools-for-STM32/bin/../lib/gcc/arm-none-eabi/12.3.1/../../../../arm-none-eabi/lib/thumb/v7e-m/nofp\libg.a(libc_a-findfp.o)
 .debug_abbrev  0x000042c9       0x9e C:/ST/STM32CubeCLT_1.16.0/GNU-tools-for-STM32/bin/../lib/gcc/arm-none-eabi/12.3.1/../../../../arm-none-eabi/lib/thumb/v7e-m/nofp\libg.a(libc_a-memset.o)
 .debug_abbrev  0x00004367      0x28a C:/ST/STM32CubeCLT_1.16.0/GNU-tools-for-STM32/bin/../lib/gcc/arm-none-eabi/12.3.1/../../../../arm-none-eabi/lib/thumb/v7e-m/nofp\libg.a(libc_a-signal.o)
 .debug_abbrev  0x000045f1      0x229 C:/ST/STM32CubeCLT_1.16.0/GNU-tools-for-STM32/bin/../lib/gcc/arm-none-eabi/12.3.1/../../../../arm-none-eabi/lib/thumb/v7e-m/nofp\libg.a(libc_a-reent.o)
 .debug_abbrev  0x0000481a      0x185 C:/ST/STM32CubeCLT_1.16.0/GNU-tools-for-STM32/bin/../lib/gcc/arm-none-eabi/12.3.1/../../../../arm-none-eabi/lib/thumb/v7e-m/nofp\libg.a(libc_a-impure.o)
 .debug_abbrev  0x0000499f      0x239 C:/ST/STM32CubeCLT_1.16.0/GNU-tools-for-STM32/bin/../lib/gcc/arm-none-eabi/12.3.1/../../../../arm-none-eabi/lib/thumb/v7e-m/nofp\libg.a(libc_a-signalr.o)
 .debug_abbrev  0x00004bd8      0x19a C:/ST/STM32CubeCLT_1.16.0/GNU-tools-for-STM32/bin/../lib/gcc/arm-none-eabi/12.3.1/../../../../arm-none-eabi/lib/thumb/v7e-m/nofp\libg.a(libc_a-errno.o)
 .debug_abbrev  0x00004d72       0xc9 C:/ST/STM32CubeCLT_1.16.0/GNU-tools-for-STM32/bin/../lib/gcc/arm-none-eabi/12.3.1/../../../../arm-none-eabi/lib/thumb/v7e-m/nofp\libg.a(libc_a-init.o)
 .debug_abbrev  0x00004e3b      0x115 C:/ST/STM32CubeCLT_1.16.0/GNU-tools-for-STM32/bin/../lib/gcc/arm-none-eabi/12.3.1/../../../../arm-none-eabi/lib/thumb/v7e-m/nofp\libg.a(libc_a-lock.o)
 .debug_abbrev  0x00004f50       0xc1 C:/ST/STM32CubeCLT_1.16.0/GNU-tools-for-STM32/bin/../lib/gcc/arm-none-eabi/12.3.1/../../../../arm-none-eabi/lib/thumb/v7e-m/nofp\libg.a(libc_a-memcpy-stub.o)
 .debug_abbrev  0x00005011      0x20c C:/ST/STM32CubeCLT_1.16.0/GNU-tools-for-STM32/bin/../lib/gcc/arm-none-eabi/12.3.1/../../../../arm-none-eabi/lib/thumb/v7e-m/nofp\libg.a(libc_a-__call_atexit.o)
 .debug_abbrev  0x0000521d       0xc1 C:/ST/STM32CubeCLT_1.16.0/GNU-tools-for-STM32/bin/../lib/gcc/arm-none-eabi/12.3.1/../../../../arm-none-eabi/lib/thumb/v7e-m/nofp\libg.a(libc_a-atexit.o)
 .debug_abbrev  0x000052de       0xcc C:/ST/STM32CubeCLT_1.16.0/GNU-tools-for-STM32/bin/../lib/gcc/arm-none-eabi/12.3.1/../../../../arm-none-eabi/lib/thumb/v7e-m/nofp\libg.a(libc_a-fini.o)
 .debug_abbrev  0x000053aa      0x189 C:/ST/STM32CubeCLT_1.16.0/GNU-tools-for-STM32/bin/../lib/gcc/arm-none-eabi/12.3.1/../../../../arm-none-eabi/lib/thumb/v7e-m/nofp\libg.a(libc_a-__atexit.o)

.debug_loclists
                0x00000000     0x9f6a
 .debug_loclists
                0x00000000       0xba CMakeFiles/testcode.elf.dir/Core/Src/PID.cpp.obj
 .debug_loclists
                0x000000ba       0x7a CMakeFiles/testcode.elf.dir/Core/Src/callback.cpp.obj
 .debug_loclists
                0x00000134       0x8b CMakeFiles/testcode.elf.dir/Core/Src/can.c.obj
 .debug_loclists
                0x000001bf       0x8a CMakeFiles/testcode.elf.dir/Core/Src/math.cpp.obj
 .debug_loclists
                0x00000249      0x349 CMakeFiles/testcode.elf.dir/Core/Src/motor.cpp.obj
 .debug_loclists
                0x00000592      0x16e CMakeFiles/testcode.elf.dir/Core/Src/remote.cpp.obj
 .debug_loclists
                0x00000700      0x25b CMakeFiles/testcode.elf.dir/Core/Src/syscalls.c.obj
 .debug_loclists
                0x0000095b       0xdb CMakeFiles/testcode.elf.dir/Core/Src/system_stm32f4xx.c.obj
 .debug_loclists
                0x00000a36       0x4b CMakeFiles/testcode.elf.dir/Core/Src/tim.c.obj
 .debug_loclists
                0x00000a81       0x52 CMakeFiles/testcode.elf.dir/Core/Src/usart.c.obj
 .debug_loclists
                0x00000ad3       0xc9 CMakeFiles/testcode.elf.dir/Drivers/STM32F4xx_HAL_Driver/Src/stm32f4xx_hal.c.obj
 .debug_loclists
                0x00000b9c      0x85b CMakeFiles/testcode.elf.dir/Drivers/STM32F4xx_HAL_Driver/Src/stm32f4xx_hal_can.c.obj
 .debug_loclists
                0x000013f7      0x439 CMakeFiles/testcode.elf.dir/Drivers/STM32F4xx_HAL_Driver/Src/stm32f4xx_hal_cortex.c.obj
 .debug_loclists
                0x00001830      0x763 CMakeFiles/testcode.elf.dir/Drivers/STM32F4xx_HAL_Driver/Src/stm32f4xx_hal_dma.c.obj
 .debug_loclists
                0x00001f93      0x356 CMakeFiles/testcode.elf.dir/Drivers/STM32F4xx_HAL_Driver/Src/stm32f4xx_hal_gpio.c.obj
 .debug_loclists
                0x000022e9       0x5c CMakeFiles/testcode.elf.dir/Drivers/STM32F4xx_HAL_Driver/Src/stm32f4xx_hal_iwdg.c.obj
 .debug_loclists
                0x00002345      0x3a9 CMakeFiles/testcode.elf.dir/Drivers/STM32F4xx_HAL_Driver/Src/stm32f4xx_hal_rcc.c.obj
 .debug_loclists
                0x000026ee     0x3331 CMakeFiles/testcode.elf.dir/Drivers/STM32F4xx_HAL_Driver/Src/stm32f4xx_hal_tim.c.obj
 .debug_loclists
                0x00005a1f     0x129a CMakeFiles/testcode.elf.dir/Drivers/STM32F4xx_HAL_Driver/Src/stm32f4xx_hal_tim_ex.c.obj
 .debug_loclists
                0x00006cb9     0x29f1 CMakeFiles/testcode.elf.dir/Drivers/STM32F4xx_HAL_Driver/Src/stm32f4xx_hal_uart.c.obj
 .debug_loclists
                0x000096aa      0x252 C:/ST/STM32CubeCLT_1.16.0/GNU-tools-for-STM32/bin/../lib/gcc/arm-none-eabi/12.3.1/../../../../arm-none-eabi/lib/thumb/v7e-m/nofp\libg.a(libc_a-findfp.o)
 .debug_loclists
                0x000098fc       0x47 C:/ST/STM32CubeCLT_1.16.0/GNU-tools-for-STM32/bin/../lib/gcc/arm-none-eabi/12.3.1/../../../../arm-none-eabi/lib/thumb/v7e-m/nofp\libg.a(libc_a-memset.o)
 .debug_loclists
                0x00009943      0x281 C:/ST/STM32CubeCLT_1.16.0/GNU-tools-for-STM32/bin/../lib/gcc/arm-none-eabi/12.3.1/../../../../arm-none-eabi/lib/thumb/v7e-m/nofp\libg.a(libc_a-signal.o)
 .debug_loclists
                0x00009bc4       0x68 C:/ST/STM32CubeCLT_1.16.0/GNU-tools-for-STM32/bin/../lib/gcc/arm-none-eabi/12.3.1/../../../../arm-none-eabi/lib/thumb/v7e-m/nofp\libg.a(libc_a-reent.o)
 .debug_loclists
                0x00009c2c       0x81 C:/ST/STM32CubeCLT_1.16.0/GNU-tools-for-STM32/bin/../lib/gcc/arm-none-eabi/12.3.1/../../../../arm-none-eabi/lib/thumb/v7e-m/nofp\libg.a(libc_a-signalr.o)
 .debug_loclists
                0x00009cad       0x44 C:/ST/STM32CubeCLT_1.16.0/GNU-tools-for-STM32/bin/../lib/gcc/arm-none-eabi/12.3.1/../../../../arm-none-eabi/lib/thumb/v7e-m/nofp\libg.a(libc_a-init.o)
 .debug_loclists
                0x00009cf1       0x23 C:/ST/STM32CubeCLT_1.16.0/GNU-tools-for-STM32/bin/../lib/gcc/arm-none-eabi/12.3.1/../../../../arm-none-eabi/lib/thumb/v7e-m/nofp\libg.a(libc_a-lock.o)
 .debug_loclists
                0x00009d14       0x8f C:/ST/STM32CubeCLT_1.16.0/GNU-tools-for-STM32/bin/../lib/gcc/arm-none-eabi/12.3.1/../../../../arm-none-eabi/lib/thumb/v7e-m/nofp\libg.a(libc_a-memcpy-stub.o)
 .debug_loclists
                0x00009da3       0xd4 C:/ST/STM32CubeCLT_1.16.0/GNU-tools-for-STM32/bin/../lib/gcc/arm-none-eabi/12.3.1/../../../../arm-none-eabi/lib/thumb/v7e-m/nofp\libg.a(libc_a-__call_atexit.o)
 .debug_loclists
                0x00009e77       0x2a C:/ST/STM32CubeCLT_1.16.0/GNU-tools-for-STM32/bin/../lib/gcc/arm-none-eabi/12.3.1/../../../../arm-none-eabi/lib/thumb/v7e-m/nofp\libg.a(libc_a-atexit.o)
 .debug_loclists
                0x00009ea1       0x3b C:/ST/STM32CubeCLT_1.16.0/GNU-tools-for-STM32/bin/../lib/gcc/arm-none-eabi/12.3.1/../../../../arm-none-eabi/lib/thumb/v7e-m/nofp\libg.a(libc_a-fini.o)
 .debug_loclists
                0x00009edc       0x8e C:/ST/STM32CubeCLT_1.16.0/GNU-tools-for-STM32/bin/../lib/gcc/arm-none-eabi/12.3.1/../../../../arm-none-eabi/lib/thumb/v7e-m/nofp\libg.a(libc_a-__atexit.o)

.debug_aranges  0x00000000     0x1328
 .debug_aranges
                0x00000000       0x30 CMakeFiles/testcode.elf.dir/Core/Src/PID.cpp.obj
 .debug_aranges
                0x00000030       0x30 CMakeFiles/testcode.elf.dir/Core/Src/callback.cpp.obj
 .debug_aranges
                0x00000060       0x38 CMakeFiles/testcode.elf.dir/Core/Src/can.c.obj
 .debug_aranges
                0x00000098       0x20 CMakeFiles/testcode.elf.dir/Core/Src/can_comm.cpp.obj
 .debug_aranges
                0x000000b8       0x20 CMakeFiles/testcode.elf.dir/Core/Src/control.cpp.obj
 .debug_aranges
                0x000000d8       0x20 CMakeFiles/testcode.elf.dir/Core/Src/dma.c.obj
 .debug_aranges
                0x000000f8       0x20 CMakeFiles/testcode.elf.dir/Core/Src/gpio.c.obj
 .debug_aranges
                0x00000118       0x20 CMakeFiles/testcode.elf.dir/Core/Src/iwdg.c.obj
 .debug_aranges
                0x00000138       0x30 CMakeFiles/testcode.elf.dir/Core/Src/main.c.obj
 .debug_aranges
                0x00000168       0x30 CMakeFiles/testcode.elf.dir/Core/Src/math.cpp.obj
 .debug_aranges
                0x00000198       0x88 CMakeFiles/testcode.elf.dir/Core/Src/motor.cpp.obj
 .debug_aranges
                0x00000220       0x50 CMakeFiles/testcode.elf.dir/Core/Src/remote.cpp.obj
 .debug_aranges
                0x00000270       0x20 CMakeFiles/testcode.elf.dir/Core/Src/stm32f4xx_hal_msp.c.obj
 .debug_aranges
                0x00000290       0x88 CMakeFiles/testcode.elf.dir/Core/Src/stm32f4xx_it.c.obj
 .debug_aranges
                0x00000318       0xa8 CMakeFiles/testcode.elf.dir/Core/Src/syscalls.c.obj
 .debug_aranges
                0x000003c0       0x28 CMakeFiles/testcode.elf.dir/Core/Src/system_stm32f4xx.c.obj
 .debug_aranges