Archive member included to satisfy reference by file (symbol)

C:/ST/STM32CubeCLT_1.16.0/GNU-tools-for-STM32/bin/../lib/gcc/arm-none-eabi/12.3.1/thumb/v7e-m/nofp\libgcc.a(_aeabi_uldivmod.o)
                              CMakeFiles/testcode.elf.dir/Drivers/STM32F4xx_HAL_Driver/Src/stm32f4xx_hal_rcc.c.obj (__aeabi_uldivmod)
C:/ST/STM32CubeCLT_1.16.0/GNU-tools-for-STM32/bin/../lib/gcc/arm-none-eabi/12.3.1/thumb/v7e-m/nofp\libgcc.a(_udivmoddi4.o)
                              C:/ST/STM32CubeCLT_1.16.0/GNU-tools-for-STM32/bin/../lib/gcc/arm-none-eabi/12.3.1/thumb/v7e-m/nofp\libgcc.a(_aeabi_uldivmod.o) (__udivmoddi4)
C:/ST/STM32CubeCLT_1.16.0/GNU-tools-for-STM32/bin/../lib/gcc/arm-none-eabi/12.3.1/thumb/v7e-m/nofp\libgcc.a(_dvmd_tls.o)
                              C:/ST/STM32CubeCLT_1.16.0/GNU-tools-for-STM32/bin/../lib/gcc/arm-none-eabi/12.3.1/thumb/v7e-m/nofp\libgcc.a(_aeabi_uldivmod.o) (__aeabi_ldiv0)
C:/ST/STM32CubeCLT_1.16.0/GNU-tools-for-STM32/bin/../lib/gcc/arm-none-eabi/12.3.1/../../../../arm-none-eabi/lib/thumb/v7e-m/nofp\libc.a(libc_a-exit.o)
                              C:/ST/STM32CubeCLT_1.16.0/GNU-tools-for-STM32/bin/../lib/gcc/arm-none-eabi/12.3.1/../../../../arm-none-eabi/lib/thumb/v7e-m/nofp/crt0.o (exit)
C:/ST/STM32CubeCLT_1.16.0/GNU-tools-for-STM32/bin/../lib/gcc/arm-none-eabi/12.3.1/../../../../arm-none-eabi/lib/thumb/v7e-m/nofp\libc.a(libc_a-findfp.o)
                              C:/ST/STM32CubeCLT_1.16.0/GNU-tools-for-STM32/bin/../lib/gcc/arm-none-eabi/12.3.1/../../../../arm-none-eabi/lib/thumb/v7e-m/nofp\libc.a(libc_a-exit.o) (__stdio_exit_handler)
C:/ST/STM32CubeCLT_1.16.0/GNU-tools-for-STM32/bin/../lib/gcc/arm-none-eabi/12.3.1/../../../../arm-none-eabi/lib/thumb/v7e-m/nofp\libc.a(libc_a-fwalk.o)
                              C:/ST/STM32CubeCLT_1.16.0/GNU-tools-for-STM32/bin/../lib/gcc/arm-none-eabi/12.3.1/../../../../arm-none-eabi/lib/thumb/v7e-m/nofp\libc.a(libc_a-findfp.o) (_fwalk_sglue)
C:/ST/STM32CubeCLT_1.16.0/GNU-tools-for-STM32/bin/../lib/gcc/arm-none-eabi/12.3.1/../../../../arm-none-eabi/lib/thumb/v7e-m/nofp\libc.a(libc_a-stdio.o)
                              C:/ST/STM32CubeCLT_1.16.0/GNU-tools-for-STM32/bin/../lib/gcc/arm-none-eabi/12.3.1/../../../../arm-none-eabi/lib/thumb/v7e-m/nofp\libc.a(libc_a-findfp.o) (__sread)
C:/ST/STM32CubeCLT_1.16.0/GNU-tools-for-STM32/bin/../lib/gcc/arm-none-eabi/12.3.1/../../../../arm-none-eabi/lib/thumb/v7e-m/nofp\libc.a(libc_a-memset.o)
                              C:/ST/STM32CubeCLT_1.16.0/GNU-tools-for-STM32/bin/../lib/gcc/arm-none-eabi/12.3.1/../../../../arm-none-eabi/lib/thumb/v7e-m/nofp/crt0.o (memset)
C:/ST/STM32CubeCLT_1.16.0/GNU-tools-for-STM32/bin/../lib/gcc/arm-none-eabi/12.3.1/../../../../arm-none-eabi/lib/thumb/v7e-m/nofp\libc.a(libc_a-closer.o)
                              C:/ST/STM32CubeCLT_1.16.0/GNU-tools-for-STM32/bin/../lib/gcc/arm-none-eabi/12.3.1/../../../../arm-none-eabi/lib/thumb/v7e-m/nofp\libc.a(libc_a-stdio.o) (_close_r)
C:/ST/STM32CubeCLT_1.16.0/GNU-tools-for-STM32/bin/../lib/gcc/arm-none-eabi/12.3.1/../../../../arm-none-eabi/lib/thumb/v7e-m/nofp\libc.a(libc_a-reent.o)
                              C:/ST/STM32CubeCLT_1.16.0/GNU-tools-for-STM32/bin/../lib/gcc/arm-none-eabi/12.3.1/../../../../arm-none-eabi/lib/thumb/v7e-m/nofp\libc.a(libc_a-closer.o) (errno)
C:/ST/STM32CubeCLT_1.16.0/GNU-tools-for-STM32/bin/../lib/gcc/arm-none-eabi/12.3.1/../../../../arm-none-eabi/lib/thumb/v7e-m/nofp\libc.a(libc_a-impure.o)
                              C:/ST/STM32CubeCLT_1.16.0/GNU-tools-for-STM32/bin/../lib/gcc/arm-none-eabi/12.3.1/../../../../arm-none-eabi/lib/thumb/v7e-m/nofp\libc.a(libc_a-reent.o) (_impure_ptr)
C:/ST/STM32CubeCLT_1.16.0/GNU-tools-for-STM32/bin/../lib/gcc/arm-none-eabi/12.3.1/../../../../arm-none-eabi/lib/thumb/v7e-m/nofp\libc.a(libc_a-lseekr.o)
                              C:/ST/STM32CubeCLT_1.16.0/GNU-tools-for-STM32/bin/../lib/gcc/arm-none-eabi/12.3.1/../../../../arm-none-eabi/lib/thumb/v7e-m/nofp\libc.a(libc_a-stdio.o) (_lseek_r)
C:/ST/STM32CubeCLT_1.16.0/GNU-tools-for-STM32/bin/../lib/gcc/arm-none-eabi/12.3.1/../../../../arm-none-eabi/lib/thumb/v7e-m/nofp\libc.a(libc_a-readr.o)
                              C:/ST/STM32CubeCLT_1.16.0/GNU-tools-for-STM32/bin/../lib/gcc/arm-none-eabi/12.3.1/../../../../arm-none-eabi/lib/thumb/v7e-m/nofp\libc.a(libc_a-stdio.o) (_read_r)
C:/ST/STM32CubeCLT_1.16.0/GNU-tools-for-STM32/bin/../lib/gcc/arm-none-eabi/12.3.1/../../../../arm-none-eabi/lib/thumb/v7e-m/nofp\libc.a(libc_a-writer.o)
                              C:/ST/STM32CubeCLT_1.16.0/GNU-tools-for-STM32/bin/../lib/gcc/arm-none-eabi/12.3.1/../../../../arm-none-eabi/lib/thumb/v7e-m/nofp\libc.a(libc_a-stdio.o) (_write_r)
C:/ST/STM32CubeCLT_1.16.0/GNU-tools-for-STM32/bin/../lib/gcc/arm-none-eabi/12.3.1/../../../../arm-none-eabi/lib/thumb/v7e-m/nofp\libc.a(libc_a-errno.o)
                              CMakeFiles/testcode.elf.dir/Core/Src/syscalls.c.obj (__errno)
[...]
Memory Configuration

Name             Origin             Length             Attributes
CCMRAM           0x10000000         0x00010000         xrw
RAM              0x20000000         0x00030000         xrw
FLASH            0x08000000         0x00200000         xr
*default*        0x00000000         0xffffffff

Linker script and memory map

LOAD C:/ST/STM32CubeCLT_1.16.0/GNU-tools-for-STM32/bin/../lib/gcc/arm-none-eabi/12.3.1/thumb/v7e-m/nofp/crti.o
LOAD C:/ST/STM32CubeCLT_1.16.0/GNU-tools-for-STM32/bin/../lib/gcc/arm-none-eabi/12.3.1/thumb/v7e-m/nofp/crtbegin.o
LOAD C:/ST/STM32CubeCLT_1.16.0/GNU-tools-for-STM32/bin/../lib/gcc/arm-none-eabi/12.3.1/../../../../arm-none-eabi/lib/thumb/v7e-m/nofp/crt0.o
LOAD CMakeFiles/testcode.elf.dir/Core/Src/gpio.c.obj
LOAD CMakeFiles/testcode.elf.dir/Core/Src/main.c.obj
LOAD CMakeFiles/testcode.elf.dir/Core/Src/stm32f4xx_hal_msp.c.obj
LOAD CMakeFiles/testcode.elf.dir/Core/Src/stm32f4xx_it.c.obj
LOAD CMakeFiles/testcode.elf.dir/Core/Src/syscalls.c.obj
LOAD CMakeFiles/testcode.elf.dir/Core/Src/sysmem.c.obj
LOAD CMakeFiles/testcode.elf.dir/Core/Src/system_stm32f4xx.c.obj
LOAD CMakeFiles/testcode.elf.dir/Core/Src/usart.c.obj
LOAD CMakeFiles/testcode.elf.dir/Core/Startup/startup_stm32f427iihx.s.obj
LOAD CMakeFiles/testcode.elf.dir/Drivers/STM32F4xx_HAL_Driver/Src/stm32f4xx_hal.c.obj
LOAD CMakeFiles/testcode.elf.dir/Drivers/STM32F4xx_HAL_Driver/Src/stm32f4xx_hal_cortex.c.obj
LOAD CMakeFiles/testcode.elf.dir/Drivers/STM32F4xx_HAL_Driver/Src/stm32f4xx_hal_dma.c.obj
LOAD CMakeFiles/testcode.elf.dir/Drivers/STM32F4xx_HAL_Driver/Src/stm32f4xx_hal_dma_ex.c.obj
LOAD CMakeFiles/testcode.elf.dir/Drivers/STM32F4xx_HAL_Driver/Src/stm32f4xx_hal_exti.c.obj
LOAD CMakeFiles/testcode.elf.dir/Drivers/STM32F4xx_HAL_Driver/Src/stm32f4xx_hal_flash.c.obj
LOAD CMakeFiles/testcode.elf.dir/Drivers/STM32F4xx_HAL_Driver/Src/stm32f4xx_hal_flash_ex.c.obj
LOAD CMakeFiles/testcode.elf.dir/Drivers/STM32F4xx_HAL_Driver/Src/stm32f4xx_hal_flash_ramfunc.c.obj
LOAD CMakeFiles/testcode.elf.dir/Drivers/STM32F4xx_HAL_Driver/Src/stm32f4xx_hal_gpio.c.obj
LOAD CMakeFiles/testcode.elf.dir/Drivers/STM32F4xx_HAL_Driver/Src/stm32f4xx_hal_pwr.c.obj
LOAD CMakeFiles/testcode.elf.dir/Drivers/STM32F4xx_HAL_Driver/Src/stm32f4xx_hal_pwr_ex.c.obj
LOAD CMakeFiles/testcode.elf.dir/Drivers/STM32F4xx_HAL_Driver/Src/stm32f4xx_hal_rcc.c.obj
LOAD CMakeFiles/testcode.elf.dir/Drivers/STM32F4xx_HAL_Driver/Src/stm32f4xx_hal_rcc_ex.c.obj
LOAD CMakeFiles/testcode.elf.dir/Drivers/STM32F4xx_HAL_Driver/Src/stm32f4xx_hal_tim.c.obj
LOAD CMakeFiles/testcode.elf.dir/Drivers/STM32F4xx_HAL_Driver/Src/stm32f4xx_hal_tim_ex.c.obj
LOAD CMakeFiles/testcode.elf.dir/Drivers/STM32F4xx_HAL_Driver/Src/stm32f4xx_hal_uart.c.obj
START GROUP
LOAD C:/ST/STM32CubeCLT_1.16.0/GNU-tools-for-STM32/bin/../lib/gcc/arm-none-eabi/12.3.1/thumb/v7e-m/nofp\libgcc.a
LOAD C:/ST/STM32CubeCLT_1.16.0/GNU-tools-for-STM32/bin/../lib/gcc/arm-none-eabi/12.3.1/../../../../arm-none-eabi/lib/thumb/v7e-m/nofp\libc.a
END GROUP
LOAD C:/ST/STM32CubeCLT_1.16.0/GNU-tools-for-STM32/bin/../lib/gcc/arm-none-eabi/12.3.1/thumb/v7e-m/nofp/crtend.o
LOAD C:/ST/STM32CubeCLT_1.16.0/GNU-tools-for-STM32/bin/../lib/gcc/arm-none-eabi/12.3.1/thumb/v7e-m/nofp/crtn.o
                0x20030000                        _estack = (ORIGIN (RAM) + LENGTH (RAM))
                0x00000200                        _Min_Heap_Size = 0x200
                0x00000400                        _Min_Stack_Size = 0x400

.isr_vector     0x08000000      0x1ac
                0x08000000                        . = ALIGN (0x4)
 *(.isr_vector)
 .isr_vector    0x08000000      0x1ac CMakeFiles/testcode.elf.dir/Core/Startup/startup_stm32f427iihx.s.obj
                0x08000000                g_pfnVectors
                0x080001ac                        . = ALIGN (0x4)

.text           0x080001ac     0x17ec
                0x080001ac                        . = ALIGN (0x4)
 *(.text)
 .text          0x080001ac       0x40 C:/ST/STM32CubeCLT_1.16.0/GNU-tools-for-STM32/bin/../lib/gcc/arm-none-eabi/12.3.1/thumb/v7e-m/nofp/crtbegin.o
 .text          0x080001ec       0x30 C:/ST/STM32CubeCLT_1.16.0/GNU-tools-for-STM32/bin/../lib/gcc/arm-none-eabi/12.3.1/thumb/v7e-m/nofp\libgcc.a(_aeabi_uldivmod.o)
                0x080001ec                __aeabi_uldivmod
 .text          0x0800021c      0x2bc C:/ST/STM32CubeCLT_1.16.0/GNU-tools-for-STM32/bin/../lib/gcc/arm-none-eabi/12.3.1/thumb/v7e-m/nofp\libgcc.a(_udivmoddi4.o)
                0x0800021c                __udivmoddi4
 .text          0x080004d8        0x4 C:/ST/STM32CubeCLT_1.16.0/GNU-tools-for-STM32/bin/../lib/gcc/arm-none-eabi/12.3.1/thumb/v7e-m/nofp\libgcc.a(_dvmd_tls.o)
                0x080004d8                __aeabi_idiv0
                0x080004d8                __aeabi_ldiv0
 *(.text*)
 .text.MX_GPIO_Init
                0x080004dc       0x4c CMakeFiles/testcode.elf.dir/Core/Src/gpio.c.obj
                0x080004dc                MX_GPIO_Init
 .text.Error_Handler
                0x08000528        0x4 CMakeFiles/testcode.elf.dir/Core/Src/main.c.obj
                0x08000528                Error_Handler
 .text.SystemClock_Config
                0x0800052c       0xb4 CMakeFiles/testcode.elf.dir/Core/Src/main.c.obj
                0x0800052c                SystemClock_Config
 .text.main     0x080005e0       0x14 CMakeFiles/testcode.elf.dir/Core/Src/main.c.obj
                0x080005e0                main
 .text.HAL_MspInit
                0x080005f4       0x38 CMakeFiles/testcode.elf.dir/Core/Src/stm32f4xx_hal_msp.c.obj
                0x080005f4                HAL_MspInit
 .text.NMI_Handler
                0x0800062c        0x2 CMakeFiles/testcode.elf.dir/Core/Src/stm32f4xx_it.c.obj
                0x0800062c                NMI_Handler
 .text.HardFault_Handler
                0x0800062e        0x2 CMakeFiles/testcode.elf.dir/Core/Src/stm32f4xx_it.c.obj
                0x0800062e                HardFault_Handler
 .text.MemManage_Handler
                0x08000630        0x2 CMakeFiles/testcode.elf.dir/Core/Src/stm32f4xx_it.c.obj
                0x08000630                MemManage_Handler
 .text.BusFault_Handler
                0x08000632        0x2 CMakeFiles/testcode.elf.dir/Core/Src/stm32f4xx_it.c.obj
                0x08000632                BusFault_Handler
 .text.UsageFault_Handler
                0x08000634        0x2 CMakeFiles/testcode.elf.dir/Core/Src/stm32f4xx_it.c.obj
                0x08000634                UsageFault_Handler
 .text.SVC_Handler
                0x08000636        0x2 CMakeFiles/testcode.elf.dir/Core/Src/stm32f4xx_it.c.obj
                0x08000636                SVC_Handler
 .text.DebugMon_Handler
                0x08000638        0x2 CMakeFiles/testcode.elf.dir/Core/Src/stm32f4xx_it.c.obj
                0x08000638                DebugMon_Handler
 .text.PendSV_Handler
                0x0800063a        0x2 CMakeFiles/testcode.elf.dir/Core/Src/stm32f4xx_it.c.obj
                0x0800063a                PendSV_Handler
 .text.SysTick_Handler
                0x0800063c        0x8 CMakeFiles/testcode.elf.dir/Core/Src/stm32f4xx_it.c.obj
                0x0800063c                SysTick_Handler
 .text.USART1_IRQHandler
                0x08000644       0x10 CMakeFiles/testcode.elf.dir/Core/Src/stm32f4xx_it.c.obj
                0x08000644                USART1_IRQHandler
 .text.SystemInit
                0x08000654        0x2 CMakeFiles/testcode.elf.dir/Core/Src/system_stm32f4xx.c.obj
                0x08000654                SystemInit
 *fill*         0x08000656        0x2 
 .text.MX_USART1_UART_Init
                0x08000658       0x3c CMakeFiles/testcode.elf.dir/Core/Src/usart.c.obj
                0x08000658                MX_USART1_UART_Init
 .text.HAL_UART_MspInit
                0x08000694       0x80 CMakeFiles/testcode.elf.dir/Core/Src/usart.c.obj
                0x08000694                HAL_UART_MspInit
 .text.Reset_Handler
                0x08000714       0x50 CMakeFiles/testcode.elf.dir/Core/Startup/startup_stm32f427iihx.s.obj
                0x08000714                Reset_Handler
 .text.Default_Handler
                0x08000764        0x2 CMakeFiles/testcode.elf.dir/Core/Startup/startup_stm32f427iihx.s.obj
                0x08000764                RTC_Alarm_IRQHandler
                0x08000764                HASH_RNG_IRQHandler
                0x08000764                EXTI2_IRQHandler
                0x08000764                TIM8_CC_IRQHandler
                0x08000764                UART8_IRQHandler
                0x08000764                SPI4_IRQHandler
                0x08000764                TIM1_CC_IRQHandler
                0x08000764                DMA2_Stream5_IRQHandler
                0x08000764                DMA1_Stream5_IRQHandler
                0x08000764                PVD_IRQHandler
                0x08000764                SDIO_IRQHandler
                0x08000764                TAMP_STAMP_IRQHandler
                0x08000764                CAN2_RX1_IRQHandler
                0x08000764                EXTI3_IRQHandler
                0x08000764                TIM8_TRG_COM_TIM14_IRQHandler
                0x08000764                TIM1_UP_TIM10_IRQHandler
                0x08000764                TIM8_UP_TIM13_IRQHandler
                0x08000764                I2C3_ER_IRQHandler
                0x08000764                EXTI0_IRQHandler
                0x08000764                I2C2_EV_IRQHandler
                0x08000764                DMA1_Stream2_IRQHandler
                0x08000764                CAN1_RX0_IRQHandler
                0x08000764                FPU_IRQHandler
                0x08000764                OTG_HS_WKUP_IRQHandler
                0x08000764                CAN2_SCE_IRQHandler
                0x08000764                DMA2_Stream2_IRQHandler
                0x08000764                SPI1_IRQHandler
                0x08000764                TIM6_DAC_IRQHandler
                0x08000764                TIM1_BRK_TIM9_IRQHandler
                0x08000764                DCMI_IRQHandler
                0x08000764                CAN2_RX0_IRQHandler
                0x08000764                DMA2_Stream3_IRQHandler
                0x08000764                USART6_IRQHandler
                0x08000764                USART3_IRQHandler
                0x08000764                CAN1_RX1_IRQHandler
                0x08000764                UART5_IRQHandler
                0x08000764                DMA2_Stream0_IRQHandler
                0x08000764                TIM4_IRQHandler
                0x08000764                I2C1_EV_IRQHandler
                0x08000764                DMA1_Stream6_IRQHandler
                0x08000764                DMA1_Stream1_IRQHandler
                0x08000764                UART4_IRQHandler
                0x08000764                TIM3_IRQHandler
                0x08000764                RCC_IRQHandler
                0x08000764                TIM8_BRK_TIM12_IRQHandler
                0x08000764                Default_Handler
                0x08000764                EXTI15_10_IRQHandler
                0x08000764                ADC_IRQHandler
                0x08000764                DMA1_Stream7_IRQHandler
                0x08000764                SPI5_IRQHandler
                0x08000764                TIM7_IRQHandler
                0x08000764                CAN2_TX_IRQHandler
                0x08000764                TIM5_IRQHandler
                0x08000764                DMA2_Stream7_IRQHandler
                0x08000764                I2C3_EV_IRQHandler
                0x08000764                EXTI9_5_IRQHandler
                0x08000764                RTC_WKUP_IRQHandler
                0x08000764                ETH_WKUP_IRQHandler
                0x08000764                SPI2_IRQHandler
                0x08000764                OTG_HS_EP1_IN_IRQHandler
                0x08000764                DMA1_Stream0_IRQHandler
                0x08000764                CAN1_TX_IRQHandler
                0x08000764                EXTI4_IRQHandler
                0x08000764                ETH_IRQHandler
                0x08000764                OTG_HS_EP1_OUT_IRQHandler
                0x08000764                WWDG_IRQHandler
                0x08000764                SPI6_IRQHandler
                0x08000764                TIM2_IRQHandler
                0x08000764                OTG_FS_WKUP_IRQHandler
                0x08000764                TIM1_TRG_COM_TIM11_IRQHandler
                0x08000764                OTG_HS_IRQHandler
                0x08000764                DMA2D_IRQHandler
                0x08000764                EXTI1_IRQHandler
                0x08000764                UART7_IRQHandler
                0x08000764                USART2_IRQHandler
                0x08000764                I2C2_ER_IRQHandler
                0x08000764                DMA2_Stream1_IRQHandler
                0x08000764                CAN1_SCE_IRQHandler
                0x08000764                FLASH_IRQHandler
                0x08000764                DMA2_Stream4_IRQHandler
                0x08000764                OTG_FS_IRQHandler
                0x08000764                SPI3_IRQHandler
                0x08000764                DMA1_Stream4_IRQHandler
                0x08000764                I2C1_ER_IRQHandler
                0x08000764                FMC_IRQHandler
                0x08000764                DMA2_Stream6_IRQHandler
                0x08000764                SAI1_IRQHandler
                0x08000764                DMA1_Stream3_IRQHandler
 *fill*         0x08000766        0x2 
 .text.HAL_InitTick
                0x08000768       0x4c CMakeFiles/testcode.elf.dir/Drivers/STM32F4xx_HAL_Driver/Src/stm32f4xx_hal.c.obj
                0x08000768                HAL_InitTick
 .text.HAL_Init
                0x080007b4       0x34 CMakeFiles/testcode.elf.dir/Drivers/STM32F4xx_HAL_Driver/Src/stm32f4xx_hal.c.obj
                0x080007b4                HAL_Init
 .text.HAL_IncTick
                0x080007e8       0x18 CMakeFiles/testcode.elf.dir/Drivers/STM32F4xx_HAL_Driver/Src/stm32f4xx_hal.c.obj
                0x080007e8                HAL_IncTick
 .text.HAL_GetTick
                0x08000800        0xc CMakeFiles/testcode.elf.dir/Drivers/STM32F4xx_HAL_Driver/Src/stm32f4xx_hal.c.obj
                0x08000800                HAL_GetTick
 .text.__NVIC_EnableIRQ
                0x0800080c       0x1c CMakeFiles/testcode.elf.dir/Drivers/STM32F4xx_HAL_Driver/Src/stm32f4xx_hal_cortex.c.obj
 .text.__NVIC_SetPriority
                0x08000828       0x28 CMakeFiles/testcode.elf.dir/Drivers/STM32F4xx_HAL_Driver/Src/stm32f4xx_hal_cortex.c.obj
 .text.NVIC_EncodePriority
                0x08000850       0x3e CMakeFiles/testcode.elf.dir/Drivers/STM32F4xx_HAL_Driver/Src/stm32f4xx_hal_cortex.c.obj
 *fill*         0x0800088e        0x2 
 .text.HAL_NVIC_SetPriorityGrouping
                0x08000890       0x24 CMakeFiles/testcode.elf.dir/Drivers/STM32F4xx_HAL_Driver/Src/stm32f4xx_hal_cortex.c.obj
                0x08000890                HAL_NVIC_SetPriorityGrouping
 .text.HAL_NVIC_SetPriority
                0x080008b4       0x20 CMakeFiles/testcode.elf.dir/Drivers/STM32F4xx_HAL_Driver/Src/stm32f4xx_hal_cortex.c.obj
                0x080008b4                HAL_NVIC_SetPriority
 .text.HAL_NVIC_EnableIRQ
                0x080008d4        0x8 CMakeFiles/testcode.elf.dir/Drivers/STM32F4xx_HAL_Driver/Src/stm32f4xx_hal_cortex.c.obj
                0x080008d4                HAL_NVIC_EnableIRQ
 .text.HAL_SYSTICK_Config
                0x080008dc       0x28 CMakeFiles/testcode.elf.dir/Drivers/STM32F4xx_HAL_Driver/Src/stm32f4xx_hal_cortex.c.obj
                0x080008dc                HAL_SYSTICK_Config
 .text.HAL_DMA_Abort
                0x08000904       0x94 CMakeFiles/testcode.elf.dir/Drivers/STM32F4xx_HAL_Driver/Src/stm32f4xx_hal_dma.c.obj
                0x08000904                HAL_DMA_Abort
 .text.HAL_DMA_Abort_IT
                0x08000998       0x26 CMakeFiles/testcode.elf.dir/Drivers/STM32F4xx_HAL_Driver/Src/stm32f4xx_hal_dma.c.obj
                0x08000998                HAL_DMA_Abort_IT
 *fill*         0x080009be        0x2 
 .text.HAL_GPIO_Init
                0x080009c0      0x20c CMakeFiles/testcode.elf.dir/Drivers/STM32F4xx_HAL_Driver/Src/stm32f4xx_hal_gpio.c.obj
                0x080009c0                HAL_GPIO_Init
 .text.HAL_PWREx_EnableOverDrive
                0x08000bcc       0x7c CMakeFiles/testcode.elf.dir/Drivers/STM32F4xx_HAL_Driver/Src/stm32f4xx_hal_pwr_ex.c.obj
                0x08000bcc                HAL_PWREx_EnableOverDrive
 .text.HAL_RCC_OscConfig
                0x08000c48      0x3f8 CMakeFiles/testcode.elf.dir/Drivers/STM32F4xx_HAL_Driver/Src/stm32f4xx_hal_rcc.c.obj
                0x08000c48                HAL_RCC_OscConfig
 .text.HAL_RCC_GetSysClockFreq
                0x08001040       0xa8 CMakeFiles/testcode.elf.dir/Drivers/STM32F4xx_HAL_Driver/Src/stm32f4xx_hal_rcc.c.obj
                0x08001040                HAL_RCC_GetSysClockFreq
 .text.HAL_RCC_ClockConfig
                0x080010e8      0x160 CMakeFiles/testcode.elf.dir/Drivers/STM32F4xx_HAL_Driver/Src/stm32f4xx_hal_rcc.c.obj
                0x080010e8                HAL_RCC_ClockConfig
 .text.HAL_RCC_GetHCLKFreq
                0x08001248        0xc CMakeFiles/testcode.elf.dir/Drivers/STM32F4xx_HAL_Driver/Src/stm32f4xx_hal_rcc.c.obj
                0x08001248                HAL_RCC_GetHCLKFreq
 .text.HAL_RCC_GetPCLK1Freq
                0x08001254       0x20 CMakeFiles/testcode.elf.dir/Drivers/STM32F4xx_HAL_Driver/Src/stm32f4xx_hal_rcc.c.obj
                0x08001254                HAL_RCC_GetPCLK1Freq
 .text.HAL_RCC_GetPCLK2Freq
                0x08001274       0x20 CMakeFiles/testcode.elf.dir/Drivers/STM32F4xx_HAL_Driver/Src/stm32f4xx_hal_rcc.c.obj
                0x08001274                HAL_RCC_GetPCLK2Freq
 .text.UART_EndRxTransfer
                0x08001294       0x5c CMakeFiles/testcode.elf.dir/Drivers/STM32F4xx_HAL_Driver/Src/stm32f4xx_hal_uart.c.obj
 .text.UART_Transmit_IT
                0x080012f0       0x60 CMakeFiles/testcode.elf.dir/Drivers/STM32F4xx_HAL_Driver/Src/stm32f4xx_hal_uart.c.obj
 .text.UART_SetConfig
                0x08001350      0x110 CMakeFiles/testcode.elf.dir/Drivers/STM32F4xx_HAL_Driver/Src/stm32f4xx_hal_uart.c.obj
 .text.HAL_UART_Init
                0x08001460       0x60 CMakeFiles/testcode.elf.dir/Drivers/STM32F4xx_HAL_Driver/Src/stm32f4xx_hal_uart.c.obj
                0x08001460                HAL_UART_Init
 .text.HAL_UART_TxCpltCallback
                0x080014c0        0x2 CMakeFiles/testcode.elf.dir/Drivers/STM32F4xx_HAL_Driver/Src/stm32f4xx_hal_uart.c.obj
                0x080014c0                HAL_UART_TxCpltCallback
 .text.UART_EndTransmit_IT
                0x080014c2       0x1a CMakeFiles/testcode.elf.dir/Drivers/STM32F4xx_HAL_Driver/Src/stm32f4xx_hal_uart.c.obj
 .text.HAL_UART_RxCpltCallback
                0x080014dc        0x2 CMakeFiles/testcode.elf.dir/Drivers/STM32F4xx_HAL_Driver/Src/stm32f4xx_hal_uart.c.obj
                0x080014dc                HAL_UART_RxCpltCallback
 .text.HAL_UART_ErrorCallback
                0x080014de        0x2 CMakeFiles/testcode.elf.dir/Drivers/STM32F4xx_HAL_Driver/Src/stm32f4xx_hal_uart.c.obj
                0x080014de                HAL_UART_ErrorCallback
 .text.UART_DMAAbortOnError
                0x080014e0       0x10 CMakeFiles/testcode.elf.dir/Drivers/STM32F4xx_HAL_Driver/Src/stm32f4xx_hal_uart.c.obj
 .text.HAL_UARTEx_RxEventCallback
                0x080014f0        0x2 CMakeFiles/testcode.elf.dir/Drivers/STM32F4xx_HAL_Driver/Src/stm32f4xx_hal_uart.c.obj
                0x080014f0                HAL_UARTEx_RxEventCallback
 .text.UART_Receive_IT
                0x080014f2       0xe6 CMakeFiles/testcode.elf.dir/Drivers/STM32F4xx_HAL_Driver/Src/stm32f4xx_hal_uart.c.obj
 .text.HAL_UART_IRQHandler
                0x080015d8      0x284 CMakeFiles/testcode.elf.dir/Drivers/STM32F4xx_HAL_Driver/Src/stm32f4xx_hal_uart.c.obj
                0x080015d8                HAL_UART_IRQHandler
 .text.memset   0x0800185c       0x10 C:/ST/STM32CubeCLT_1.16.0/GNU-tools-for-STM32/bin/../lib/gcc/arm-none-eabi/12.3.1/../../../../arm-none-eabi/lib/thumb/v7e-m/nofp\libc.a(libc_a-memset.o)
                0x0800185c                memset
 .text.__libc_init_array
                0x0800186c       0x48 C:/ST/STM32CubeCLT_1.16.0/GNU-tools-for-STM32/bin/../lib/gcc/arm-none-eabi/12.3.1/../../../../arm-none-eabi/lib/thumb/v7e-m/nofp\libc.a(libc_a-init.o)
                0x0800186c                __libc_init_array
 .text.__retarget_lock_acquire_recursive
                0x080018b4        0x2 C:/ST/STM32CubeCLT_1.16.0/GNU-tools-for-STM32/bin/../lib/gcc/arm-none-eabi/12.3.1/../../../../arm-none-eabi/lib/thumb/v7e-m/nofp\libc.a(libc_a-lock.o)
                0x080018b4                __retarget_lock_acquire_recursive
 .text.__retarget_lock_release_recursive
                0x080018b6        0x2 C:/ST/STM32CubeCLT_1.16.0/GNU-tools-for-STM32/bin/../lib/gcc/arm-none-eabi/12.3.1/../../../../arm-none-eabi/lib/thumb/v7e-m/nofp\libc.a(libc_a-lock.o)
                0x080018b6                __retarget_lock_release_recursive
 .text.startup.register_fini
                0x080018b8       0x14 C:/ST/STM32CubeCLT_1.16.0/GNU-tools-for-STM32/bin/../lib/gcc/arm-none-eabi/12.3.1/../../../../arm-none-eabi/lib/thumb/v7e-m/nofp\libc.a(libc_a-__call_atexit.o)
 .text.atexit   0x080018cc        0xc C:/ST/STM32CubeCLT_1.16.0/GNU-tools-for-STM32/bin/../lib/gcc/arm-none-eabi/12.3.1/../../../../arm-none-eabi/lib/thumb/v7e-m/nofp\libc.a(libc_a-atexit.o)
                0x080018cc                atexit
 .text.__libc_fini_array
                0x080018d8       0x28 C:/ST/STM32CubeCLT_1.16.0/GNU-tools-for-STM32/bin/../lib/gcc/arm-none-eabi/12.3.1/../../../../arm-none-eabi/lib/thumb/v7e-m/nofp\libc.a(libc_a-fini.o)
                0x080018d8                __libc_fini_array
 .text.__register_exitproc
                0x08001900       0x80 C:/ST/STM32CubeCLT_1.16.0/GNU-tools-for-STM32/bin/../lib/gcc/arm-none-eabi/12.3.1/../../../../arm-none-eabi/lib/thumb/v7e-m/nofp\libc.a(libc_a-__atexit.o)
                0x08001900                __register_exitproc
 *(.glue_7)
 .glue_7        0x08001980        0x0 linker stubs
 *(.glue_7t)
 .glue_7t       0x08001980        0x0 linker stubs
 *(.eh_frame)
 .eh_frame      0x08001980        0x0 C:/ST/STM32CubeCLT_1.16.0/GNU-tools-for-STM32/bin/../lib/gcc/arm-none-eabi/12.3.1/thumb/v7e-m/nofp/crtbegin.o
 *(.init)
 .init          0x08001980        0x4 C:/ST/STM32CubeCLT_1.16.0/GNU-tools-for-STM32/bin/../lib/gcc/arm-none-eabi/12.3.1/thumb/v7e-m/nofp/crti.o
                0x08001980                _init
 .init          0x08001984        0x8 C:/ST/STM32CubeCLT_1.16.0/GNU-tools-for-STM32/bin/../lib/gcc/arm-none-eabi/12.3.1/thumb/v7e-m/nofp/crtn.o
 *(.fini)
 .fini          0x0800198c        0x4 C:/ST/STM32CubeCLT_1.16.0/GNU-tools-for-STM32/bin/../lib/gcc/arm-none-eabi/12.3.1/thumb/v7e-m/nofp/crti.o
                0x0800198c                _fini
 .fini          0x08001990        0x8 C:/ST/STM32CubeCLT_1.16.0/GNU-tools-for-STM32/bin/../lib/gcc/arm-none-eabi/12.3.1/thumb/v7e-m/nofp/crtn.o
                0x08001998                        . = ALIGN (0x4)
                0x08001998                        _etext = .

.vfp11_veneer   0x08001998        0x0
 .vfp11_veneer  0x08001998        0x0 linker stubs

.v4_bx          0x08001998        0x0
 .v4_bx         0x08001998        0x0 linker stubs

.iplt           0x08001998        0x0
 .iplt          0x08001998        0x0 C:/ST/STM32CubeCLT_1.16.0/GNU-tools-for-STM32/bin/../lib/gcc/arm-none-eabi/12.3.1/thumb/v7e-m/nofp/crtbegin.o

.rodata         0x08001998       0x18
                0x08001998                        . = ALIGN (0x4)
 *(.rodata)
 *(.rodata*)
 .rodata.APBPrescTable
                0x08001998        0x8 CMakeFiles/testcode.elf.dir/Core/Src/system_stm32f4xx.c.obj
                0x08001998                APBPrescTable
 .rodata.AHBPrescTable
                0x080019a0       0x10 CMakeFiles/testcode.elf.dir/Core/Src/system_stm32f4xx.c.obj
                0x080019a0                AHBPrescTable
                0x080019b0                        . = ALIGN (0x4)

.ARM.extab      0x080019b0        0x0
                0x080019b0                        . = ALIGN (0x4)
 *(.ARM.extab* .gnu.linkonce.armextab.*)
                0x080019b0                        . = ALIGN (0x4)

.ARM            0x080019b0        0x8
                0x080019b0                        . = ALIGN (0x4)
                0x080019b0                        __exidx_start = .
 *(.ARM.exidx*)
 .ARM.exidx     0x080019b0        0x8 C:/ST/STM32CubeCLT_1.16.0/GNU-tools-for-STM32/bin/../lib/gcc/arm-none-eabi/12.3.1/thumb/v7e-m/nofp\libgcc.a(_udivmoddi4.o)
                0x080019b8                        __exidx_end = .
                0x080019b8                        . = ALIGN (0x4)

.preinit_array  0x080019b8        0x0
                0x080019b8                        . = ALIGN (0x4)
                0x080019b8                        PROVIDE (__preinit_array_start = .)
 *(.preinit_array*)
                0x080019b8                        PROVIDE (__preinit_array_end = .)
                0x080019b8                        . = ALIGN (0x4)

.init_array     0x080019b8        0x8
                0x080019b8                        . = ALIGN (0x4)
                0x080019b8                        PROVIDE (__init_array_start = .)
 *(SORT_BY_NAME(.init_array.*))
 .init_array.00000
                0x080019b8        0x4 C:/ST/STM32CubeCLT_1.16.0/GNU-tools-for-STM32/bin/../lib/gcc/arm-none-eabi/12.3.1/../../../../arm-none-eabi/lib/thumb/v7e-m/nofp\libc.a(libc_a-__call_atexit.o)
 *(.init_array*)
 .init_array    0x080019bc        0x4 C:/ST/STM32CubeCLT_1.16.0/GNU-tools-for-STM32/bin/../lib/gcc/arm-none-eabi/12.3.1/thumb/v7e-m/nofp/crtbegin.o
                0x080019c0                        PROVIDE (__init_array_end = .)
                0x080019c0                        . = ALIGN (0x4)

.fini_array     0x080019c0        0x4
                0x080019c0                        . = ALIGN (0x4)
                0x080019c0                        PROVIDE (__fini_array_start = .)
 *(SORT_BY_NAME(.fini_array.*))
 *(.fini_array*)
 .fini_array    0x080019c0        0x4 C:/ST/STM32CubeCLT_1.16.0/GNU-tools-for-STM32/bin/../lib/gcc/arm-none-eabi/12.3.1/thumb/v7e-m/nofp/crtbegin.o
                0x080019c4                        PROVIDE (__fini_array_end = .)
                0x080019c4                        . = ALIGN (0x4)
                0x080019c4                        _sidata = LOADADDR (.data)

.rel.dyn        0x080019c4        0x0
 .rel.iplt      0x080019c4        0x0 C:/ST/STM32CubeCLT_1.16.0/GNU-tools-for-STM32/bin/../lib/gcc/arm-none-eabi/12.3.1/thumb/v7e-m/nofp/crtbegin.o

.data           0x20000000       0x10 load address 0x080019c4
                0x20000000                        . = ALIGN (0x4)
                0x20000000                        _sdata = .
 *(.data)
 *(.data*)
 .data.SystemCoreClock
                0x20000000        0x4 CMakeFiles/testcode.elf.dir/Core/Src/system_stm32f4xx.c.obj
                0x20000000                SystemCoreClock
 .data.uwTickFreq
                0x20000004        0x1 CMakeFiles/testcode.elf.dir/Drivers/STM32F4xx_HAL_Driver/Src/stm32f4xx_hal.c.obj
                0x20000004                uwTickFreq
 *fill*         0x20000005        0x3 
 .data.uwTickPrio
                0x20000008        0x4 CMakeFiles/testcode.elf.dir/Drivers/STM32F4xx_HAL_Driver/Src/stm32f4xx_hal.c.obj
                0x20000008                uwTickPrio
 .data.__atexit_recursive_mutex
                0x2000000c        0x4 C:/ST/STM32CubeCLT_1.16.0/GNU-tools-for-STM32/bin/../lib/gcc/arm-none-eabi/12.3.1/../../../../arm-none-eabi/lib/thumb/v7e-m/nofp\libc.a(libc_a-__call_atexit.o)
                0x2000000c                __atexit_recursive_mutex
 *(.RamFunc)
 *(.RamFunc*)
                0x20000010                        . = ALIGN (0x4)
                0x20000010                        _edata = .
                0x080019d4                        _siccmram = LOADADDR (.ccmram)

.igot.plt       0x20000010        0x0 load address 0x080019d4
 .igot.plt      0x20000010        0x0 C:/ST/STM32CubeCLT_1.16.0/GNU-tools-for-STM32/bin/../lib/gcc/arm-none-eabi/12.3.1/thumb/v7e-m/nofp/crtbegin.o

.ccmram         0x10000000        0x0 load address 0x080019d4
                0x10000000                        . = ALIGN (0x4)
                0x10000000                        _sccmram = .
 *(.ccmram)
 *(.ccmram*)
                0x10000000                        . = ALIGN (0x4)
                0x10000000                        _eccmram = .
                0x10000000                        . = ALIGN (0x4)

.bss            0x20000010      0x200
                0x20000010                        _sbss = .
                0x20000010                        __bss_start__ = _sbss
 *(.bss)
 .bss           0x20000010       0x1c C:/ST/STM32CubeCLT_1.16.0/GNU-tools-for-STM32/bin/../lib/gcc/arm-none-eabi/12.3.1/thumb/v7e-m/nofp/crtbegin.o
 *(.bss*)
 .bss.huart1    0x2000002c       0x48 CMakeFiles/testcode.elf.dir/Core/Src/usart.c.obj
                0x2000002c                huart1
 .bss.uwTick    0x20000074        0x4 CMakeFiles/testcode.elf.dir/Drivers/STM32F4xx_HAL_Driver/Src/stm32f4xx_hal.c.obj
                0x20000074                uwTick
 .bss.__lock___atexit_recursive_mutex
                0x20000078        0x1 C:/ST/STM32CubeCLT_1.16.0/GNU-tools-for-STM32/bin/../lib/gcc/arm-none-eabi/12.3.1/../../../../arm-none-eabi/lib/thumb/v7e-m/nofp\libc.a(libc_a-lock.o)
                0x20000078                __lock___atexit_recursive_mutex
 *fill*         0x20000079        0x3 
 .bss.__atexit  0x2000007c        0x4 C:/ST/STM32CubeCLT_1.16.0/GNU-tools-for-STM32/bin/../lib/gcc/arm-none-eabi/12.3.1/../../../../arm-none-eabi/lib/thumb/v7e-m/nofp\libc.a(libc_a-__call_atexit.o)
                0x2000007c                __atexit
 .bss.__atexit0
                0x20000080      0x190 C:/ST/STM32CubeCLT_1.16.0/GNU-tools-for-STM32/bin/../lib/gcc/arm-none-eabi/12.3.1/../../../../arm-none-eabi/lib/thumb/v7e-m/nofp\libc.a(libc_a-__atexit.o)
                0x20000080                __atexit0
 *(COMMON)
                0x20000210                        . = ALIGN (0x4)
                0x20000210                        _ebss = .
                0x20000210                        __bss_end__ = _ebss

._user_heap_stack
                0x20000210      0x600
                0x20000210                        . = ALIGN (0x8)
                [!provide]                        PROVIDE (end = .)
                0x20000210                        PROVIDE (_end = .)
                0x20000410                        . = (. + _Min_Heap_Size)
 *fill*         0x20000210      0x200 
                0x20000810                        . = (. + _Min_Stack_Size)
 *fill*         0x20000410      0x400 
                0x20000810                        . = ALIGN (0x8)

/DISCARD/
 libc.a(*)
 libm.a(*)
 libgcc.a(*)

.ARM.attributes
                0x00000000       0x2a
 *(.ARM.attributes)
 .ARM.attributes
                0x00000000       0x1e C:/ST/STM32CubeCLT_1.16.0/GNU-tools-for-STM32/bin/../lib/gcc/arm-none-eabi/12.3.1/thumb/v7e-m/nofp/crti.o
 .ARM.attributes
                0x0000001e       0x2e C:/ST/STM32CubeCLT_1.16.0/GNU-tools-for-STM32/bin/../lib/gcc/arm-none-eabi/12.3.1/thumb/v7e-m/nofp/crtbegin.o
 .ARM.attributes
                0x0000004c       0x2e CMakeFiles/testcode.elf.dir/Core/Src/gpio.c.obj
 .ARM.attributes
                0x0000007a       0x2e CMakeFiles/testcode.elf.dir/Core/Src/main.c.obj
 .ARM.attributes
                0x000000a8       0x2e CMakeFiles/testcode.elf.dir/Core/Src/stm32f4xx_hal_msp.c.obj
 .ARM.attributes
                0x000000d6       0x2e CMakeFiles/testcode.elf.dir/Core/Src/stm32f4xx_it.c.obj
 .ARM.attributes
                0x00000104       0x2e CMakeFiles/testcode.elf.dir/Core/Src/system_stm32f4xx.c.obj
 .ARM.attributes
                0x00000132       0x2e CMakeFiles/testcode.elf.dir/Core/Src/usart.c.obj
 .ARM.attributes
                0x00000160       0x21 CMakeFiles/testcode.elf.dir/Core/Startup/startup_stm32f427iihx.s.obj
 .ARM.attributes
                0x00000181       0x2e CMakeFiles/testcode.elf.dir/Drivers/STM32F4xx_HAL_Driver/Src/stm32f4xx_hal.c.obj
 .ARM.attributes
                0x000001af       0x2e CMakeFiles/testcode.elf.dir/Drivers/STM32F4xx_HAL_Driver/Src/stm32f4xx_hal_cortex.c.obj
 .ARM.attributes
                0x000001dd       0x2e CMakeFiles/testcode.elf.dir/Drivers/STM32F4xx_HAL_Driver/Src/stm32f4xx_hal_dma.c.obj
 .ARM.attributes
                0x0000020b       0x2e CMakeFiles/testcode.elf.dir/Drivers/STM32F4xx_HAL_Driver/Src/stm32f4xx_hal_gpio.c.obj
 .ARM.attributes
                0x00000239       0x2e CMakeFiles/testcode.elf.dir/Drivers/STM32F4xx_HAL_Driver/Src/stm32f4xx_hal_pwr_ex.c.obj
 .ARM.attributes
                0x00000267       0x2e CMakeFiles/testcode.elf.dir/Drivers/STM32F4xx_HAL_Driver/Src/stm32f4xx_hal_rcc.c.obj
 .ARM.attributes
                0x00000295       0x2e CMakeFiles/testcode.elf.dir/Drivers/STM32F4xx_HAL_Driver/Src/stm32f4xx_hal_uart.c.obj
 .ARM.attributes
                0x000002c3       0x1e C:/ST/STM32CubeCLT_1.16.0/GNU-tools-for-STM32/bin/../lib/gcc/arm-none-eabi/12.3.1/thumb/v7e-m/nofp\libgcc.a(_aeabi_uldivmod.o)
 .ARM.attributes
                0x000002e1       0x2e C:/ST/STM32CubeCLT_1.16.0/GNU-tools-for-STM32/bin/../lib/gcc/arm-none-eabi/12.3.1/thumb/v7e-m/nofp\libgcc.a(_udivmoddi4.o)
 .ARM.attributes
                0x0000030f       0x1e C:/ST/STM32CubeCLT_1.16.0/GNU-tools-for-STM32/bin/../lib/gcc/arm-none-eabi/12.3.1/thumb/v7e-m/nofp\libgcc.a(_dvmd_tls.o)
 .ARM.attributes
                0x0000032d       0x2e C:/ST/STM32CubeCLT_1.16.0/GNU-tools-for-STM32/bin/../lib/gcc/arm-none-eabi/12.3.1/../../../../arm-none-eabi/lib/thumb/v7e-m/nofp\libc.a(libc_a-memset.o)
 .ARM.attributes
                0x0000035b       0x2e C:/ST/STM32CubeCLT_1.16.0/GNU-tools-for-STM32/bin/../lib/gcc/arm-none-eabi/12.3.1/../../../../arm-none-eabi/lib/thumb/v7e-m/nofp\libc.a(libc_a-init.o)
 .ARM.attributes
                0x00000389       0x2e C:/ST/STM32CubeCLT_1.16.0/GNU-tools-for-STM32/bin/../lib/gcc/arm-none-eabi/12.3.1/../../../../arm-none-eabi/lib/thumb/v7e-m/nofp\libc.a(libc_a-lock.o)
 .ARM.attributes
                0x000003b7       0x2e C:/ST/STM32CubeCLT_1.16.0/GNU-tools-for-STM32/bin/../lib/gcc/arm-none-eabi/12.3.1/../../../../arm-none-eabi/lib/thumb/v7e-m/nofp\libc.a(libc_a-__call_atexit.o)
 .ARM.attributes
                0x000003e5       0x2e C:/ST/STM32CubeCLT_1.16.0/GNU-tools-for-STM32/bin/../lib/gcc/arm-none-eabi/12.3.1/../../../../arm-none-eabi/lib/thumb/v7e-m/nofp\libc.a(libc_a-atexit.o)
 .ARM.attributes
                0x00000413       0x2e C:/ST/STM32CubeCLT_1.16.0/GNU-tools-for-STM32/bin/../lib/gcc/arm-none-eabi/12.3.1/../../../../arm-none-eabi/lib/thumb/v7e-m/nofp\libc.a(libc_a-fini.o)
 .ARM.attributes
                0x00000441       0x2e C:/ST/STM32CubeCLT_1.16.0/GNU-tools-for-STM32/bin/../lib/gcc/arm-none-eabi/12.3.1/../../../../arm-none-eabi/lib/thumb/v7e-m/nofp\libc.a(libc_a-__atexit.o)
 .ARM.attributes
                0x0000046f       0x1e C:/ST/STM32CubeCLT_1.16.0/GNU-tools-for-STM32/bin/../lib/gcc/arm-none-eabi/12.3.1/thumb/v7e-m/nofp/crtn.o
OUTPUT(testcode.elf elf32-littlearm)
LOAD linker stubs
LOAD C:/ST/STM32CubeCLT_1.16.0/GNU-tools-for-STM32/bin/../lib/gcc/arm-none-eabi/12.3.1/../../../../arm-none-eabi/lib/thumb/v7e-m/nofp\libc.a
LOAD C:/ST/STM32CubeCLT_1.16.0/GNU-tools-for-STM32/bin/../lib/gcc/arm-none-eabi/12.3.1/../../../../arm-none-eabi/lib/thumb/v7e-m/nofp\libm.a
LOAD C:/ST/STM32CubeCLT_1.16.0/GNU-tools-for-STM32/bin/../lib/gcc/arm-none-eabi/12.3.1/thumb/v7e-m/nofp\libgcc.a

.debug_info     0x00000000     0x9ed4
 .debug_info    0x00000000      0x298 CMakeFiles/testcode.elf.dir/Core/Src/gpio.c.obj
 .debug_info    0x00000298      0x57a CMakeFiles/testcode.elf.dir/Core/Src/main.c.obj
 .debug_info    0x00000812      0x27d CMakeFiles/testcode.elf.dir/Core/Src/stm32f4xx_hal_msp.c.obj
 .debug_info    0x00000a8f      0x651 CMakeFiles/testcode.elf.dir/Core/Src/stm32f4xx_it.c.obj
 .debug_info    0x000010e0      0x34c CMakeFiles/testcode.elf.dir/Core/Src/system_stm32f4xx.c.obj
 .debug_info    0x0000142c      0xc74 CMakeFiles/testcode.elf.dir/Core/Src/usart.c.obj
 .debug_info    0x000020a0       0x30 CMakeFiles/testcode.elf.dir/Core/Startup/startup_stm32f427iihx.s.obj
 .debug_info    0x000020d0      0xa4c CMakeFiles/testcode.elf.dir/Drivers/STM32F4xx_HAL_Driver/Src/stm32f4xx_hal.c.obj
 .debug_info    0x00002b1c      0xfe5 CMakeFiles/testcode.elf.dir/Drivers/STM32F4xx_HAL_Driver/Src/stm32f4xx_hal_cortex.c.obj
 .debug_info    0x00003b01      0xad9 CMakeFiles/testcode.elf.dir/Drivers/STM32F4xx_HAL_Driver/Src/stm32f4xx_hal_dma.c.obj
 .debug_info    0x000045da      0x71c CMakeFiles/testcode.elf.dir/Drivers/STM32F4xx_HAL_Driver/Src/stm32f4xx_hal_gpio.c.obj
 .debug_info    0x00004cf6      0x78a CMakeFiles/testcode.elf.dir/Drivers/STM32F4xx_HAL_Driver/Src/stm32f4xx_hal_pwr_ex.c.obj
 .debug_info    0x00005480      0xa85 CMakeFiles/testcode.elf.dir/Drivers/STM32F4xx_HAL_Driver/Src/stm32f4xx_hal_rcc.c.obj
 .debug_info    0x00005f05     0x3fcf CMakeFiles/testcode.elf.dir/Drivers/STM32F4xx_HAL_Driver/Src/stm32f4xx_hal_uart.c.obj

.debug_abbrev   0x00000000     0x1afc
 .debug_abbrev  0x00000000       0xd6 CMakeFiles/testcode.elf.dir/Core/Src/gpio.c.obj
 .debug_abbrev  0x000000d6      0x1e9 CMakeFiles/testcode.elf.dir/Core/Src/main.c.obj
 .debug_abbrev  0x000002bf       0xd6 CMakeFiles/testcode.elf.dir/Core/Src/stm32f4xx_hal_msp.c.obj
 .debug_abbrev  0x00000395      0x17e CMakeFiles/testcode.elf.dir/Core/Src/stm32f4xx_it.c.obj
 .debug_abbrev  0x00000513      0x120 CMakeFiles/testcode.elf.dir/Core/Src/system_stm32f4xx.c.obj
 .debug_abbrev  0x00000633      0x236 CMakeFiles/testcode.elf.dir/Core/Src/usart.c.obj
 .debug_abbrev  0x00000869       0x24 CMakeFiles/testcode.elf.dir/Core/Startup/startup_stm32f427iihx.s.obj
 .debug_abbrev  0x0000088d      0x240 CMakeFiles/testcode.elf.dir/Drivers/STM32F4xx_HAL_Driver/Src/stm32f4xx_hal.c.obj
 .debug_abbrev  0x00000acd      0x391 CMakeFiles/testcode.elf.dir/Drivers/STM32F4xx_HAL_Driver/Src/stm32f4xx_hal_cortex.c.obj
 .debug_abbrev  0x00000e5e      0x2c0 CMakeFiles/testcode.elf.dir/Drivers/STM32F4xx_HAL_Driver/Src/stm32f4xx_hal_dma.c.obj
 .debug_abbrev  0x0000111e      0x202 CMakeFiles/testcode.elf.dir/Drivers/STM32F4xx_HAL_Driver/Src/stm32f4xx_hal_gpio.c.obj
 .debug_abbrev  0x00001320      0x1e6 CMakeFiles/testcode.elf.dir/Drivers/STM32F4xx_HAL_Driver/Src/stm32f4xx_hal_pwr_ex.c.obj
 .debug_abbrev  0x00001506      0x2c7 CMakeFiles/testcode.elf.dir/Drivers/STM32F4xx_HAL_Driver/Src/stm32f4xx_hal_rcc.c.obj
 .debug_abbrev  0x000017cd      0x32f CMakeFiles/testcode.elf.dir/Drivers/STM32F4xx_HAL_Driver/Src/stm32f4xx_hal_uart.c.obj

.debug_aranges  0x00000000      0x728
 .debug_aranges
                0x00000000       0x20 CMakeFiles/testcode.elf.dir/Core/Src/gpio.c.obj
 .debug_aranges
                0x00000020       0x30 CMakeFiles/testcode.elf.dir/Core/Src/main.c.obj
 .debug_aranges
                0x00000050       0x20 CMakeFiles/testcode.elf.dir/Core/Src/stm32f4xx_hal_msp.c.obj
 .debug_aranges
                0x00000070       0x68 CMakeFiles/testcode.elf.dir/Core/Src/stm32f4xx_it.c.obj
 .debug_aranges
                0x000000d8       0x28 CMakeFiles/testcode.elf.dir/Core/Src/system_stm32f4xx.c.obj
 .debug_aranges
                0x00000100       0x30 CMakeFiles/testcode.elf.dir/Core/Src/usart.c.obj
 .debug_aranges
                0x00000130       0x28 CMakeFiles/testcode.elf.dir/Core/Startup/startup_stm32f427iihx.s.obj
 .debug_aranges
                0x00000158      0x100 CMakeFiles/testcode.elf.dir/Drivers/STM32F4xx_HAL_Driver/Src/stm32f4xx_hal.c.obj
 .debug_aranges
                0x00000258       0xf8 CMakeFiles/testcode.elf.dir/Drivers/STM32F4xx_HAL_Driver/Src/stm32f4xx_hal_cortex.c.obj
 .debug_aranges
                0x00000350       0x90 CMakeFiles/testcode.elf.dir/Drivers/STM32F4xx_HAL_Driver/Src/stm32f4xx_hal_dma.c.obj
 .debug_aranges
                0x000003e0       0x58 CMakeFiles/testcode.elf.dir/Drivers/STM32F4xx_HAL_Driver/Src/stm32f4xx_hal_gpio.c.obj
 .debug_aranges
                0x00000438       0x60 CMakeFiles/testcode.elf.dir/Drivers/STM32F4xx_HAL_Driver/Src/stm32f4xx_hal_pwr_ex.c.obj
 .debug_aranges
                0x00000498       0x88 CMakeFiles/testcode.elf.dir/Drivers/STM32F4xx_HAL_Driver/Src/stm32f4xx_hal_rcc.c.obj
 .debug_aranges
                0x00000520      0x208 CMakeFiles/testcode.elf.dir/Drivers/STM32F4xx_HAL_Driver/Src/stm32f4xx_hal_uart.c.obj

.debug_rnglists
                0x00000000      0x557
 .debug_rnglists
                0x00000000       0x13 CMakeFiles/testcode.elf.dir/Core/Src/gpio.c.obj
 .debug_rnglists
                0x00000013       0x20 CMakeFiles/testcode.elf.dir/Core/Src/main.c.obj
 .debug_rnglists
                0x00000033       0x13 CMakeFiles/testcode.elf.dir/Core/Src/stm32f4xx_hal_msp.c.obj
 .debug_rnglists
                0x00000046       0x49 CMakeFiles/testcode.elf.dir/Core/Src/stm32f4xx_it.c.obj
 .debug_rnglists
                0x0000008f       0x1a CMakeFiles/testcode.elf.dir/Core/Src/system_stm32f4xx.c.obj
 .debug_rnglists
                0x000000a9       0x20 CMakeFiles/testcode.elf.dir/Core/Src/usart.c.obj
 .debug_rnglists
                0x000000c9       0x19 CMakeFiles/testcode.elf.dir/Core/Startup/startup_stm32f427iihx.s.obj
 .debug_rnglists
                0x000000e2       0xbb CMakeFiles/testcode.elf.dir/Drivers/STM32F4xx_HAL_Driver/Src/stm32f4xx_hal.c.obj
 .debug_rnglists
                0x0000019d       0xb5 CMakeFiles/testcode.elf.dir/Drivers/STM32F4xx_HAL_Driver/Src/stm32f4xx_hal_cortex.c.obj
 .debug_rnglists
                0x00000252       0x6c CMakeFiles/testcode.elf.dir/Drivers/STM32F4xx_HAL_Driver/Src/stm32f4xx_hal_dma.c.obj
 .debug_rnglists
                0x000002be       0x3f CMakeFiles/testcode.elf.dir/Drivers/STM32F4xx_HAL_Driver/Src/stm32f4xx_hal_gpio.c.obj
 .debug_rnglists
                0x000002fd       0x44 CMakeFiles/testcode.elf.dir/Drivers/STM32F4xx_HAL_Driver/Src/stm32f4xx_hal_pwr_ex.c.obj
 .debug_rnglists
                0x00000341       0x75 CMakeFiles/testcode.elf.dir/Drivers/STM32F4xx_HAL_Driver/Src/stm32f4xx_hal_rcc.c.obj
 .debug_rnglists
                0x000003b6      0x1a1 CMakeFiles/testcode.elf.dir/Drivers/STM32F4xx_HAL_Driver/Src/stm32f4xx_hal_uart.c.obj

.debug_line     0x00000000     0x8fa8
 .debug_line    0x00000000      0x1ff CMakeFiles/testcode.elf.dir/Core/Src/gpio.c.obj
 .debug_line    0x000001ff      0x462 CMakeFiles/testcode.elf.dir/Core/Src/main.c.obj
 .debug_line    0x00000661      0x207 CMakeFiles/testcode.elf.dir/Core/Src/stm32f4xx_hal_msp.c.obj
 .debug_line    0x00000868      0x3a9 CMakeFiles/testcode.elf.dir/Core/Src/stm32f4xx_it.c.obj
 .debug_line    0x00000c11      0x2cf CMakeFiles/testcode.elf.dir/Core/Src/system_stm32f4xx.c.obj
 .debug_line    0x00000ee0      0x3e8 CMakeFiles/testcode.elf.dir/Core/Src/usart.c.obj
 .debug_line    0x000012c8       0x7a CMakeFiles/testcode.elf.dir/Core/Startup/startup_stm32f427iihx.s.obj
 .debug_line    0x00001342      0x6a5 CMakeFiles/testcode.elf.dir/Drivers/STM32F4xx_HAL_Driver/Src/stm32f4xx_hal.c.obj
 .debug_line    0x000019e7      0x95a CMakeFiles/testcode.elf.dir/Drivers/STM32F4xx_HAL_Driver/Src/stm32f4xx_hal_cortex.c.obj
 .debug_line    0x00002341      0xf36 CMakeFiles/testcode.elf.dir/Drivers/STM32F4xx_HAL_Driver/Src/stm32f4xx_hal_dma.c.obj
 .debug_line    0x00003277      0x7ae CMakeFiles/testcode.elf.dir/Drivers/STM32F4xx_HAL_Driver/Src/stm32f4xx_hal_gpio.c.obj
 .debug_line    0x00003a25      0x5a6 CMakeFiles/testcode.elf.dir/Drivers/STM32F4xx_HAL_Driver/Src/stm32f4xx_hal_pwr_ex.c.obj
 .debug_line    0x00003fcb      0xc17 CMakeFiles/testcode.elf.dir/Drivers/STM32F4xx_HAL_Driver/Src/stm32f4xx_hal_rcc.c.obj
 .debug_line    0x00004be2     0x43c6 CMakeFiles/testcode.elf.dir/Drivers/STM32F4xx_HAL_Driver/Src/stm32f4xx_hal_uart.c.obj

.debug_str      0x00000000     0x28c6
 .debug_str     0x00000000      0x2c1 CMakeFiles/testcode.elf.dir/Core/Src/gpio.c.obj
                                0x303 (size before relaxing)
 .debug_str     0x000002c1      0x239 CMakeFiles/testcode.elf.dir/Core/Src/main.c.obj
                                0x510 (size before relaxing)
 .debug_str     0x000004fa       0x54 CMakeFiles/testcode.elf.dir/Core/Src/stm32f4xx_hal_msp.c.obj
                                0x30f (size before relaxing)
 .debug_str     0x0000054e      0x516 CMakeFiles/testcode.elf.dir/Core/Src/stm32f4xx_it.c.obj
                                0x720 (size before relaxing)
 .debug_str     0x00000a64       0xaf CMakeFiles/testcode.elf.dir/Core/Src/system_stm32f4xx.c.obj
                                0x375 (size before relaxing)
 .debug_str     0x00000b13      0x680 CMakeFiles/testcode.elf.dir/Core/Src/usart.c.obj
                                0xe0b (size before relaxing)
 .debug_str     0x00001193       0x6c CMakeFiles/testcode.elf.dir/Core/Startup/startup_stm32f427iihx.s.obj
                                 0xb5 (size before relaxing)
 .debug_str     0x000011ff      0x3b2 CMakeFiles/testcode.elf.dir/Drivers/STM32F4xx_HAL_Driver/Src/stm32f4xx_hal.c.obj
                                0xc40 (size before relaxing)
 .debug_str     0x000015b1      0x4e7 CMakeFiles/testcode.elf.dir/Drivers/STM32F4xx_HAL_Driver/Src/stm32f4xx_hal_cortex.c.obj
                                0xd03 (size before relaxing)
 .debug_str     0x00001a98      0x341 CMakeFiles/testcode.elf.dir/Drivers/STM32F4xx_HAL_Driver/Src/stm32f4xx_hal_dma.c.obj
                                0x7b7 (size before relaxing)
 .debug_str     0x00001dd9      0x17e CMakeFiles/testcode.elf.dir/Drivers/STM32F4xx_HAL_Driver/Src/stm32f4xx_hal_gpio.c.obj
                                0x534 (size before relaxing)
 .debug_str     0x00001f57      0x166 CMakeFiles/testcode.elf.dir/Drivers/STM32F4xx_HAL_Driver/Src/stm32f4xx_hal_pwr_ex.c.obj
                                0x51f (size before relaxing)
 .debug_str     0x000020bd      0x1cc CMakeFiles/testcode.elf.dir/Drivers/STM32F4xx_HAL_Driver/Src/stm32f4xx_hal_rcc.c.obj
                                0x75a (size before relaxing)
 .debug_str     0x00002289      0x63d CMakeFiles/testcode.elf.dir/Drivers/STM32F4xx_HAL_Driver/Src/stm32f4xx_hal_uart.c.obj
                                0xddc (size before relaxing)

.comment        0x00000000       0x43
 .comment       0x00000000       0x43 CMakeFiles/testcode.elf.dir/Core/Src/gpio.c.obj
                                 0x44 (size before relaxing)
 .comment       0x00000043       0x44 CMakeFiles/testcode.elf.dir/Core/Src/main.c.obj
 .comment       0x00000043       0x44 CMakeFiles/testcode.elf.dir/Core/Src/stm32f4xx_hal_msp.c.obj
 .comment       0x00000043       0x44 CMakeFiles/testcode.elf.dir/Core/Src/stm32f4xx_it.c.obj
 .comment       0x00000043       0x44 CMakeFiles/testcode.elf.dir/Core/Src/system_stm32f4xx.c.obj
 .comment       0x00000043       0x44 CMakeFiles/testcode.elf.dir/Core/Src/usart.c.obj
 .comment       0x00000043       0x44 CMakeFiles/testcode.elf.dir/Drivers/STM32F4xx_HAL_Driver/Src/stm32f4xx_hal.c.obj
 .comment       0x00000043       0x44 CMakeFiles/testcode.elf.dir/Drivers/STM32F4xx_HAL_Driver/Src/stm32f4xx_hal_cortex.c.obj
 .comment       0x00000043       0x44 CMakeFiles/testcode.elf.dir/Drivers/STM32F4xx_HAL_Driver/Src/stm32f4xx_hal_dma.c.obj
 .comment       0x00000043       0x44 CMakeFiles/testcode.elf.dir/Drivers/STM32F4xx_HAL_Driver/Src/stm32f4xx_hal_gpio.c.obj
 .comment       0x00000043       0x44 CMakeFiles/testcode.elf.dir/Drivers/STM32F4xx_HAL_Driver/Src/stm32f4xx_hal_pwr_ex.c.obj
 .comment       0x00000043       0x44 CMakeFiles/testcode.elf.dir/Drivers/STM32F4xx_HAL_Driver/Src/stm32f4xx_hal_rcc.c.obj
 .comment       0x00000043       0x44 CMakeFiles/testcode.elf.dir/Drivers/STM32F4xx_HAL_Driver/Src/stm32f4xx_hal_uart.c.obj

.debug_frame    0x00000000     0x12e8
 .debug_frame   0x00000000       0x28 CMakeFiles/testcode.elf.dir/Core/Src/gpio.c.obj
 .debug_frame   0x00000028       0x58 CMakeFiles/testcode.elf.dir/Core/Src/main.c.obj
 .debug_frame   0x00000080       0x28 CMakeFiles/testcode.elf.dir/Core/Src/stm32f4xx_hal_msp.c.obj
 .debug_frame   0x000000a8       0xc0 CMakeFiles/testcode.elf.dir/Core/Src/stm32f4xx_it.c.obj
 .debug_frame   0x00000168       0x30 CMakeFiles/testcode.elf.dir/Core/Src/system_stm32f4xx.c.obj
 .debug_frame   0x00000198       0x60 CMakeFiles/testcode.elf.dir/Core/Src/usart.c.obj
 .debug_frame   0x000001f8      0x20c CMakeFiles/testcode.elf.dir/Drivers/STM32F4xx_HAL_Driver/Src/stm32f4xx_hal.c.obj
 .debug_frame   0x00000404      0x214 CMakeFiles/testcode.elf.dir/Drivers/STM32F4xx_HAL_Driver/Src/stm32f4xx_hal_cortex.c.obj
 .debug_frame   0x00000618      0x188 CMakeFiles/testcode.elf.dir/Drivers/STM32F4xx_HAL_Driver/Src/stm32f4xx_hal_dma.c.obj
 .debug_frame   0x000007a0       0xd4 CMakeFiles/testcode.elf.dir/Drivers/STM32F4xx_HAL_Driver/Src/stm32f4xx_hal_gpio.c.obj
 .debug_frame   0x00000874       0xec CMakeFiles/testcode.elf.dir/Drivers/STM32F4xx_HAL_Driver/Src/stm32f4xx_hal_pwr_ex.c.obj
 .debug_frame   0x00000960      0x16c CMakeFiles/testcode.elf.dir/Drivers/STM32F4xx_HAL_Driver/Src/stm32f4xx_hal_rcc.c.obj
 .debug_frame   0x00000acc      0x5dc CMakeFiles/testcode.elf.dir/Drivers/STM32F4xx_HAL_Driver/Src/stm32f4xx_hal_uart.c.obj
 .debug_frame   0x000010a8       0x2c C:/ST/STM32CubeCLT_1.16.0/GNU-tools-for-STM32/bin/../lib/gcc/arm-none-eabi/12.3.1/thumb/v7e-m/nofp\libgcc.a(_aeabi_uldivmod.o)
 .debug_frame   0x000010d4       0x34 C:/ST/STM32CubeCLT_1.16.0/GNU-tools-for-STM32/bin/../lib/gcc/arm-none-eabi/12.3.1/thumb/v7e-m/nofp\libgcc.a(_udivmoddi4.o)
 .debug_frame   0x00001108       0x20 C:/ST/STM32CubeCLT_1.16.0/GNU-tools-for-STM32/bin/../lib/gcc/arm-none-eabi/12.3.1/../../../../arm-none-eabi/lib/thumb/v7e-m/nofp\libc.a(libc_a-memset.o)
 .debug_frame   0x00001128       0x2c C:/ST/STM32CubeCLT_1.16.0/GNU-tools-for-STM32/bin/../lib/gcc/arm-none-eabi/12.3.1/../../../../arm-none-eabi/lib/thumb/v7e-m/nofp\libc.a(libc_a-init.o)
 .debug_frame   0x00001154       0xb0 C:/ST/STM32CubeCLT_1.16.0/GNU-tools-for-STM32/bin/../lib/gcc/arm-none-eabi/12.3.1/../../../../arm-none-eabi/lib/thumb/v7e-m/nofp\libc.a(libc_a-lock.o)
 .debug_frame   0x00001204       0x58 C:/ST/STM32CubeCLT_1.16.0/GNU-tools-for-STM32/bin/../lib/gcc/arm-none-eabi/12.3.1/../../../../arm-none-eabi/lib/thumb/v7e-m/nofp\libc.a(libc_a-__call_atexit.o)
 .debug_frame   0x0000125c       0x20 C:/ST/STM32CubeCLT_1.16.0/GNU-tools-for-STM32/bin/../lib/gcc/arm-none-eabi/12.3.1/../../../../arm-none-eabi/lib/thumb/v7e-m/nofp\libc.a(libc_a-atexit.o)
 .debug_frame   0x0000127c       0x38 C:/ST/STM32CubeCLT_1.16.0/GNU-tools-for-STM32/bin/../lib/gcc/arm-none-eabi/12.3.1/../../../../arm-none-eabi/lib/thumb/v7e-m/nofp\libc.a(libc_a-fini.o)
 .debug_frame   0x000012b4       0x34 C:/ST/STM32CubeCLT_1.16.0/GNU-tools-for-STM32/bin/../lib/gcc/arm-none-eabi/12.3.1/../../../../arm-none-eabi/lib/thumb/v7e-m/nofp\libc.a(libc_a-__atexit.o)

.debug_loclists
                0x00000000     0x3fdb
 .debug_loclists
                0x00000000       0xdb CMakeFiles/testcode.elf.dir/Core/Src/system_stm32f4xx.c.obj
 .debug_loclists
                0x000000db       0x5d CMakeFiles/testcode.elf.dir/Core/Src/usart.c.obj
 .debug_loclists
                0x00000138       0xc9 CMakeFiles/testcode.elf.dir/Drivers/STM32F4xx_HAL_Driver/Src/stm32f4xx_hal.c.obj
 .debug_loclists
                0x00000201      0x439 CMakeFiles/testcode.elf.dir/Drivers/STM32F4xx_HAL_Driver/Src/stm32f4xx_hal_cortex.c.obj
 .debug_loclists
                0x0000063a      0x763 CMakeFiles/testcode.elf.dir/Drivers/STM32F4xx_HAL_Driver/Src/stm32f4xx_hal_dma.c.obj
 .debug_loclists
                0x00000d9d      0x356 CMakeFiles/testcode.elf.dir/Drivers/STM32F4xx_HAL_Driver/Src/stm32f4xx_hal_gpio.c.obj
 .debug_loclists
                0x000010f3      0x14e CMakeFiles/testcode.elf.dir/Drivers/STM32F4xx_HAL_Driver/Src/stm32f4xx_hal_pwr_ex.c.obj
 .debug_loclists
                0x00001241      0x3a9 CMakeFiles/testcode.elf.dir/Drivers/STM32F4xx_HAL_Driver/Src/stm32f4xx_hal_rcc.c.obj
 .debug_loclists
                0x000015ea     0x29f1 CMakeFiles/testcode.elf.dir/Drivers/STM32F4xx_HAL_Driver/Src/stm32f4xx_hal_uart.c.obj

.debug_line_str
                0x00000000       0x99
 .debug_line_str
                0x00000000       0x99 CMakeFiles/testcode.elf.dir/Core/Startup/startup_stm32f427iihx.s.obj
